../ApplicationLayer/CenLoc/CenLoc.c:71:6:CenLoc_State	8	static
../ApplicationLayer/CenLoc/CenLoc.c:107:6:CenLoc_SecAlmStateToOff	8	static
../ApplicationLayer/CenLoc/CenLoc.c:126:6:CenLoc_FollowMeHome	8	static
../ApplicationLayer/CenLoc/CenLoc.c:152:6:CenLoc_UnlockSequence	8	static
../ApplicationLayer/CenLoc/CenLoc.c:227:6:CenLoc_LockSequence	8	static
../ApplicationLayer/CenLoc/CenLoc.c:290:6:CenLoc_ControlAlarmLed	8	static
../ApplicationLayer/CenLoc/CenLoc.c:363:6:CenLoc_LockUnlockStates	8	static
../ApplicationLayer/CenLoc/CenLoc.c:390:6:CenLoc_ToggleBuzzer	16	static
../ApplicationLayer/CenLoc/CenLoc.c:401:6:CenLoc_MainFunction	8	static
