../ApplicationLayer/CenLoc/CenLoc.c:36:15:CenLocInit	4	static
../ApplicationLayer/CenLoc/CenLoc.c:53:15:CenLocState	16	static
../ApplicationLayer/CenLoc/CenLoc.c:89:6:CenLocSecAlmStateToOff	4	static
../ApplicationLayer/CenLoc/CenLoc.c:108:6:CenLocRxBtcState	4	static
../ApplicationLayer/CenLoc/CenLoc.c:132:6:CenLocToggleDoorLED	16	static
../ApplicationLayer/CenLoc/CenLoc.c:139:6:CenLocFollowMeHome	8	static
../ApplicationLayer/CenLoc/CenLoc.c:170:6:CenLocBlinkSignals	8	static
../ApplicationLayer/CenLoc/CenLoc.c:178:15:CenLocLockUnlockStates	16	static
../ApplicationLayer/CenLoc/CenLoc.c:349:6:CenLocToggleBuzzer	16	static
../ApplicationLayer/CenLoc/CenLoc.c:356:6:CenLocMainFunction	8	static
