../CommunicationServices/Can/CanOs/CanOs.c:23:15:CanOverSpi_Init	40	static
../CommunicationServices/Can/CanOs/CanOs.c:133:15:CanOverSpi_Init_Mask	16	static
../CommunicationServices/Can/CanOs/CanOs.c:193:15:CanOverSpi_Init_Filter	16	static
../CommunicationServices/Can/CanOs/CanOs.c:280:15:CanOverSpi_Transmit	24	static
../CommunicationServices/Can/CanOs/CanOs.c:326:15:CanOverSpi_Receive	40	static
../CommunicationServices/Can/CanOs/CanOs.c:397:15:CanOverSpi_messagesInBuffer	16	static
../CommunicationServices/Can/CanOs/CanOs.c:434:15:CanOverSpi_isBussOff	16	static
../CommunicationServices/Can/CanOs/CanOs.c:458:15:CanOverSpi_isRxErrorPassive	16	static
../CommunicationServices/Can/CanOs/CanOs.c:482:15:CanOverSpi_isTxErrorPassive	16	static
../CommunicationServices/Can/CanOs/CanOs.c:507:15:CanOverSpi_ConvertRegToExtendedCanId	32	static
../CommunicationServices/Can/CanOs/CanOs.c:531:15:CanOverSpi_ConvertRegToStandardCanId	24	static
../CommunicationServices/Can/CanOs/CanOs.c:545:13:CanOverSpi_ConvertCanIdToReg	32	static
