15:10:20 **** Incremental Build of configuration Debug for project I4_BCC ****
make -j12 all 
arm-none-eabi-gcc "../RTE/RTE.c" -mcpu=cortex-m4 -std=gnu11 -g3 -DDEBUG -DUSE_HAL_DRIVER -DSTM32F411xE -DSTM32_THREAD_SAFE_STRATEGY=4 -c -I"C:/Users/Daniel/Documents/BMWI4/I4_BCC_WORKSPACE/I4_BCC/RTE" -I"C:/Users/Daniel/Documents/BMWI4/I4_BCC_WORKSPACE/I4_BCC/SystemServices/Crc" -I"C:/Users/Daniel/Documents/BMWI4/I4_BCC_WORKSPACE/I4_BCC/SystemServices/EcuM" -I"C:/Users/Daniel/Documents/BMWI4/I4_BCC_WORKSPACE/I4_BCC/ApplicationLayer/CenLoc" -I"C:/Users/Daniel/Documents/BMWI4/I4_BCC_WORKSPACE/I4_BCC/ApplicationLayer/BTC" -I"C:/Users/Daniel/Documents/BMWI4/I4_BCC_WORKSPACE/I4_BCC/CommunicationServices/I2c" -I"C:/Users/Daniel/Documents/BMWI4/I4_BCC_WORKSPACE/I4_BCC/DiagnosticServices/Dem" -I"C:/Users/Daniel/Documents/BMWI4/I4_BCC_WORKSPACE/I4_BCC/IOServices/Adc" -I"C:/Users/Daniel/Documents/BMWI4/I4_BCC_WORKSPACE/I4_BCC/IOServices/Port" -I"C:/Users/Daniel/Documents/BMWI4/I4_BCC_WORKSPACE/I4_BCC/IOServices/Pwm" -I"C:/Users/Daniel/Documents/BMWI4/I4_BCC_WORKSPACE/I4_BCC/IOServices/Spi" -I"C:/Users/Daniel/Documents/BMWI4/I4_BCC_WORKSPACE/I4_BCC/IOServices/Tim" -I"C:/Users/Daniel/Documents/BMWI4/I4_BCC_WORKSPACE/I4_BCC/MemoryServices/Fee" -I"C:/Users/Daniel/Documents/BMWI4/I4_BCC_WORKSPACE/I4_BCC/MemoryServices/NvM" -I"C:/Users/Daniel/Documents/BMWI4/I4_BCC_WORKSPACE/I4_BCC/CommunicationServices/Uart" -I"C:/Users/Daniel/Documents/BMWI4/I4_BCC_WORKSPACE/I4_BCC/DiagnosticServices/Dcm" -I"C:/Users/Daniel/Documents/BMWI4/I4_BCC_WORKSPACE/I4_BCC/ApplicationLayer/ExtLights" -I"C:/Users/Daniel/Documents/BMWI4/I4_BCC_WORKSPACE/I4_BCC/ApplicationLayer/IntLights" -I"C:/Users/Daniel/Documents/BMWI4/I4_BCC_WORKSPACE/I4_BCC/ApplicationLayer/SecAlm" -I"C:/Users/Daniel/Documents/BMWI4/I4_BCC_WORKSPACE/I4_BCC/ProjectIncludes" -I../Core/Inc -IC:/Users/Daniel/STM32Cube/Repository/STM32Cube_FW_F4_V1.27.1/Drivers/STM32F4xx_HAL_Driver/Inc -IC:/Users/Daniel/STM32Cube/Repository/STM32Cube_FW_F4_V1.27.1/Drivers/STM32F4xx_HAL_Driver/Inc/Legacy -IC:/Users/Daniel/STM32Cube/Repository/STM32Cube_FW_F4_V1.27.1/Drivers/CMSIS/Device/ST/STM32F4xx/Include -IC:/Users/Daniel/STM32Cube/Repository/STM32Cube_FW_F4_V1.27.1/Drivers/CMSIS/Include -IC:/Users/Daniel/STM32Cube/Repository/STM32Cube_FW_F4_V1.27.1/Middlewares/Third_Party/FreeRTOS/Source/include -IC:/Users/Daniel/STM32Cube/Repository/STM32Cube_FW_F4_V1.27.1/Middlewares/Third_Party/FreeRTOS/Source/CMSIS_RTOS_V2 -IC:/Users/Daniel/STM32Cube/Repository/STM32Cube_FW_F4_V1.27.1/Middlewares/Third_Party/FreeRTOS/Source/portable/GCC/ARM_CM4F -I../Core/ThreadSafe -I"C:/Users/Daniel/Documents/BMWI4/I4_BCC_WORKSPACE/I4_BCC/CommunicationServices/Can/CanOs" -I"C:/Users/Daniel/Documents/BMWI4/I4_BCC_WORKSPACE/I4_BCC/CommunicationServices/Can/Mcp2515_CanOs" -O0 -ffunction-sections -fdata-sections -Wall -fstack-usage -MMD -MP -MF"RTE/RTE.d" -MT"RTE/RTE.o" --specs=nano.specs -mfpu=fpv4-sp-d16 -mfloat-abi=hard -mthumb -o "RTE/RTE.o"
arm-none-eabi-gcc "../Core/Src/freertos.c" -mcpu=cortex-m4 -std=gnu11 -g3 -DDEBUG -DUSE_HAL_DRIVER -DSTM32F411xE -DSTM32_THREAD_SAFE_STRATEGY=4 -c -I"C:/Users/Daniel/Documents/BMWI4/I4_BCC_WORKSPACE/I4_BCC/RTE" -I"C:/Users/Daniel/Documents/BMWI4/I4_BCC_WORKSPACE/I4_BCC/SystemServices/Crc" -I"C:/Users/Daniel/Documents/BMWI4/I4_BCC_WORKSPACE/I4_BCC/SystemServices/EcuM" -I"C:/Users/Daniel/Documents/BMWI4/I4_BCC_WORKSPACE/I4_BCC/ApplicationLayer/CenLoc" -I"C:/Users/Daniel/Documents/BMWI4/I4_BCC_WORKSPACE/I4_BCC/ApplicationLayer/BTC" -I"C:/Users/Daniel/Documents/BMWI4/I4_BCC_WORKSPACE/I4_BCC/CommunicationServices/I2c" -I"C:/Users/Daniel/Documents/BMWI4/I4_BCC_WORKSPACE/I4_BCC/DiagnosticServices/Dem" -I"C:/Users/Daniel/Documents/BMWI4/I4_BCC_WORKSPACE/I4_BCC/IOServices/Adc" -I"C:/Users/Daniel/Documents/BMWI4/I4_BCC_WORKSPACE/I4_BCC/IOServices/Port" -I"C:/Users/Daniel/Documents/BMWI4/I4_BCC_WORKSPACE/I4_BCC/IOServices/Pwm" -I"C:/Users/Daniel/Documents/BMWI4/I4_BCC_WORKSPACE/I4_BCC/IOServices/Spi" -I"C:/Users/Daniel/Documents/BMWI4/I4_BCC_WORKSPACE/I4_BCC/IOServices/Tim" -I"C:/Users/Daniel/Documents/BMWI4/I4_BCC_WORKSPACE/I4_BCC/MemoryServices/Fee" -I"C:/Users/Daniel/Documents/BMWI4/I4_BCC_WORKSPACE/I4_BCC/MemoryServices/NvM" -I"C:/Users/Daniel/Documents/BMWI4/I4_BCC_WORKSPACE/I4_BCC/CommunicationServices/Uart" -I"C:/Users/Daniel/Documents/BMWI4/I4_BCC_WORKSPACE/I4_BCC/DiagnosticServices/Dcm" -I"C:/Users/Daniel/Documents/BMWI4/I4_BCC_WORKSPACE/I4_BCC/ApplicationLayer/ExtLights" -I"C:/Users/Daniel/Documents/BMWI4/I4_BCC_WORKSPACE/I4_BCC/ApplicationLayer/IntLights" -I"C:/Users/Daniel/Documents/BMWI4/I4_BCC_WORKSPACE/I4_BCC/ApplicationLayer/SecAlm" -I"C:/Users/Daniel/Documents/BMWI4/I4_BCC_WORKSPACE/I4_BCC/ProjectIncludes" -I../Core/Inc -IC:/Users/Daniel/STM32Cube/Repository/STM32Cube_FW_F4_V1.27.1/Drivers/STM32F4xx_HAL_Driver/Inc -IC:/Users/Daniel/STM32Cube/Repository/STM32Cube_FW_F4_V1.27.1/Drivers/STM32F4xx_HAL_Driver/Inc/Legacy -IC:/Users/Daniel/STM32Cube/Repository/STM32Cube_FW_F4_V1.27.1/Drivers/CMSIS/Device/ST/STM32F4xx/Include -IC:/Users/Daniel/STM32Cube/Repository/STM32Cube_FW_F4_V1.27.1/Drivers/CMSIS/Include -IC:/Users/Daniel/STM32Cube/Repository/STM32Cube_FW_F4_V1.27.1/Middlewares/Third_Party/FreeRTOS/Source/include -IC:/Users/Daniel/STM32Cube/Repository/STM32Cube_FW_F4_V1.27.1/Middlewares/Third_Party/FreeRTOS/Source/CMSIS_RTOS_V2 -IC:/Users/Daniel/STM32Cube/Repository/STM32Cube_FW_F4_V1.27.1/Middlewares/Third_Party/FreeRTOS/Source/portable/GCC/ARM_CM4F -I../Core/ThreadSafe -I"C:/Users/Daniel/Documents/BMWI4/I4_BCC_WORKSPACE/I4_BCC/CommunicationServices/Can/CanOs" -I"C:/Users/Daniel/Documents/BMWI4/I4_BCC_WORKSPACE/I4_BCC/CommunicationServices/Can/Mcp2515_CanOs" -O0 -ffunction-sections -fdata-sections -Wall -fstack-usage -MMD -MP -MF"Core/Src/freertos.d" -MT"Core/Src/freertos.o" --specs=nano.specs -mfpu=fpv4-sp-d16 -mfloat-abi=hard -mthumb -o "Core/Src/freertos.o"
arm-none-eabi-gcc "../Core/Src/main.c" -mcpu=cortex-m4 -std=gnu11 -g3 -DDEBUG -DUSE_HAL_DRIVER -DSTM32F411xE -DSTM32_THREAD_SAFE_STRATEGY=4 -c -I"C:/Users/Daniel/Documents/BMWI4/I4_BCC_WORKSPACE/I4_BCC/RTE" -I"C:/Users/Daniel/Documents/BMWI4/I4_BCC_WORKSPACE/I4_BCC/SystemServices/Crc" -I"C:/Users/Daniel/Documents/BMWI4/I4_BCC_WORKSPACE/I4_BCC/SystemServices/EcuM" -I"C:/Users/Daniel/Documents/BMWI4/I4_BCC_WORKSPACE/I4_BCC/ApplicationLayer/CenLoc" -I"C:/Users/Daniel/Documents/BMWI4/I4_BCC_WORKSPACE/I4_BCC/ApplicationLayer/BTC" -I"C:/Users/Daniel/Documents/BMWI4/I4_BCC_WORKSPACE/I4_BCC/CommunicationServices/I2c" -I"C:/Users/Daniel/Documents/BMWI4/I4_BCC_WORKSPACE/I4_BCC/DiagnosticServices/Dem" -I"C:/Users/Daniel/Documents/BMWI4/I4_BCC_WORKSPACE/I4_BCC/IOServices/Adc" -I"C:/Users/Daniel/Documents/BMWI4/I4_BCC_WORKSPACE/I4_BCC/IOServices/Port" -I"C:/Users/Daniel/Documents/BMWI4/I4_BCC_WORKSPACE/I4_BCC/IOServices/Pwm" -I"C:/Users/Daniel/Documents/BMWI4/I4_BCC_WORKSPACE/I4_BCC/IOServices/Spi" -I"C:/Users/Daniel/Documents/BMWI4/I4_BCC_WORKSPACE/I4_BCC/IOServices/Tim" -I"C:/Users/Daniel/Documents/BMWI4/I4_BCC_WORKSPACE/I4_BCC/MemoryServices/Fee" -I"C:/Users/Daniel/Documents/BMWI4/I4_BCC_WORKSPACE/I4_BCC/MemoryServices/NvM" -I"C:/Users/Daniel/Documents/BMWI4/I4_BCC_WORKSPACE/I4_BCC/CommunicationServices/Uart" -I"C:/Users/Daniel/Documents/BMWI4/I4_BCC_WORKSPACE/I4_BCC/DiagnosticServices/Dcm" -I"C:/Users/Daniel/Documents/BMWI4/I4_BCC_WORKSPACE/I4_BCC/ApplicationLayer/ExtLights" -I"C:/Users/Daniel/Documents/BMWI4/I4_BCC_WORKSPACE/I4_BCC/ApplicationLayer/IntLights" -I"C:/Users/Daniel/Documents/BMWI4/I4_BCC_WORKSPACE/I4_BCC/ApplicationLayer/SecAlm" -I"C:/Users/Daniel/Documents/BMWI4/I4_BCC_WORKSPACE/I4_BCC/ProjectIncludes" -I../Core/Inc -IC:/Users/Daniel/STM32Cube/Repository/STM32Cube_FW_F4_V1.27.1/Drivers/STM32F4xx_HAL_Driver/Inc -IC:/Users/Daniel/STM32Cube/Repository/STM32Cube_FW_F4_V1.27.1/Drivers/STM32F4xx_HAL_Driver/Inc/Legacy -IC:/Users/Daniel/STM32Cube/Repository/STM32Cube_FW_F4_V1.27.1/Drivers/CMSIS/Device/ST/STM32F4xx/Include -IC:/Users/Daniel/STM32Cube/Repository/STM32Cube_FW_F4_V1.27.1/Drivers/CMSIS/Include -IC:/Users/Daniel/STM32Cube/Repository/STM32Cube_FW_F4_V1.27.1/Middlewares/Third_Party/FreeRTOS/Source/include -IC:/Users/Daniel/STM32Cube/Repository/STM32Cube_FW_F4_V1.27.1/Middlewares/Third_Party/FreeRTOS/Source/CMSIS_RTOS_V2 -IC:/Users/Daniel/STM32Cube/Repository/STM32Cube_FW_F4_V1.27.1/Middlewares/Third_Party/FreeRTOS/Source/portable/GCC/ARM_CM4F -I../Core/ThreadSafe -I"C:/Users/Daniel/Documents/BMWI4/I4_BCC_WORKSPACE/I4_BCC/CommunicationServices/Can/CanOs" -I"C:/Users/Daniel/Documents/BMWI4/I4_BCC_WORKSPACE/I4_BCC/CommunicationServices/Can/Mcp2515_CanOs" -O0 -ffunction-sections -fdata-sections -Wall -fstack-usage -MMD -MP -MF"Core/Src/main.d" -MT"Core/Src/main.o" --specs=nano.specs -mfpu=fpv4-sp-d16 -mfloat-abi=hard -mthumb -o "Core/Src/main.o"
arm-none-eabi-gcc "../Core/Src/stm32f4xx_it.c" -mcpu=cortex-m4 -std=gnu11 -g3 -DDEBUG -DUSE_HAL_DRIVER -DSTM32F411xE -DSTM32_THREAD_SAFE_STRATEGY=4 -c -I"C:/Users/Daniel/Documents/BMWI4/I4_BCC_WORKSPACE/I4_BCC/RTE" -I"C:/Users/Daniel/Documents/BMWI4/I4_BCC_WORKSPACE/I4_BCC/SystemServices/Crc" -I"C:/Users/Daniel/Documents/BMWI4/I4_BCC_WORKSPACE/I4_BCC/SystemServices/EcuM" -I"C:/Users/Daniel/Documents/BMWI4/I4_BCC_WORKSPACE/I4_BCC/ApplicationLayer/CenLoc" -I"C:/Users/Daniel/Documents/BMWI4/I4_BCC_WORKSPACE/I4_BCC/ApplicationLayer/BTC" -I"C:/Users/Daniel/Documents/BMWI4/I4_BCC_WORKSPACE/I4_BCC/CommunicationServices/I2c" -I"C:/Users/Daniel/Documents/BMWI4/I4_BCC_WORKSPACE/I4_BCC/DiagnosticServices/Dem" -I"C:/Users/Daniel/Documents/BMWI4/I4_BCC_WORKSPACE/I4_BCC/IOServices/Adc" -I"C:/Users/Daniel/Documents/BMWI4/I4_BCC_WORKSPACE/I4_BCC/IOServices/Port" -I"C:/Users/Daniel/Documents/BMWI4/I4_BCC_WORKSPACE/I4_BCC/IOServices/Pwm" -I"C:/Users/Daniel/Documents/BMWI4/I4_BCC_WORKSPACE/I4_BCC/IOServices/Spi" -I"C:/Users/Daniel/Documents/BMWI4/I4_BCC_WORKSPACE/I4_BCC/IOServices/Tim" -I"C:/Users/Daniel/Documents/BMWI4/I4_BCC_WORKSPACE/I4_BCC/MemoryServices/Fee" -I"C:/Users/Daniel/Documents/BMWI4/I4_BCC_WORKSPACE/I4_BCC/MemoryServices/NvM" -I"C:/Users/Daniel/Documents/BMWI4/I4_BCC_WORKSPACE/I4_BCC/CommunicationServices/Uart" -I"C:/Users/Daniel/Documents/BMWI4/I4_BCC_WORKSPACE/I4_BCC/DiagnosticServices/Dcm" -I"C:/Users/Daniel/Documents/BMWI4/I4_BCC_WORKSPACE/I4_BCC/ApplicationLayer/ExtLights" -I"C:/Users/Daniel/Documents/BMWI4/I4_BCC_WORKSPACE/I4_BCC/ApplicationLayer/IntLights" -I"C:/Users/Daniel/Documents/BMWI4/I4_BCC_WORKSPACE/I4_BCC/ApplicationLayer/SecAlm" -I"C:/Users/Daniel/Documents/BMWI4/I4_BCC_WORKSPACE/I4_BCC/ProjectIncludes" -I../Core/Inc -IC:/Users/Daniel/STM32Cube/Repository/STM32Cube_FW_F4_V1.27.1/Drivers/STM32F4xx_HAL_Driver/Inc -IC:/Users/Daniel/STM32Cube/Repository/STM32Cube_FW_F4_V1.27.1/Drivers/STM32F4xx_HAL_Driver/Inc/Legacy -IC:/Users/Daniel/STM32Cube/Repository/STM32Cube_FW_F4_V1.27.1/Drivers/CMSIS/Device/ST/STM32F4xx/Include -IC:/Users/Daniel/STM32Cube/Repository/STM32Cube_FW_F4_V1.27.1/Drivers/CMSIS/Include -IC:/Users/Daniel/STM32Cube/Repository/STM32Cube_FW_F4_V1.27.1/Middlewares/Third_Party/FreeRTOS/Source/include -IC:/Users/Daniel/STM32Cube/Repository/STM32Cube_FW_F4_V1.27.1/Middlewares/Third_Party/FreeRTOS/Source/CMSIS_RTOS_V2 -IC:/Users/Daniel/STM32Cube/Repository/STM32Cube_FW_F4_V1.27.1/Middlewares/Third_Party/FreeRTOS/Source/portable/GCC/ARM_CM4F -I../Core/ThreadSafe -I"C:/Users/Daniel/Documents/BMWI4/I4_BCC_WORKSPACE/I4_BCC/CommunicationServices/Can/CanOs" -I"C:/Users/Daniel/Documents/BMWI4/I4_BCC_WORKSPACE/I4_BCC/CommunicationServices/Can/Mcp2515_CanOs" -O0 -ffunction-sections -fdata-sections -Wall -fstack-usage -MMD -MP -MF"Core/Src/stm32f4xx_it.d" -MT"Core/Src/stm32f4xx_it.o" --specs=nano.specs -mfpu=fpv4-sp-d16 -mfloat-abi=hard -mthumb -o "Core/Src/stm32f4xx_it.o"
arm-none-eabi-gcc "../Core/Src/usart.c" -mcpu=cortex-m4 -std=gnu11 -g3 -DDEBUG -DUSE_HAL_DRIVER -DSTM32F411xE -DSTM32_THREAD_SAFE_STRATEGY=4 -c -I"C:/Users/Daniel/Documents/BMWI4/I4_BCC_WORKSPACE/I4_BCC/RTE" -I"C:/Users/Daniel/Documents/BMWI4/I4_BCC_WORKSPACE/I4_BCC/SystemServices/Crc" -I"C:/Users/Daniel/Documents/BMWI4/I4_BCC_WORKSPACE/I4_BCC/SystemServices/EcuM" -I"C:/Users/Daniel/Documents/BMWI4/I4_BCC_WORKSPACE/I4_BCC/ApplicationLayer/CenLoc" -I"C:/Users/Daniel/Documents/BMWI4/I4_BCC_WORKSPACE/I4_BCC/ApplicationLayer/BTC" -I"C:/Users/Daniel/Documents/BMWI4/I4_BCC_WORKSPACE/I4_BCC/CommunicationServices/I2c" -I"C:/Users/Daniel/Documents/BMWI4/I4_BCC_WORKSPACE/I4_BCC/DiagnosticServices/Dem" -I"C:/Users/Daniel/Documents/BMWI4/I4_BCC_WORKSPACE/I4_BCC/IOServices/Adc" -I"C:/Users/Daniel/Documents/BMWI4/I4_BCC_WORKSPACE/I4_BCC/IOServices/Port" -I"C:/Users/Daniel/Documents/BMWI4/I4_BCC_WORKSPACE/I4_BCC/IOServices/Pwm" -I"C:/Users/Daniel/Documents/BMWI4/I4_BCC_WORKSPACE/I4_BCC/IOServices/Spi" -I"C:/Users/Daniel/Documents/BMWI4/I4_BCC_WORKSPACE/I4_BCC/IOServices/Tim" -I"C:/Users/Daniel/Documents/BMWI4/I4_BCC_WORKSPACE/I4_BCC/MemoryServices/Fee" -I"C:/Users/Daniel/Documents/BMWI4/I4_BCC_WORKSPACE/I4_BCC/MemoryServices/NvM" -I"C:/Users/Daniel/Documents/BMWI4/I4_BCC_WORKSPACE/I4_BCC/CommunicationServices/Uart" -I"C:/Users/Daniel/Documents/BMWI4/I4_BCC_WORKSPACE/I4_BCC/DiagnosticServices/Dcm" -I"C:/Users/Daniel/Documents/BMWI4/I4_BCC_WORKSPACE/I4_BCC/ApplicationLayer/ExtLights" -I"C:/Users/Daniel/Documents/BMWI4/I4_BCC_WORKSPACE/I4_BCC/ApplicationLayer/IntLights" -I"C:/Users/Daniel/Documents/BMWI4/I4_BCC_WORKSPACE/I4_BCC/ApplicationLayer/SecAlm" -I"C:/Users/Daniel/Documents/BMWI4/I4_BCC_WORKSPACE/I4_BCC/ProjectIncludes" -I../Core/Inc -IC:/Users/Daniel/STM32Cube/Repository/STM32Cube_FW_F4_V1.27.1/Drivers/STM32F4xx_HAL_Driver/Inc -IC:/Users/Daniel/STM32Cube/Repository/STM32Cube_FW_F4_V1.27.1/Drivers/STM32F4xx_HAL_Driver/Inc/Legacy -IC:/Users/Daniel/STM32Cube/Repository/STM32Cube_FW_F4_V1.27.1/Drivers/CMSIS/Device/ST/STM32F4xx/Include -IC:/Users/Daniel/STM32Cube/Repository/STM32Cube_FW_F4_V1.27.1/Drivers/CMSIS/Include -IC:/Users/Daniel/STM32Cube/Repository/STM32Cube_FW_F4_V1.27.1/Middlewares/Third_Party/FreeRTOS/Source/include -IC:/Users/Daniel/STM32Cube/Repository/STM32Cube_FW_F4_V1.27.1/Middlewares/Third_Party/FreeRTOS/Source/CMSIS_RTOS_V2 -IC:/Users/Daniel/STM32Cube/Repository/STM32Cube_FW_F4_V1.27.1/Middlewares/Third_Party/FreeRTOS/Source/portable/GCC/ARM_CM4F -I../Core/ThreadSafe -I"C:/Users/Daniel/Documents/BMWI4/I4_BCC_WORKSPACE/I4_BCC/CommunicationServices/Can/CanOs" -I"C:/Users/Daniel/Documents/BMWI4/I4_BCC_WORKSPACE/I4_BCC/CommunicationServices/Can/Mcp2515_CanOs" -O0 -ffunction-sections -fdata-sections -Wall -fstack-usage -MMD -MP -MF"Core/Src/usart.d" -MT"Core/Src/usart.o" --specs=nano.specs -mfpu=fpv4-sp-d16 -mfloat-abi=hard -mthumb -o "Core/Src/usart.o"
arm-none-eabi-gcc "../ApplicationLayer/SecAlm/SecAlm.c" -mcpu=cortex-m4 -std=gnu11 -g3 -DDEBUG -DUSE_HAL_DRIVER -DSTM32F411xE -DSTM32_THREAD_SAFE_STRATEGY=4 -c -I"C:/Users/Daniel/Documents/BMWI4/I4_BCC_WORKSPACE/I4_BCC/RTE" -I"C:/Users/Daniel/Documents/BMWI4/I4_BCC_WORKSPACE/I4_BCC/SystemServices/Crc" -I"C:/Users/Daniel/Documents/BMWI4/I4_BCC_WORKSPACE/I4_BCC/SystemServices/EcuM" -I"C:/Users/Daniel/Documents/BMWI4/I4_BCC_WORKSPACE/I4_BCC/ApplicationLayer/CenLoc" -I"C:/Users/Daniel/Documents/BMWI4/I4_BCC_WORKSPACE/I4_BCC/ApplicationLayer/BTC" -I"C:/Users/Daniel/Documents/BMWI4/I4_BCC_WORKSPACE/I4_BCC/CommunicationServices/I2c" -I"C:/Users/Daniel/Documents/BMWI4/I4_BCC_WORKSPACE/I4_BCC/DiagnosticServices/Dem" -I"C:/Users/Daniel/Documents/BMWI4/I4_BCC_WORKSPACE/I4_BCC/IOServices/Adc" -I"C:/Users/Daniel/Documents/BMWI4/I4_BCC_WORKSPACE/I4_BCC/IOServices/Port" -I"C:/Users/Daniel/Documents/BMWI4/I4_BCC_WORKSPACE/I4_BCC/IOServices/Pwm" -I"C:/Users/Daniel/Documents/BMWI4/I4_BCC_WORKSPACE/I4_BCC/IOServices/Spi" -I"C:/Users/Daniel/Documents/BMWI4/I4_BCC_WORKSPACE/I4_BCC/IOServices/Tim" -I"C:/Users/Daniel/Documents/BMWI4/I4_BCC_WORKSPACE/I4_BCC/MemoryServices/Fee" -I"C:/Users/Daniel/Documents/BMWI4/I4_BCC_WORKSPACE/I4_BCC/MemoryServices/NvM" -I"C:/Users/Daniel/Documents/BMWI4/I4_BCC_WORKSPACE/I4_BCC/CommunicationServices/Uart" -I"C:/Users/Daniel/Documents/BMWI4/I4_BCC_WORKSPACE/I4_BCC/DiagnosticServices/Dcm" -I"C:/Users/Daniel/Documents/BMWI4/I4_BCC_WORKSPACE/I4_BCC/ApplicationLayer/ExtLights" -I"C:/Users/Daniel/Documents/BMWI4/I4_BCC_WORKSPACE/I4_BCC/ApplicationLayer/IntLights" -I"C:/Users/Daniel/Documents/BMWI4/I4_BCC_WORKSPACE/I4_BCC/ApplicationLayer/SecAlm" -I"C:/Users/Daniel/Documents/BMWI4/I4_BCC_WORKSPACE/I4_BCC/ProjectIncludes" -I../Core/Inc -IC:/Users/Daniel/STM32Cube/Repository/STM32Cube_FW_F4_V1.27.1/Drivers/STM32F4xx_HAL_Driver/Inc -IC:/Users/Daniel/STM32Cube/Repository/STM32Cube_FW_F4_V1.27.1/Drivers/STM32F4xx_HAL_Driver/Inc/Legacy -IC:/Users/Daniel/STM32Cube/Repository/STM32Cube_FW_F4_V1.27.1/Drivers/CMSIS/Device/ST/STM32F4xx/Include -IC:/Users/Daniel/STM32Cube/Repository/STM32Cube_FW_F4_V1.27.1/Drivers/CMSIS/Include -IC:/Users/Daniel/STM32Cube/Repository/STM32Cube_FW_F4_V1.27.1/Middlewares/Third_Party/FreeRTOS/Source/include -IC:/Users/Daniel/STM32Cube/Repository/STM32Cube_FW_F4_V1.27.1/Middlewares/Third_Party/FreeRTOS/Source/CMSIS_RTOS_V2 -IC:/Users/Daniel/STM32Cube/Repository/STM32Cube_FW_F4_V1.27.1/Middlewares/Third_Party/FreeRTOS/Source/portable/GCC/ARM_CM4F -I../Core/ThreadSafe -I"C:/Users/Daniel/Documents/BMWI4/I4_BCC_WORKSPACE/I4_BCC/CommunicationServices/Can/CanOs" -I"C:/Users/Daniel/Documents/BMWI4/I4_BCC_WORKSPACE/I4_BCC/CommunicationServices/Can/Mcp2515_CanOs" -O0 -ffunction-sections -fdata-sections -Wall -fstack-usage -MMD -MP -MF"ApplicationLayer/SecAlm/SecAlm.d" -MT"ApplicationLayer/SecAlm/SecAlm.o" --specs=nano.specs -mfpu=fpv4-sp-d16 -mfloat-abi=hard -mthumb -o "ApplicationLayer/SecAlm/SecAlm.o"
arm-none-eabi-gcc "../ApplicationLayer/IntLights/IntLights.c" -mcpu=cortex-m4 -std=gnu11 -g3 -DDEBUG -DUSE_HAL_DRIVER -DSTM32F411xE -DSTM32_THREAD_SAFE_STRATEGY=4 -c -I"C:/Users/Daniel/Documents/BMWI4/I4_BCC_WORKSPACE/I4_BCC/RTE" -I"C:/Users/Daniel/Documents/BMWI4/I4_BCC_WORKSPACE/I4_BCC/SystemServices/Crc" -I"C:/Users/Daniel/Documents/BMWI4/I4_BCC_WORKSPACE/I4_BCC/SystemServices/EcuM" -I"C:/Users/Daniel/Documents/BMWI4/I4_BCC_WORKSPACE/I4_BCC/ApplicationLayer/CenLoc" -I"C:/Users/Daniel/Documents/BMWI4/I4_BCC_WORKSPACE/I4_BCC/ApplicationLayer/BTC" -I"C:/Users/Daniel/Documents/BMWI4/I4_BCC_WORKSPACE/I4_BCC/CommunicationServices/I2c" -I"C:/Users/Daniel/Documents/BMWI4/I4_BCC_WORKSPACE/I4_BCC/DiagnosticServices/Dem" -I"C:/Users/Daniel/Documents/BMWI4/I4_BCC_WORKSPACE/I4_BCC/IOServices/Adc" -I"C:/Users/Daniel/Documents/BMWI4/I4_BCC_WORKSPACE/I4_BCC/IOServices/Port" -I"C:/Users/Daniel/Documents/BMWI4/I4_BCC_WORKSPACE/I4_BCC/IOServices/Pwm" -I"C:/Users/Daniel/Documents/BMWI4/I4_BCC_WORKSPACE/I4_BCC/IOServices/Spi" -I"C:/Users/Daniel/Documents/BMWI4/I4_BCC_WORKSPACE/I4_BCC/IOServices/Tim" -I"C:/Users/Daniel/Documents/BMWI4/I4_BCC_WORKSPACE/I4_BCC/MemoryServices/Fee" -I"C:/Users/Daniel/Documents/BMWI4/I4_BCC_WORKSPACE/I4_BCC/MemoryServices/NvM" -I"C:/Users/Daniel/Documents/BMWI4/I4_BCC_WORKSPACE/I4_BCC/CommunicationServices/Uart" -I"C:/Users/Daniel/Documents/BMWI4/I4_BCC_WORKSPACE/I4_BCC/DiagnosticServices/Dcm" -I"C:/Users/Daniel/Documents/BMWI4/I4_BCC_WORKSPACE/I4_BCC/ApplicationLayer/ExtLights" -I"C:/Users/Daniel/Documents/BMWI4/I4_BCC_WORKSPACE/I4_BCC/ApplicationLayer/IntLights" -I"C:/Users/Daniel/Documents/BMWI4/I4_BCC_WORKSPACE/I4_BCC/ApplicationLayer/SecAlm" -I"C:/Users/Daniel/Documents/BMWI4/I4_BCC_WORKSPACE/I4_BCC/ProjectIncludes" -I../Core/Inc -IC:/Users/Daniel/STM32Cube/Repository/STM32Cube_FW_F4_V1.27.1/Drivers/STM32F4xx_HAL_Driver/Inc -IC:/Users/Daniel/STM32Cube/Repository/STM32Cube_FW_F4_V1.27.1/Drivers/STM32F4xx_HAL_Driver/Inc/Legacy -IC:/Users/Daniel/STM32Cube/Repository/STM32Cube_FW_F4_V1.27.1/Drivers/CMSIS/Device/ST/STM32F4xx/Include -IC:/Users/Daniel/STM32Cube/Repository/STM32Cube_FW_F4_V1.27.1/Drivers/CMSIS/Include -IC:/Users/Daniel/STM32Cube/Repository/STM32Cube_FW_F4_V1.27.1/Middlewares/Third_Party/FreeRTOS/Source/include -IC:/Users/Daniel/STM32Cube/Repository/STM32Cube_FW_F4_V1.27.1/Middlewares/Third_Party/FreeRTOS/Source/CMSIS_RTOS_V2 -IC:/Users/Daniel/STM32Cube/Repository/STM32Cube_FW_F4_V1.27.1/Middlewares/Third_Party/FreeRTOS/Source/portable/GCC/ARM_CM4F -I../Core/ThreadSafe -I"C:/Users/Daniel/Documents/BMWI4/I4_BCC_WORKSPACE/I4_BCC/CommunicationServices/Can/CanOs" -I"C:/Users/Daniel/Documents/BMWI4/I4_BCC_WORKSPACE/I4_BCC/CommunicationServices/Can/Mcp2515_CanOs" -O0 -ffunction-sections -fdata-sections -Wall -fstack-usage -MMD -MP -MF"ApplicationLayer/IntLights/IntLights.d" -MT"ApplicationLayer/IntLights/IntLights.o" --specs=nano.specs -mfpu=fpv4-sp-d16 -mfloat-abi=hard -mthumb -o "ApplicationLayer/IntLights/IntLights.o"
arm-none-eabi-gcc "../ApplicationLayer/ExtLights/ExtLights.c" -mcpu=cortex-m4 -std=gnu11 -g3 -DDEBUG -DUSE_HAL_DRIVER -DSTM32F411xE -DSTM32_THREAD_SAFE_STRATEGY=4 -c -I"C:/Users/Daniel/Documents/BMWI4/I4_BCC_WORKSPACE/I4_BCC/RTE" -I"C:/Users/Daniel/Documents/BMWI4/I4_BCC_WORKSPACE/I4_BCC/SystemServices/Crc" -I"C:/Users/Daniel/Documents/BMWI4/I4_BCC_WORKSPACE/I4_BCC/SystemServices/EcuM" -I"C:/Users/Daniel/Documents/BMWI4/I4_BCC_WORKSPACE/I4_BCC/ApplicationLayer/CenLoc" -I"C:/Users/Daniel/Documents/BMWI4/I4_BCC_WORKSPACE/I4_BCC/ApplicationLayer/BTC" -I"C:/Users/Daniel/Documents/BMWI4/I4_BCC_WORKSPACE/I4_BCC/CommunicationServices/I2c" -I"C:/Users/Daniel/Documents/BMWI4/I4_BCC_WORKSPACE/I4_BCC/DiagnosticServices/Dem" -I"C:/Users/Daniel/Documents/BMWI4/I4_BCC_WORKSPACE/I4_BCC/IOServices/Adc" -I"C:/Users/Daniel/Documents/BMWI4/I4_BCC_WORKSPACE/I4_BCC/IOServices/Port" -I"C:/Users/Daniel/Documents/BMWI4/I4_BCC_WORKSPACE/I4_BCC/IOServices/Pwm" -I"C:/Users/Daniel/Documents/BMWI4/I4_BCC_WORKSPACE/I4_BCC/IOServices/Spi" -I"C:/Users/Daniel/Documents/BMWI4/I4_BCC_WORKSPACE/I4_BCC/IOServices/Tim" -I"C:/Users/Daniel/Documents/BMWI4/I4_BCC_WORKSPACE/I4_BCC/MemoryServices/Fee" -I"C:/Users/Daniel/Documents/BMWI4/I4_BCC_WORKSPACE/I4_BCC/MemoryServices/NvM" -I"C:/Users/Daniel/Documents/BMWI4/I4_BCC_WORKSPACE/I4_BCC/CommunicationServices/Uart" -I"C:/Users/Daniel/Documents/BMWI4/I4_BCC_WORKSPACE/I4_BCC/DiagnosticServices/Dcm" -I"C:/Users/Daniel/Documents/BMWI4/I4_BCC_WORKSPACE/I4_BCC/ApplicationLayer/ExtLights" -I"C:/Users/Daniel/Documents/BMWI4/I4_BCC_WORKSPACE/I4_BCC/ApplicationLayer/IntLights" -I"C:/Users/Daniel/Documents/BMWI4/I4_BCC_WORKSPACE/I4_BCC/ApplicationLayer/SecAlm" -I"C:/Users/Daniel/Documents/BMWI4/I4_BCC_WORKSPACE/I4_BCC/ProjectIncludes" -I../Core/Inc -IC:/Users/Daniel/STM32Cube/Repository/STM32Cube_FW_F4_V1.27.1/Drivers/STM32F4xx_HAL_Driver/Inc -IC:/Users/Daniel/STM32Cube/Repository/STM32Cube_FW_F4_V1.27.1/Drivers/STM32F4xx_HAL_Driver/Inc/Legacy -IC:/Users/Daniel/STM32Cube/Repository/STM32Cube_FW_F4_V1.27.1/Drivers/CMSIS/Device/ST/STM32F4xx/Include -IC:/Users/Daniel/STM32Cube/Repository/STM32Cube_FW_F4_V1.27.1/Drivers/CMSIS/Include -IC:/Users/Daniel/STM32Cube/Repository/STM32Cube_FW_F4_V1.27.1/Middlewares/Third_Party/FreeRTOS/Source/include -IC:/Users/Daniel/STM32Cube/Repository/STM32Cube_FW_F4_V1.27.1/Middlewares/Third_Party/FreeRTOS/Source/CMSIS_RTOS_V2 -IC:/Users/Daniel/STM32Cube/Repository/STM32Cube_FW_F4_V1.27.1/Middlewares/Third_Party/FreeRTOS/Source/portable/GCC/ARM_CM4F -I../Core/ThreadSafe -I"C:/Users/Daniel/Documents/BMWI4/I4_BCC_WORKSPACE/I4_BCC/CommunicationServices/Can/CanOs" -I"C:/Users/Daniel/Documents/BMWI4/I4_BCC_WORKSPACE/I4_BCC/CommunicationServices/Can/Mcp2515_CanOs" -O0 -ffunction-sections -fdata-sections -Wall -fstack-usage -MMD -MP -MF"ApplicationLayer/ExtLights/ExtLights.d" -MT"ApplicationLayer/ExtLights/ExtLights.o" --specs=nano.specs -mfpu=fpv4-sp-d16 -mfloat-abi=hard -mthumb -o "ApplicationLayer/ExtLights/ExtLights.o"
arm-none-eabi-gcc "../ApplicationLayer/CenLoc/CenLoc.c" -mcpu=cortex-m4 -std=gnu11 -g3 -DDEBUG -DUSE_HAL_DRIVER -DSTM32F411xE -DSTM32_THREAD_SAFE_STRATEGY=4 -c -I"C:/Users/Daniel/Documents/BMWI4/I4_BCC_WORKSPACE/I4_BCC/RTE" -I"C:/Users/Daniel/Documents/BMWI4/I4_BCC_WORKSPACE/I4_BCC/SystemServices/Crc" -I"C:/Users/Daniel/Documents/BMWI4/I4_BCC_WORKSPACE/I4_BCC/SystemServices/EcuM" -I"C:/Users/Daniel/Documents/BMWI4/I4_BCC_WORKSPACE/I4_BCC/ApplicationLayer/CenLoc" -I"C:/Users/Daniel/Documents/BMWI4/I4_BCC_WORKSPACE/I4_BCC/ApplicationLayer/BTC" -I"C:/Users/Daniel/Documents/BMWI4/I4_BCC_WORKSPACE/I4_BCC/CommunicationServices/I2c" -I"C:/Users/Daniel/Documents/BMWI4/I4_BCC_WORKSPACE/I4_BCC/DiagnosticServices/Dem" -I"C:/Users/Daniel/Documents/BMWI4/I4_BCC_WORKSPACE/I4_BCC/IOServices/Adc" -I"C:/Users/Daniel/Documents/BMWI4/I4_BCC_WORKSPACE/I4_BCC/IOServices/Port" -I"C:/Users/Daniel/Documents/BMWI4/I4_BCC_WORKSPACE/I4_BCC/IOServices/Pwm" -I"C:/Users/Daniel/Documents/BMWI4/I4_BCC_WORKSPACE/I4_BCC/IOServices/Spi" -I"C:/Users/Daniel/Documents/BMWI4/I4_BCC_WORKSPACE/I4_BCC/IOServices/Tim" -I"C:/Users/Daniel/Documents/BMWI4/I4_BCC_WORKSPACE/I4_BCC/MemoryServices/Fee" -I"C:/Users/Daniel/Documents/BMWI4/I4_BCC_WORKSPACE/I4_BCC/MemoryServices/NvM" -I"C:/Users/Daniel/Documents/BMWI4/I4_BCC_WORKSPACE/I4_BCC/CommunicationServices/Uart" -I"C:/Users/Daniel/Documents/BMWI4/I4_BCC_WORKSPACE/I4_BCC/DiagnosticServices/Dcm" -I"C:/Users/Daniel/Documents/BMWI4/I4_BCC_WORKSPACE/I4_BCC/ApplicationLayer/ExtLights" -I"C:/Users/Daniel/Documents/BMWI4/I4_BCC_WORKSPACE/I4_BCC/ApplicationLayer/IntLights" -I"C:/Users/Daniel/Documents/BMWI4/I4_BCC_WORKSPACE/I4_BCC/ApplicationLayer/SecAlm" -I"C:/Users/Daniel/Documents/BMWI4/I4_BCC_WORKSPACE/I4_BCC/ProjectIncludes" -I../Core/Inc -IC:/Users/Daniel/STM32Cube/Repository/STM32Cube_FW_F4_V1.27.1/Drivers/STM32F4xx_HAL_Driver/Inc -IC:/Users/Daniel/STM32Cube/Repository/STM32Cube_FW_F4_V1.27.1/Drivers/STM32F4xx_HAL_Driver/Inc/Legacy -IC:/Users/Daniel/STM32Cube/Repository/STM32Cube_FW_F4_V1.27.1/Drivers/CMSIS/Device/ST/STM32F4xx/Include -IC:/Users/Daniel/STM32Cube/Repository/STM32Cube_FW_F4_V1.27.1/Drivers/CMSIS/Include -IC:/Users/Daniel/STM32Cube/Repository/STM32Cube_FW_F4_V1.27.1/Middlewares/Third_Party/FreeRTOS/Source/include -IC:/Users/Daniel/STM32Cube/Repository/STM32Cube_FW_F4_V1.27.1/Middlewares/Third_Party/FreeRTOS/Source/CMSIS_RTOS_V2 -IC:/Users/Daniel/STM32Cube/Repository/STM32Cube_FW_F4_V1.27.1/Middlewares/Third_Party/FreeRTOS/Source/portable/GCC/ARM_CM4F -I../Core/ThreadSafe -I"C:/Users/Daniel/Documents/BMWI4/I4_BCC_WORKSPACE/I4_BCC/CommunicationServices/Can/CanOs" -I"C:/Users/Daniel/Documents/BMWI4/I4_BCC_WORKSPACE/I4_BCC/CommunicationServices/Can/Mcp2515_CanOs" -O0 -ffunction-sections -fdata-sections -Wall -fstack-usage -MMD -MP -MF"ApplicationLayer/CenLoc/CenLoc.d" -MT"ApplicationLayer/CenLoc/CenLoc.o" --specs=nano.specs -mfpu=fpv4-sp-d16 -mfloat-abi=hard -mthumb -o "ApplicationLayer/CenLoc/CenLoc.o"
arm-none-eabi-gcc "../ApplicationLayer/BTC/BTC.c" -mcpu=cortex-m4 -std=gnu11 -g3 -DDEBUG -DUSE_HAL_DRIVER -DSTM32F411xE -DSTM32_THREAD_SAFE_STRATEGY=4 -c -I"C:/Users/Daniel/Documents/BMWI4/I4_BCC_WORKSPACE/I4_BCC/RTE" -I"C:/Users/Daniel/Documents/BMWI4/I4_BCC_WORKSPACE/I4_BCC/SystemServices/Crc" -I"C:/Users/Daniel/Documents/BMWI4/I4_BCC_WORKSPACE/I4_BCC/SystemServices/EcuM" -I"C:/Users/Daniel/Documents/BMWI4/I4_BCC_WORKSPACE/I4_BCC/ApplicationLayer/CenLoc" -I"C:/Users/Daniel/Documents/BMWI4/I4_BCC_WORKSPACE/I4_BCC/ApplicationLayer/BTC" -I"C:/Users/Daniel/Documents/BMWI4/I4_BCC_WORKSPACE/I4_BCC/CommunicationServices/I2c" -I"C:/Users/Daniel/Documents/BMWI4/I4_BCC_WORKSPACE/I4_BCC/DiagnosticServices/Dem" -I"C:/Users/Daniel/Documents/BMWI4/I4_BCC_WORKSPACE/I4_BCC/IOServices/Adc" -I"C:/Users/Daniel/Documents/BMWI4/I4_BCC_WORKSPACE/I4_BCC/IOServices/Port" -I"C:/Users/Daniel/Documents/BMWI4/I4_BCC_WORKSPACE/I4_BCC/IOServices/Pwm" -I"C:/Users/Daniel/Documents/BMWI4/I4_BCC_WORKSPACE/I4_BCC/IOServices/Spi" -I"C:/Users/Daniel/Documents/BMWI4/I4_BCC_WORKSPACE/I4_BCC/IOServices/Tim" -I"C:/Users/Daniel/Documents/BMWI4/I4_BCC_WORKSPACE/I4_BCC/MemoryServices/Fee" -I"C:/Users/Daniel/Documents/BMWI4/I4_BCC_WORKSPACE/I4_BCC/MemoryServices/NvM" -I"C:/Users/Daniel/Documents/BMWI4/I4_BCC_WORKSPACE/I4_BCC/CommunicationServices/Uart" -I"C:/Users/Daniel/Documents/BMWI4/I4_BCC_WORKSPACE/I4_BCC/DiagnosticServices/Dcm" -I"C:/Users/Daniel/Documents/BMWI4/I4_BCC_WORKSPACE/I4_BCC/ApplicationLayer/ExtLights" -I"C:/Users/Daniel/Documents/BMWI4/I4_BCC_WORKSPACE/I4_BCC/ApplicationLayer/IntLights" -I"C:/Users/Daniel/Documents/BMWI4/I4_BCC_WORKSPACE/I4_BCC/ApplicationLayer/SecAlm" -I"C:/Users/Daniel/Documents/BMWI4/I4_BCC_WORKSPACE/I4_BCC/ProjectIncludes" -I../Core/Inc -IC:/Users/Daniel/STM32Cube/Repository/STM32Cube_FW_F4_V1.27.1/Drivers/STM32F4xx_HAL_Driver/Inc -IC:/Users/Daniel/STM32Cube/Repository/STM32Cube_FW_F4_V1.27.1/Drivers/STM32F4xx_HAL_Driver/Inc/Legacy -IC:/Users/Daniel/STM32Cube/Repository/STM32Cube_FW_F4_V1.27.1/Drivers/CMSIS/Device/ST/STM32F4xx/Include -IC:/Users/Daniel/STM32Cube/Repository/STM32Cube_FW_F4_V1.27.1/Drivers/CMSIS/Include -IC:/Users/Daniel/STM32Cube/Repository/STM32Cube_FW_F4_V1.27.1/Middlewares/Third_Party/FreeRTOS/Source/include -IC:/Users/Daniel/STM32Cube/Repository/STM32Cube_FW_F4_V1.27.1/Middlewares/Third_Party/FreeRTOS/Source/CMSIS_RTOS_V2 -IC:/Users/Daniel/STM32Cube/Repository/STM32Cube_FW_F4_V1.27.1/Middlewares/Third_Party/FreeRTOS/Source/portable/GCC/ARM_CM4F -I../Core/ThreadSafe -I"C:/Users/Daniel/Documents/BMWI4/I4_BCC_WORKSPACE/I4_BCC/CommunicationServices/Can/CanOs" -I"C:/Users/Daniel/Documents/BMWI4/I4_BCC_WORKSPACE/I4_BCC/CommunicationServices/Can/Mcp2515_CanOs" -O0 -ffunction-sections -fdata-sections -Wall -fstack-usage -MMD -MP -MF"ApplicationLayer/BTC/BTC.d" -MT"ApplicationLayer/BTC/BTC.o" --specs=nano.specs -mfpu=fpv4-sp-d16 -mfloat-abi=hard -mthumb -o "ApplicationLayer/BTC/BTC.o"
arm-none-eabi-gcc -o "I4_BCC.elf" @"objects.list"   -mcpu=cortex-m4 -T"C:\Users\Daniel\Documents\BMWI4\I4_BCC_WORKSPACE\I4_BCC\STM32F411RETX_FLASH.ld" --specs=nosys.specs -Wl,-Map="I4_BCC.map" -Wl,--gc-sections -static --specs=nano.specs -mfpu=fpv4-sp-d16 -mfloat-abi=hard -mthumb -Wl,--start-group -lc -lm -Wl,--end-group
Finished building target: I4_BCC.elf
 
arm-none-eabi-size   I4_BCC.elf 
arm-none-eabi-objdump -h -S  I4_BCC.elf  > "I4_BCC.list"
   text	   data	    bss	    dec	    hex	filename
  72236	    128	  23712	  96076	  1774c	I4_BCC.elf
Finished building: default.size.stdout
 
Finished building: I4_BCC.list
 
15:10:23 **** Incremental Build of configuration Debug for project I4_BCC ****
make -j12 all 
arm-none-eabi-size   I4_BCC.elf 
   text	   data	    bss	    dec	    hex	filename
  72236	    128	  23712	  96076	  1774c	I4_BCC.elf
Finished building: default.size.stdout
 
