10:40:46 **** Incremental Build of configuration Debug for project I4_BCC ****
make -j8 all 
arm-none-eabi-gcc "../ApplicationLayer/ExtLights/ExtLights.c" -mcpu=cortex-m4 -std=gnu11 -g3 -DDEBUG -DUSE_HAL_DRIVER -DSTM32F411xE -c -I"C:/Users/Daniel/Desktop/BMWI4_REPOSITORY/I4_BCC_WORKSPACE/I4_BCC/ApplicationLayer/CenLoc" -I"C:/Users/Daniel/Desktop/BMWI4_REPOSITORY/I4_BCC_WORKSPACE/I4_BCC/ApplicationLayer/ExtLights" -I"C:/Users/Daniel/Desktop/BMWI4_REPOSITORY/I4_BCC_WORKSPACE/I4_BCC/ApplicationLayer/IntLights" -I"C:/Users/Daniel/Desktop/BMWI4_REPOSITORY/I4_BCC_WORKSPACE/I4_BCC/ApplicationLayer/SecAlm" -I"C:/Users/Daniel/Desktop/BMWI4_REPOSITORY/I4_BCC_WORKSPACE/I4_BCC/ProjectIncludes" -I../Core/Inc -IC:/Users/Daniel/STM32Cube/Repository/STM32Cube_FW_F4_V1.27.1/Drivers/STM32F4xx_HAL_Driver/Inc -IC:/Users/Daniel/STM32Cube/Repository/STM32Cube_FW_F4_V1.27.1/Drivers/STM32F4xx_HAL_Driver/Inc/Legacy -IC:/Users/Daniel/STM32Cube/Repository/STM32Cube_FW_F4_V1.27.1/Drivers/CMSIS/Device/ST/STM32F4xx/Include -IC:/Users/Daniel/STM32Cube/Repository/STM32Cube_FW_F4_V1.27.1/Drivers/CMSIS/Include -O0 -ffunction-sections -fdata-sections -Wall -fstack-usage -MMD -MP -MF"ApplicationLayer/ExtLights/ExtLights.d" -MT"ApplicationLayer/ExtLights/ExtLights.o" --specs=nano.specs -mfpu=fpv4-sp-d16 -mfloat-abi=hard -mthumb -o "ApplicationLayer/ExtLights/ExtLights.o"
arm-none-eabi-gcc -o "I4_BCC.elf" @"objects.list"   -mcpu=cortex-m4 -T"C:\Users\Daniel\Desktop\BMWI4_REPOSITORY\I4_BCC_WORKSPACE\I4_BCC\STM32F411RETX_FLASH.ld" --specs=nosys.specs -Wl,-Map="I4_BCC.map" -Wl,--gc-sections -static --specs=nano.specs -mfpu=fpv4-sp-d16 -mfloat-abi=hard -mthumb -Wl,--start-group -lc -lm -Wl,--end-group
Finished building target: I4_BCC.elf
 
arm-none-eabi-size   I4_BCC.elf 
arm-none-eabi-objdump -h -S  I4_BCC.elf  > "I4_BCC.list"
   text	   data	    bss	    dec	    hex	filename
  13876	     20	   1924	  15820	   3dcc	I4_BCC.elf
Finished building: default.size.stdout
 
Finished building: I4_BCC.list
 

10:40:47 Build Finished. 0 errors, 0 warnings. (took 1s.171ms)

