../CommunicationServices/Can/Mcp2515.c:34:6:MCP2515_Initialize	16	static
../CommunicationServices/Can/Mcp2515.c:51:6:MCP2515_SetConfigMode	16	static
../CommunicationServices/Can/Mcp2515.c:70:6:MCP2515_SetNormalMode	16	static
../CommunicationServices/Can/Mcp2515.c:89:6:MCP2515_Reset	8	static
../CommunicationServices/Can/Mcp2515.c:98:9:MCP2515_ReadByte	24	static
../CommunicationServices/Can/Mcp2515.c:113:6:MCP2515_ReadRxSequence	16	static
../CommunicationServices/Can/Mcp2515.c:123:6:MCP2515_WriteByte	16	static
../CommunicationServices/Can/Mcp2515.c:134:6:MCP2515_WriteByteSequence	16	static
../CommunicationServices/Can/Mcp2515.c:145:6:MCP2515_LoadTxSequence	24	static
../CommunicationServices/Can/Mcp2515.c:157:6:MCP2515_LoadTxBuffer	16	static
../CommunicationServices/Can/Mcp2515.c:167:6:MCP2515_RequestToSend	16	static
../CommunicationServices/Can/Mcp2515.c:176:9:MCP2515_ReadStatus	16	static
../CommunicationServices/Can/Mcp2515.c:190:9:MCP2515_GetRxStatus	16	static
../CommunicationServices/Can/Mcp2515.c:204:6:MCP2515_BitModify	16	static
../CommunicationServices/Can/Mcp2515.c:216:13:SPI_Tx	16	static
../CommunicationServices/Can/Mcp2515.c:221:13:SPI_TxBuffer	16	static
../CommunicationServices/Can/Mcp2515.c:226:16:SPI_Rx	16	static
../CommunicationServices/Can/Mcp2515.c:233:13:SPI_RxBuffer	16	static
