../Core/Src/freertos.c:227:6:vApplicationIdleHook	4	static
../Core/Src/freertos.c:233:6:vApplicationTickHook	4	static
../Core/Src/freertos.c:240:6:vApplicationStackOverflowHook	16	static
../Core/Src/freertos.c:248:6:vApplicationMallocFailedHook	8	static
../Core/Src/freertos.c:256:6:PreSleepProcessing	16	static
../Core/Src/freertos.c:260:6:PostSleepProcessing	16	static
../Core/Src/freertos.c:270:6:MX_FREERTOS_Init	8	static
../Core/Src/freertos.c:354:6:OS_TASK_OS_INIT	16	static
../Core/Src/freertos.c:367:6:OS_TASK_ASIL_APPL_Main	16	static
../Core/Src/freertos.c:385:6:OS_TASK_QM_APPL_Main	16	static
../Core/Src/freertos.c:402:6:OS_TASK_ASIL_BSW_Main	16	static
../Core/Src/freertos.c:420:6:OS_TASK_QM_BSW_Main	16	static
../Core/Src/freertos.c:437:6:Os_SecAlm_AlarmReset_Callback	24	static
../Core/Src/freertos.c:447:6:Os_CenLoc_LockUnlockSequence_Timer_Callback	16	static
../Core/Src/freertos.c:471:6:Os_SecAlmLed_TurnOnCyclic_Timer_Callback	16	static
../Core/Src/freertos.c:482:6:Os_SecAlmLedTurnOn_Timer_Callback	16	static
../Core/Src/freertos.c:492:6:Os_FollowMeHome_Timer_Callback	16	static
../Core/Src/freertos.c:503:6:Os_TurnSignals_Timer_Callback	16	static
../Core/Src/freertos.c:540:6:Os_SecAlmAlarm_Timer_Callback	16	static
../Core/Src/freertos.c:558:6:Os_PdcR_Buzzer_Timer_Callback	16	static
../Core/Src/freertos.c:566:6:Os_PdcF_Buzzer_Timer_Callback	16	static
