../Core/Src/freertos.c:136:13:configureTimerForRunTimeStats	4	static
../Core/Src/freertos.c:141:22:getRunTimeCounterValue	4	static
../Core/Src/freertos.c:148:6:vApplicationIdleHook	4	static
../Core/Src/freertos.c:163:6:vApplicationTickHook	4	static
../Core/Src/freertos.c:174:6:vApplicationStackOverflowHook	16	static
../Core/Src/freertos.c:183:6:vApplicationMallocFailedHook	4	static
../Core/Src/freertos.c:199:6:vApplicationDaemonTaskStartupHook	4	static
../Core/Src/freertos.c:205:13:PreSleepProcessing	16	static
../Core/Src/freertos.c:210:13:PostSleepProcessing	16	static
../Core/Src/freertos.c:221:6:MX_FREERTOS_Init	8	static
../Core/Src/freertos.c:286:6:StartDefaultTask	16	static
../Core/Src/freertos.c:315:6:StartTask02	16	static
../Core/Src/freertos.c:328:6:PdcFrontDelayCallback	16	static
../Core/Src/freertos.c:336:6:PdcSecondFrontDelayCallback	16	static
../Core/Src/freertos.c:344:6:PdcFrontGlobalTimerCallback	16	static
../Core/Src/freertos.c:352:6:PdcRearGlobalCallback	16	static
../Core/Src/freertos.c:360:6:PdcRearDelayCallback	16	static
../Core/Src/freertos.c:368:6:PdcSecondRearDelayCallback	16	static
