../Core/Src/freertos.c:142:13:configureTimerForRunTimeStats	4	static
../Core/Src/freertos.c:147:22:getRunTimeCounterValue	4	static
../Core/Src/freertos.c:154:6:vApplicationIdleHook	4	static
../Core/Src/freertos.c:169:6:vApplicationTickHook	4	static
../Core/Src/freertos.c:180:6:vApplicationStackOverflowHook	16	static
../Core/Src/freertos.c:189:6:vApplicationMallocFailedHook	4	static
../Core/Src/freertos.c:205:6:vApplicationDaemonTaskStartupHook	4	static
../Core/Src/freertos.c:211:13:PreSleepProcessing	16	static
../Core/Src/freertos.c:216:13:PostSleepProcessing	16	static
../Core/Src/freertos.c:227:6:MX_FREERTOS_Init	8	static
../Core/Src/freertos.c:295:6:StartDefaultTask	16	static
../Core/Src/freertos.c:324:6:StartTask02	16	static
../Core/Src/freertos.c:337:6:PdcFrontDelayCallback	16	static
../Core/Src/freertos.c:345:6:PdcSecondFrontDelayCallback	16	static
../Core/Src/freertos.c:353:6:PdcFrontGlobalTimerCallback	16	static
../Core/Src/freertos.c:361:6:PdcRearGlobalCallback	16	static
../Core/Src/freertos.c:369:6:PdcRearDelayCallback	16	static
../Core/Src/freertos.c:377:6:PdcSecondRearDelayCallback	16	static
../Core/Src/freertos.c:385:6:RLTSHLCallback	16	static
