../Core/Src/freertos.c:271:6:vApplicationTickHook	4	static
../Core/Src/freertos.c:278:6:vApplicationStackOverflowHook	16	static
../Core/Src/freertos.c:286:6:vApplicationMallocFailedHook	8	static
../Core/Src/freertos.c:298:6:MX_FREERTOS_Init	8	static
../Core/Src/freertos.c:392:6:OS_TASK_OS_INIT	16	static
../Core/Src/freertos.c:405:6:OS_TASK_ASIL_APPL_Main	16	static
../Core/Src/freertos.c:421:6:OS_TASK_ASIL_APPL_PostMain	16	static
../Core/Src/freertos.c:434:6:OS_TASK_QM_APPL_PreMain	16	static
../Core/Src/freertos.c:447:6:OS_TASK_QM_APPL_Main	16	static
../Core/Src/freertos.c:460:6:OS_TASK_QM_APPL_PostMain	16	static
../Core/Src/freertos.c:473:6:OS_TASK_ASIL_BSW_PreMain	16	static
../Core/Src/freertos.c:486:6:OS_TASK_ASIL_BSW_Main	16	static
../Core/Src/freertos.c:504:6:OS_TASK_ASIL_BSW_PostMain	16	static
../Core/Src/freertos.c:517:6:OS_TASK_QM_BSW_PreMain	16	static
../Core/Src/freertos.c:532:6:OS_TASK_QM_BSW_Main	16	static
../Core/Src/freertos.c:545:6:OS_TASK_QM_BSW_PostMain	16	static
../Core/Src/freertos.c:558:6:OS_TASK_I2C_ISR	16	static
../Core/Src/freertos.c:581:6:Os_SecAlm_AlarmReset_Callback	16	static
../Core/Src/freertos.c:590:6:Os_CenLoc_LockUnlockSequence_Timer_Callback	16	static
../Core/Src/freertos.c:614:6:Os_SecAlmLed_TurnOnCyclic_Timer_Callback	16	static
../Core/Src/freertos.c:625:6:Os_SecAlmLedTurnOn_Timer_Callback	16	static
../Core/Src/freertos.c:635:6:Os_FollowMeHome_Timer_Callback	16	static
../Core/Src/freertos.c:646:6:Os_TurnSignals_Timer_Callback	16	static
../Core/Src/freertos.c:683:6:Os_SecAlmAlarm_Timer_Callback	16	static
../Core/Src/freertos.c:693:6:Os_PdcR_Buzzer_Timer_Callback	16	static
../Core/Src/freertos.c:701:6:Os_PdcF_Buzzer_Timer_Callback	16	static
