C:/Users/Daniel/STM32Cube/Repository/STM32Cube_FW_F4_V1.27.1/Drivers/CMSIS/Include/core_cm4.h:1816:22:__NVIC_SetPriority	16	static
C:/Users/Daniel/STM32Cube/Repository/STM32Cube_FW_F4_V1.27.1/Drivers/CMSIS/Include/core_cm4.h:2022:26:SysTick_Config	16	static
../Core/Src/freertos.c:261:6:configureTimerForRunTimeStats	16	static
../Core/Src/freertos.c:266:15:getRunTimeCounterValue	4	static
../Core/Src/freertos.c:273:6:vApplicationIdleHook	4	static
../Core/Src/freertos.c:280:6:vApplicationTickHook	4	static
../Core/Src/freertos.c:288:6:vApplicationStackOverflowHook	16	static
../Core/Src/freertos.c:296:6:vApplicationMallocFailedHook	8	static
../Core/Src/freertos.c:304:6:vPortSuppressTicksAndSleep	16	static
../Core/Src/freertos.c:314:6:MX_FREERTOS_Init	8	static
../Core/Src/freertos.c:402:6:OS_TASK_OS_INIT	16	static
../Core/Src/freertos.c:416:6:OS_TASK_ASIL_APPL_Main	16	static
../Core/Src/freertos.c:432:6:OS_TASK_ASIL_APPL_PostMain	16	static
../Core/Src/freertos.c:445:6:OS_TASK_QM_APPL_PreMain	16	static
../Core/Src/freertos.c:458:6:OS_TASK_QM_APPL_Main	16	static
../Core/Src/freertos.c:471:6:OS_TASK_ASIL_BSW_PreMain	16	static
../Core/Src/freertos.c:484:6:OS_TASK_ASIL_BSW_Main	16	static
../Core/Src/freertos.c:498:6:OS_TASK_ASIL_BSW_PostMain	16	static
../Core/Src/freertos.c:511:6:OS_TASK_QM_BSW_PreMain	16	static
../Core/Src/freertos.c:524:6:OS_TASK_QM_BSW_Main	16	static
../Core/Src/freertos.c:538:6:OS_TASK_QM_BSW_PostMain	16	static
../Core/Src/freertos.c:550:6:Os_SecAlm_AlarmReset_Callback	16	static
../Core/Src/freertos.c:559:6:Os_CenLoc_LockUnlockSequence_Timer_Callback	16	static
../Core/Src/freertos.c:583:6:Os_SecAlmLed_TurnOnCyclic_Timer_Callback	16	static
../Core/Src/freertos.c:594:6:Os_SecAlmLedTurnOn_Timer_Callback	16	static
../Core/Src/freertos.c:604:6:Os_FollowMeHome_Timer_Callback	16	static
../Core/Src/freertos.c:615:6:Os_TurnSignals_Timer_Callback	16	static
../Core/Src/freertos.c:652:6:Os_SecAlmAlarm_Timer_Callback	16	static
../Core/Src/freertos.c:662:6:Os_PdcR_Buzzer_Timer_Callback	16	static
../Core/Src/freertos.c:670:6:Os_PdcF_Buzzer_Timer_Callback	16	static
