../Core/Src/freertos.c:146:13:configureTimerForRunTimeStats	4	static
../Core/Src/freertos.c:151:22:getRunTimeCounterValue	4	static
../Core/Src/freertos.c:158:6:vApplicationIdleHook	4	static
../Core/Src/freertos.c:173:6:vApplicationTickHook	4	static
../Core/Src/freertos.c:184:6:vApplicationStackOverflowHook	16	static
../Core/Src/freertos.c:193:6:vApplicationMallocFailedHook	4	static
../Core/Src/freertos.c:209:6:vApplicationDaemonTaskStartupHook	4	static
../Core/Src/freertos.c:215:13:PreSleepProcessing	16	static
../Core/Src/freertos.c:220:13:PostSleepProcessing	16	static
../Core/Src/freertos.c:231:6:MX_FREERTOS_Init	8	static
../Core/Src/freertos.c:302:6:StartDefaultTask	16	static
../Core/Src/freertos.c:342:6:StartTask02	16	static
../Core/Src/freertos.c:357:6:PdcFrontDelayCallback	16	static
../Core/Src/freertos.c:365:6:PdcSecondFrontDelayCallback	16	static
../Core/Src/freertos.c:373:6:PdcFrontGlobalTimerCallback	16	static
../Core/Src/freertos.c:381:6:PdcRearGlobalCallback	16	static
../Core/Src/freertos.c:389:6:PdcRearDelayCallback	16	static
../Core/Src/freertos.c:397:6:PdcSecondRearDelayCallback	16	static
../Core/Src/freertos.c:405:6:RLTSHLCallback	16	static
../Core/Src/freertos.c:415:6:AlarmReset_Callback	16	static
