../Core/Src/freertos.c:246:13:configureTimerForRunTimeStats	4	static
../Core/Src/freertos.c:251:22:getRunTimeCounterValue	4	static
../Core/Src/freertos.c:258:6:vApplicationIdleHook	4	static
../Core/Src/freertos.c:273:6:vApplicationTickHook	4	static
../Core/Src/freertos.c:284:6:vApplicationStackOverflowHook	16	static
../Core/Src/freertos.c:293:6:vApplicationMallocFailedHook	4	static
../Core/Src/freertos.c:309:6:vApplicationDaemonTaskStartupHook	4	static
../Core/Src/freertos.c:315:13:PreSleepProcessing	16	static
../Core/Src/freertos.c:320:13:PostSleepProcessing	16	static
../Core/Src/freertos.c:331:6:MX_FREERTOS_Init	8	static
../Core/Src/freertos.c:462:6:TASK_QM_APPL_LP	16	static
../Core/Src/freertos.c:482:6:TASK_OS_StartHook	16	static
../Core/Src/freertos.c:492:6:PdcFrontDelayCallback	16	static
../Core/Src/freertos.c:500:6:PdcRearDelayCallback	16	static
../Core/Src/freertos.c:508:6:PdcSecondFrontDelayCallback	16	static
../Core/Src/freertos.c:516:6:PdcSecondRearDelayCallback	16	static
../Core/Src/freertos.c:524:6:PdcFrontGlobalTimerCallback	16	static
../Core/Src/freertos.c:532:6:PdcRearGlobalTimerCallback	16	static
