../Core/Src/freertos.c:163:6:vApplicationIdleHook	4	static
../Core/Src/freertos.c:172:6:vApplicationTickHook	4	static
../Core/Src/freertos.c:182:6:vApplicationStackOverflowHook	16	static
../Core/Src/freertos.c:191:6:vApplicationMallocFailedHook	8	static
../Core/Src/freertos.c:202:13:PreSleepProcessing	16	static
../Core/Src/freertos.c:207:13:PostSleepProcessing	16	static
../Core/Src/freertos.c:218:6:MX_FREERTOS_Init	8	static
../Core/Src/freertos.c:292:6:OS_TASK_OS_INIT	16	static
../Core/Src/freertos.c:316:6:OS_TASK_OS_RUN	16	static
../Core/Src/freertos.c:339:6:OS_TASK_ASIL_APPL_Task	24	static
../Core/Src/freertos.c:400:6:OS_TASK_QM_APPL_Task	24	static
../Core/Src/freertos.c:448:6:Os_SecAlm_AlarmReset_Callback	16	static
../Core/Src/freertos.c:458:6:Os_CenLoc_LockUnlockSequence_Timer_Callback	16	static
../Core/Src/freertos.c:483:6:Os_SecAlmLed_TurnOnCyclic_Timer_Callback	16	static
../Core/Src/freertos.c:492:6:Os_SecAlmLedTurnOn_Timer_Callback	16	static
../Core/Src/freertos.c:503:6:Os_FollowMeHome_Timer_Callback	16	static
../Core/Src/freertos.c:514:6:Os_TurnSignals_Timer_Callback	16	static
../Core/Src/freertos.c:564:6:Os_SecAlmAlarm_Timer_Callback	16	static
