../Core/Src/freertos.c:257:6:vApplicationStackOverflowHook	16	static
../Core/Src/freertos.c:265:6:vApplicationMallocFailedHook	8	static
../Core/Src/freertos.c:277:6:MX_FREERTOS_Init	8	static
../Core/Src/freertos.c:365:6:OS_TASK_OS_INIT	16	static
../Core/Src/freertos.c:378:6:OS_TASK_ASIL_APPL_Main	16	static
../Core/Src/freertos.c:394:6:OS_TASK_ASIL_APPL_PostMain	16	static
../Core/Src/freertos.c:407:6:OS_TASK_QM_APPL_PreMain	16	static
../Core/Src/freertos.c:420:6:OS_TASK_QM_APPL_Main	16	static
../Core/Src/freertos.c:433:6:OS_TASK_ASIL_BSW_PreMain	16	static
../Core/Src/freertos.c:446:6:OS_TASK_ASIL_BSW_Main	16	static
../Core/Src/freertos.c:460:6:OS_TASK_ASIL_BSW_PostMain	16	static
../Core/Src/freertos.c:473:6:OS_TASK_QM_BSW_PreMain	16	static
../Core/Src/freertos.c:486:6:OS_TASK_QM_BSW_Main	16	static
../Core/Src/freertos.c:500:6:OS_TASK_QM_BSW_PostMain	16	static
../Core/Src/freertos.c:512:6:Os_SecAlm_AlarmReset_Callback	16	static
../Core/Src/freertos.c:521:6:Os_CenLoc_LockUnlockSequence_Timer_Callback	16	static
../Core/Src/freertos.c:545:6:Os_SecAlmLed_TurnOnCyclic_Timer_Callback	16	static
../Core/Src/freertos.c:556:6:Os_SecAlmLedTurnOn_Timer_Callback	16	static
../Core/Src/freertos.c:566:6:Os_FollowMeHome_Timer_Callback	16	static
../Core/Src/freertos.c:577:6:Os_TurnSignals_Timer_Callback	16	static
../Core/Src/freertos.c:614:6:Os_SecAlmAlarm_Timer_Callback	16	static
../Core/Src/freertos.c:624:6:Os_PdcR_Buzzer_Timer_Callback	16	static
../Core/Src/freertos.c:632:6:Os_PdcF_Buzzer_Timer_Callback	16	static
