../Core/Src/freertos.c:592:13:configureTimerForRunTimeStats	4	static
../Core/Src/freertos.c:597:22:getRunTimeCounterValue	4	static
../Core/Src/freertos.c:604:6:vApplicationIdleHook	4	static
../Core/Src/freertos.c:619:6:vApplicationTickHook	4	static
../Core/Src/freertos.c:630:6:vApplicationStackOverflowHook	16	static
../Core/Src/freertos.c:639:6:vApplicationMallocFailedHook	4	static
../Core/Src/freertos.c:655:6:vApplicationDaemonTaskStartupHook	4	static
../Core/Src/freertos.c:661:13:PreSleepProcessing	16	static
../Core/Src/freertos.c:666:13:PostSleepProcessing	16	static
../Core/Src/freertos.c:677:6:MX_FREERTOS_Init	8	static
../Core/Src/freertos.c:940:6:Task_Os_Init	16	static
../Core/Src/freertos.c:958:6:Task_EcuM_Init	16	static
../Core/Src/freertos.c:976:6:Task_EcuMMainFunction	16	static
../Core/Src/freertos.c:994:6:Task_BswM_Init	16	static
../Core/Src/freertos.c:1012:6:Task_BswMMainFunction	16	static
../Core/Src/freertos.c:1030:6:Task_WatchdogManager_Init	16	static
../Core/Src/freertos.c:1048:6:Task_WatchdogManager_MainFunction	16	static
../Core/Src/freertos.c:1066:6:Task_ErrorManager_Init	16	static
../Core/Src/freertos.c:1084:6:Task_ErrorManager_MainFunction	16	static
../Core/Src/freertos.c:1102:6:Task_SystemManager_Init	16	static
../Core/Src/freertos.c:1120:6:Task_SystemManager_MainFunction	16	static
../Core/Src/freertos.c:1138:6:Task_ModeManager_Init	16	static
../Core/Src/freertos.c:1156:6:Task_ModeManager_MainFunction	16	static
../Core/Src/freertos.c:1174:6:Task_Os_Start	16	static
../Core/Src/freertos.c:1192:6:Task_Crc_Init	16	static
../Core/Src/freertos.c:1210:6:Task_Crc_MainFunction	16	static
../Core/Src/freertos.c:1228:6:Task_Rte_Init	16	static
../Core/Src/freertos.c:1246:6:Task_Rte_MainFunction	16	static
../Core/Src/freertos.c:1264:6:Task_Os_StartUpHook	16	static
../Core/Src/freertos.c:1282:6:Task_Os_ShutdownHook	16	static
../Core/Src/freertos.c:1300:6:Task_NvM_Init	16	static
../Core/Src/freertos.c:1318:6:Task_NvM_MainFunction	16	static
../Core/Src/freertos.c:1336:6:Task_MemIf_Status	16	static
../Core/Src/freertos.c:1354:6:Task_Fee_Init	16	static
../Core/Src/freertos.c:1372:6:Task_Fee_MainFunction	16	static
../Core/Src/freertos.c:1390:6:Task_Ea_Init	16	static
../Core/Src/freertos.c:1408:6:Task_Ea_MainFunction	16	static
../Core/Src/freertos.c:1426:6:Task_VibSen_Init	16	static
../Core/Src/freertos.c:1444:6:Task_VibSen_MainFunction	16	static
../Core/Src/freertos.c:1462:6:Task_TemSen_Init	16	static
../Core/Src/freertos.c:1480:6:Task_TemSen_MainFunction	16	static
../Core/Src/freertos.c:1498:6:Task_SecAlm_Init	16	static
../Core/Src/freertos.c:1516:6:Task_SecAlm_MainFunction	16	static
../Core/Src/freertos.c:1534:6:Task_PDC_Init	16	static
../Core/Src/freertos.c:1552:6:Task_PDC_MainFunction	16	static
../Core/Src/freertos.c:1570:6:Task_LightSen_Init	16	static
../Core/Src/freertos.c:1588:6:Task_LightSen_MainFunction	16	static
../Core/Src/freertos.c:1606:6:Task_IoH_MainFunction	16	static
../Core/Src/freertos.c:1624:6:Task_IntLights_Init	16	static
../Core/Src/freertos.c:1642:6:Task_IntLights_MainFunction	16	static
../Core/Src/freertos.c:1660:6:Task_HVAC_Init	16	static
../Core/Src/freertos.c:1678:6:Task_HVAC_MainFunction	16	static
../Core/Src/freertos.c:1696:6:Task_ExtLights_Init	16	static
../Core/Src/freertos.c:1714:6:Task_ExtLights_MainFunction	16	static
../Core/Src/freertos.c:1732:6:Task_DiagMonH_MainFunction	16	static
../Core/Src/freertos.c:1750:6:Task_ComMon_MainFunction	16	static
../Core/Src/freertos.c:1768:6:Task_CenLoc_Init	16	static
../Core/Src/freertos.c:1786:6:Task_CenLoc_MainFunction	16	static
../Core/Src/freertos.c:1804:6:Task_BTC_Init	16	static
../Core/Src/freertos.c:1822:6:Task_BTC_MainFunction	16	static
../Core/Src/freertos.c:1834:6:OsTimerCounter_Callback	16	static
../Core/Src/freertos.c:1842:6:SystemManagerCounter_Callback	16	static
