../Core/Src/freertos.c:133:6:vApplicationIdleHook	4	static
../Core/Src/freertos.c:142:6:vApplicationTickHook	4	static
../Core/Src/freertos.c:152:6:vApplicationStackOverflowHook	16	static
../Core/Src/freertos.c:161:6:vApplicationMallocFailedHook	8	static
../Core/Src/freertos.c:172:13:PreSleepProcessing	16	static
../Core/Src/freertos.c:177:13:PostSleepProcessing	16	static
../Core/Src/freertos.c:188:6:MX_FREERTOS_Init	8	static
../Core/Src/freertos.c:247:6:OS_TASK_OS_INIT	16	static
../Core/Src/freertos.c:271:6:OS_TASK_OS_RUN	16	static
../Core/Src/freertos.c:294:6:OS_TASK_ASIL_APPL_Task	24	static
../Core/Src/freertos.c:355:6:OS_TASK_QM_APPL_Task	24	static
../Core/Src/freertos.c:403:6:Os_SecAlm_AlarmReset_Callback	16	static
../Core/Src/freertos.c:413:6:Os_CenLoc_LockUnlockSequence_Timer_Callback	16	static
