../Core/Src/freertos.c:257:6:configureTimerForRunTimeStats	4	static
../Core/Src/freertos.c:260:15:getRunTimeCounterValue	4	static
../Core/Src/freertos.c:267:6:vApplicationIdleHook	4	static
../Core/Src/freertos.c:273:6:vApplicationTickHook	4	static
../Core/Src/freertos.c:280:6:vApplicationStackOverflowHook	16	static
../Core/Src/freertos.c:288:6:vApplicationMallocFailedHook	8	static
../Core/Src/freertos.c:296:6:vPortSuppressTicksAndSleep	16	static
../Core/Src/freertos.c:306:6:MX_FREERTOS_Init	8	static
../Core/Src/freertos.c:394:6:OS_TASK_OS_INIT	16	static
../Core/Src/freertos.c:408:6:OS_TASK_ASIL_APPL_Main	16	static
../Core/Src/freertos.c:424:6:OS_TASK_ASIL_APPL_PostMain	16	static
../Core/Src/freertos.c:437:6:OS_TASK_QM_APPL_PreMain	16	static
../Core/Src/freertos.c:450:6:OS_TASK_QM_APPL_Main	16	static
../Core/Src/freertos.c:463:6:OS_TASK_ASIL_BSW_PreMain	16	static
../Core/Src/freertos.c:476:6:OS_TASK_ASIL_BSW_Main	16	static
../Core/Src/freertos.c:490:6:OS_TASK_ASIL_BSW_PostMain	16	static
../Core/Src/freertos.c:503:6:OS_TASK_QM_BSW_PreMain	16	static
../Core/Src/freertos.c:516:6:OS_TASK_QM_BSW_Main	16	static
../Core/Src/freertos.c:530:6:OS_TASK_QM_BSW_PostMain	16	static
../Core/Src/freertos.c:542:6:Os_SecAlm_AlarmReset_Callback	16	static
../Core/Src/freertos.c:551:6:Os_CenLoc_LockUnlockSequence_Timer_Callback	16	static
../Core/Src/freertos.c:575:6:Os_SecAlmLed_TurnOnCyclic_Timer_Callback	16	static
../Core/Src/freertos.c:586:6:Os_SecAlmLedTurnOn_Timer_Callback	16	static
../Core/Src/freertos.c:596:6:Os_FollowMeHome_Timer_Callback	16	static
../Core/Src/freertos.c:607:6:Os_TurnSignals_Timer_Callback	16	static
../Core/Src/freertos.c:644:6:Os_SecAlmAlarm_Timer_Callback	16	static
../Core/Src/freertos.c:654:6:Os_PdcR_Buzzer_Timer_Callback	16	static
../Core/Src/freertos.c:662:6:Os_PdcF_Buzzer_Timer_Callback	16	static
