../Core/Src/freertos.c:310:13:configureTimerForRunTimeStats	4	static
../Core/Src/freertos.c:315:22:getRunTimeCounterValue	4	static
../Core/Src/freertos.c:322:6:vApplicationIdleHook	4	static
../Core/Src/freertos.c:337:6:vApplicationTickHook	4	static
../Core/Src/freertos.c:348:6:vApplicationStackOverflowHook	16	static
../Core/Src/freertos.c:357:6:vApplicationMallocFailedHook	4	static
../Core/Src/freertos.c:373:6:vApplicationDaemonTaskStartupHook	4	static
../Core/Src/freertos.c:379:13:PreSleepProcessing	16	static
../Core/Src/freertos.c:384:13:PostSleepProcessing	16	static
../Core/Src/freertos.c:395:6:MX_FREERTOS_Init	8	static
../Core/Src/freertos.c:550:6:TASK_QM_APPL_LP	16	static
../Core/Src/freertos.c:564:6:TASK_QM_APPL_HP	16	static
../Core/Src/freertos.c:587:6:TASK_ASIL_APPL_LP	16	static
../Core/Src/freertos.c:605:6:TASK_ASIL_APPL_HP	16	static
../Core/Src/freertos.c:623:6:TASK_QM_BSW_LP	16	static
../Core/Src/freertos.c:641:6:TASK_QM_BSW_HP	16	static
../Core/Src/freertos.c:659:6:TASK_ASIL_BSW_HP	16	static
../Core/Src/freertos.c:676:6:TASK_ASIL_BSW_LP	16	static
../Core/Src/freertos.c:694:6:TASK_OS_InitHook	16	static
../Core/Src/freertos.c:722:6:TASK_OS_StartHook	16	static
../Core/Src/freertos.c:732:6:PdcFrontDelayCallback	16	static
../Core/Src/freertos.c:740:6:PdcRearDelayCallback	16	static
../Core/Src/freertos.c:748:6:PdcSecondFrontDelayCallback	16	static
../Core/Src/freertos.c:756:6:PdcSecondRearDelayCallback	16	static
../Core/Src/freertos.c:764:6:PdcFrontGlobalTimerCallback	16	static
../Core/Src/freertos.c:772:6:PdcRearGlobalTimerCallback	16	static
