../Core/Src/freertos.c:309:6:OS_CPU_Load	8	static
../Core/Src/freertos.c:315:6:configureTimerForRunTimeStats	24	static
../Core/Src/freertos.c:346:15:getRunTimeCounterValue	8	static
../Core/Src/freertos.c:353:6:vApplicationIdleHook	4	static
../Core/Src/freertos.c:360:6:vApplicationTickHook	4	static
../Core/Src/freertos.c:367:6:vApplicationStackOverflowHook	16	static
../Core/Src/freertos.c:375:6:vApplicationMallocFailedHook	8	static
../Core/Src/freertos.c:383:6:vApplicationDaemonTaskStartupHook	24	static
../Core/Src/freertos.c:415:6:PreSleepProcessing	16	static
../Core/Src/freertos.c:420:6:PostSleepProcessing	16	static
../Core/Src/freertos.c:431:6:MX_FREERTOS_Init	8	static
../Core/Src/freertos.c:528:6:OS_TASK_OS_INIT	16	static
../Core/Src/freertos.c:542:6:OS_TASK_ASIL_APPL_PreMain	16	static
../Core/Src/freertos.c:558:6:OS_TASK_ASIL_APPL_Main	16	static
../Core/Src/freertos.c:571:6:OS_TASK_ASIL_APPL_PostMain	16	static
../Core/Src/freertos.c:584:6:OS_TASK_QM_APPL_PreMain	16	static
../Core/Src/freertos.c:597:6:OS_TASK_QM_APPL_Main	16	static
../Core/Src/freertos.c:610:6:OS_TASK_QM_APPL_PostMain	16	static
../Core/Src/freertos.c:623:6:OS_TASK_ASIL_BSW_PreMain	16	static
../Core/Src/freertos.c:639:6:OS_TASK_ASIL_BSW_Main	16	static
../Core/Src/freertos.c:653:6:OS_TASK_ASIL_BSW_PostMain	16	static
../Core/Src/freertos.c:666:6:OS_TASK_QM_BSW_PreMain	16	static
../Core/Src/freertos.c:681:6:OS_TASK_QM_BSW_Main	16	static
../Core/Src/freertos.c:694:6:OS_TASK_QM_BSW_PostMain	16	static
../Core/Src/freertos.c:707:6:OS_TASK_I2C_ISR	16	static
../Core/Src/freertos.c:727:6:Os_SecAlm_AlarmReset_Callback	16	static
../Core/Src/freertos.c:736:6:Os_CenLoc_LockUnlockSequence_Timer_Callback	16	static
../Core/Src/freertos.c:760:6:Os_SecAlmLed_TurnOnCyclic_Timer_Callback	16	static
../Core/Src/freertos.c:771:6:Os_SecAlmLedTurnOn_Timer_Callback	16	static
../Core/Src/freertos.c:781:6:Os_FollowMeHome_Timer_Callback	16	static
../Core/Src/freertos.c:792:6:Os_TurnSignals_Timer_Callback	16	static
../Core/Src/freertos.c:829:6:Os_SecAlmAlarm_Timer_Callback	16	static
../Core/Src/freertos.c:839:6:Os_PdcR_Buzzer_Timer_Callback	16	static
../Core/Src/freertos.c:847:6:Os_PdcF_Buzzer_Timer_Callback	16	static
