../Core/Src/freertos.c:265:13:configureTimerForRunTimeStats	4	static
../Core/Src/freertos.c:270:22:getRunTimeCounterValue	4	static
../Core/Src/freertos.c:277:6:vApplicationIdleHook	4	static
../Core/Src/freertos.c:292:6:vApplicationTickHook	4	static
../Core/Src/freertos.c:299:6:vApplicationStackOverflowHook	16	static
../Core/Src/freertos.c:307:6:vApplicationMallocFailedHook	8	static
../Core/Src/freertos.c:315:13:PreSleepProcessing	16	static
../Core/Src/freertos.c:320:13:PostSleepProcessing	16	static
../Core/Src/freertos.c:331:6:MX_FREERTOS_Init	8	static
../Core/Src/freertos.c:423:6:OS_TASK_OS_INIT	16	static
../Core/Src/freertos.c:436:6:OS_TASK_ASIL_APPL_Main	16	static
../Core/Src/freertos.c:449:6:OS_TASK_ASIL_APPL_PostMain	16	static
../Core/Src/freertos.c:464:6:OS_TASK_QM_APPL_PreMain	16	static
../Core/Src/freertos.c:477:6:OS_TASK_QM_APPL_Main	16	static
../Core/Src/freertos.c:490:6:OS_TASK_QM_APPL_PostMain	16	static
../Core/Src/freertos.c:503:6:OS_TASK_ASIL_BSW_PreMain	16	static
../Core/Src/freertos.c:516:6:OS_TASK_ASIL_BSW_Main	16	static
../Core/Src/freertos.c:530:6:OS_TASK_ASIL_BSW_PostMain	16	static
../Core/Src/freertos.c:543:6:OS_TASK_QM_BSW_PreMain	16	static
../Core/Src/freertos.c:556:6:OS_TASK_QM_BSW_Main	16	static
../Core/Src/freertos.c:570:6:OS_TASK_QM_BSW_PostMain	16	static
../Core/Src/freertos.c:582:6:Os_SecAlm_AlarmReset_Callback	24	static
../Core/Src/freertos.c:592:6:Os_CenLoc_LockUnlockSequence_Timer_Callback	16	static
../Core/Src/freertos.c:616:6:Os_SecAlmLed_TurnOnCyclic_Timer_Callback	16	static
../Core/Src/freertos.c:627:6:Os_SecAlmLedTurnOn_Timer_Callback	16	static
../Core/Src/freertos.c:637:6:Os_FollowMeHome_Timer_Callback	16	static
../Core/Src/freertos.c:648:6:Os_TurnSignals_Timer_Callback	16	static
../Core/Src/freertos.c:685:6:Os_SecAlmAlarm_Timer_Callback	16	static
../Core/Src/freertos.c:703:6:Os_PdcR_Buzzer_Timer_Callback	16	static
../Core/Src/freertos.c:711:6:Os_PdcF_Buzzer_Timer_Callback	16	static
