../Core/Src/freertos.c:692:13:configureTimerForRunTimeStats	4	static
../Core/Src/freertos.c:697:22:getRunTimeCounterValue	4	static
../Core/Src/freertos.c:704:6:vApplicationIdleHook	4	static
../Core/Src/freertos.c:719:6:vApplicationTickHook	4	static
../Core/Src/freertos.c:730:6:vApplicationStackOverflowHook	16	static
../Core/Src/freertos.c:739:6:vApplicationMallocFailedHook	4	static
../Core/Src/freertos.c:755:6:vApplicationDaemonTaskStartupHook	4	static
../Core/Src/freertos.c:761:13:PreSleepProcessing	16	static
../Core/Src/freertos.c:766:13:PostSleepProcessing	16	static
../Core/Src/freertos.c:777:6:MX_FREERTOS_Init	8	static
../Core/Src/freertos.c:1164:6:OS_TASK_QM_APPL_HP	16	static
../Core/Src/freertos.c:1193:6:OS_TASK_QM_APPL_LP	16	static
../Core/Src/freertos.c:1222:6:OS_TASK_ASIL_APPL_HP	16	static
../Core/Src/freertos.c:1251:6:OS_TASK_ASIL_APPL_LP	16	static
../Core/Src/freertos.c:1281:6:OS_TASK_OS_COUNTER	16	static
../Core/Src/freertos.c:1304:6:OS_TASK_QM_BSW_HP	16	static
../Core/Src/freertos.c:1322:6:OS_TASK_QM_BSW_LP	16	static
../Core/Src/freertos.c:1340:6:OS_TASK_ASIL_BSW_HP	16	static
../Core/Src/freertos.c:1358:6:OS_TASK_ASIL_BSW_LP	16	static
../Core/Src/freertos.c:1376:6:TASK_OS_OsInit	16	static
../Core/Src/freertos.c:1394:6:TASK_OS_Watchdog_MainFunction	16	static
../Core/Src/freertos.c:1408:6:Os_SecAlm_AlarmReset_Callback	16	static
../Core/Src/freertos.c:1416:6:Os_CenLoc_LockUnlockSequence_Timer_Callback	16	static
