../Core/Src/freertos.c:586:13:configureTimerForRunTimeStats	4	static
../Core/Src/freertos.c:591:22:getRunTimeCounterValue	4	static
../Core/Src/freertos.c:598:6:vApplicationIdleHook	4	static
../Core/Src/freertos.c:613:6:vApplicationTickHook	4	static
../Core/Src/freertos.c:624:6:vApplicationStackOverflowHook	16	static
../Core/Src/freertos.c:633:6:vApplicationMallocFailedHook	4	static
../Core/Src/freertos.c:649:6:vApplicationDaemonTaskStartupHook	4	static
../Core/Src/freertos.c:655:13:PreSleepProcessing	16	static
../Core/Src/freertos.c:660:13:PostSleepProcessing	16	static
../Core/Src/freertos.c:671:6:MX_FREERTOS_Init	8	static
../Core/Src/freertos.c:934:6:Task_Os_Init	16	static
../Core/Src/freertos.c:952:6:Task_EcuM_Init	16	static
../Core/Src/freertos.c:970:6:Task_EcuMMainFunction	16	static
../Core/Src/freertos.c:988:6:Task_BswM_Init	16	static
../Core/Src/freertos.c:1006:6:Task_BswMMainFunction	16	static
../Core/Src/freertos.c:1024:6:Task_WatchdogManager_Init	16	static
../Core/Src/freertos.c:1042:6:Task_WatchdogManager_MainFunction	16	static
../Core/Src/freertos.c:1060:6:Task_ErrorManager_Init	16	static
../Core/Src/freertos.c:1078:6:Task_ErrorManager_MainFunction	16	static
../Core/Src/freertos.c:1096:6:Task_SystemManager_Init	16	static
../Core/Src/freertos.c:1114:6:Task_SystemManager_MainFunction	16	static
../Core/Src/freertos.c:1132:6:Task_ModeManager_Init	16	static
../Core/Src/freertos.c:1150:6:Task_ModeManager_MainFunction	16	static
../Core/Src/freertos.c:1168:6:Task_Os_Start	16	static
../Core/Src/freertos.c:1186:6:Task_Crc_Init	16	static
../Core/Src/freertos.c:1204:6:Task_Crc_MainFunction	16	static
../Core/Src/freertos.c:1222:6:Task_Rte_Init	16	static
../Core/Src/freertos.c:1240:6:Task_Rte_MainFunction	16	static
../Core/Src/freertos.c:1258:6:Task_Os_StartUpHook	16	static
../Core/Src/freertos.c:1276:6:Task_Os_ShutdownHook	16	static
../Core/Src/freertos.c:1294:6:Task_NvM_Init	16	static
../Core/Src/freertos.c:1312:6:Task_NvM_MainFunction	16	static
../Core/Src/freertos.c:1330:6:Task_MemIf_Status	16	static
../Core/Src/freertos.c:1348:6:Task_Fee_Init	16	static
../Core/Src/freertos.c:1366:6:Task_Fee_MainFunction	16	static
../Core/Src/freertos.c:1384:6:Task_Ea_Init	16	static
../Core/Src/freertos.c:1402:6:Task_Ea_MainFunction	16	static
../Core/Src/freertos.c:1420:6:Task_TemSen_Init	16	static
../Core/Src/freertos.c:1438:6:Task_TemSen_MainFunction	16	static
../Core/Src/freertos.c:1456:6:Task_SecAlm_Init	16	static
../Core/Src/freertos.c:1474:6:Task_SecAlm_MainFunction	16	static
../Core/Src/freertos.c:1492:6:Task_PDC_Init	16	static
../Core/Src/freertos.c:1510:6:Task_PDC_MainFunction	16	static
../Core/Src/freertos.c:1528:6:Task_IoH_MainFunction	16	static
../Core/Src/freertos.c:1546:6:Task_IntLights_Init	16	static
../Core/Src/freertos.c:1564:6:Task_IntLights_MainFunction	16	static
../Core/Src/freertos.c:1582:6:Task_HVAC_Init	16	static
../Core/Src/freertos.c:1600:6:Task_HVAC_MainFunction	16	static
../Core/Src/freertos.c:1618:6:Task_ExtLights_Init	16	static
../Core/Src/freertos.c:1636:6:Task_ExtLights_MainFunction	16	static
../Core/Src/freertos.c:1654:6:Task_DiagMonH_MainFunction	16	static
../Core/Src/freertos.c:1672:6:Task_ComMon_MainFunction	16	static
../Core/Src/freertos.c:1690:6:Task_CenLoc_Init	16	static
../Core/Src/freertos.c:1708:6:Task_CenLoc_MainFunction	16	static
../Core/Src/freertos.c:1726:6:Task_BTC_Init	16	static
../Core/Src/freertos.c:1744:6:Task_BTC_MainFunction	16	static
../Core/Src/freertos.c:1756:6:PdcFrontDelayCallback	16	static
../Core/Src/freertos.c:1764:6:PdcRearDelayCallback	16	static
../Core/Src/freertos.c:1772:6:PdcSecondFrontDelayCallback	16	static
../Core/Src/freertos.c:1780:6:PdcSecondRearDelayCallback	16	static
../Core/Src/freertos.c:1788:6:PdcFrontGlobalTimerCallback	16	static
../Core/Src/freertos.c:1796:6:PdcRearGlobalTimerCallback	16	static
