../Core/Src/stm32f4xx_it.c:77:6:NMI_Handler	4	static
../Core/Src/stm32f4xx_it.c:92:6:HardFault_Handler	4	static
../Core/Src/stm32f4xx_it.c:107:6:MemManage_Handler	4	static
../Core/Src/stm32f4xx_it.c:122:6:BusFault_Handler	4	static
../Core/Src/stm32f4xx_it.c:137:6:UsageFault_Handler	4	static
../Core/Src/stm32f4xx_it.c:152:6:DebugMon_Handler	4	static
../Core/Src/stm32f4xx_it.c:172:6:PVD_IRQHandler	8	static
../Core/Src/stm32f4xx_it.c:186:6:FLASH_IRQHandler	8	static
../Core/Src/stm32f4xx_it.c:200:6:RCC_IRQHandler	4	static
../Core/Src/stm32f4xx_it.c:213:6:ADC_IRQHandler	8	static
../Core/Src/stm32f4xx_it.c:227:6:TIM1_UP_TIM10_IRQHandler	8	static
../Core/Src/stm32f4xx_it.c:241:6:TIM2_IRQHandler	8	static
../Core/Src/stm32f4xx_it.c:255:6:TIM3_IRQHandler	8	static
../Core/Src/stm32f4xx_it.c:269:6:TIM4_IRQHandler	8	static
../Core/Src/stm32f4xx_it.c:283:6:I2C1_EV_IRQHandler	8	static
../Core/Src/stm32f4xx_it.c:297:6:I2C1_ER_IRQHandler	8	static
../Core/Src/stm32f4xx_it.c:311:6:SPI2_IRQHandler	8	static
../Core/Src/stm32f4xx_it.c:325:6:SPI3_IRQHandler	8	static
../Core/Src/stm32f4xx_it.c:339:6:FPU_IRQHandler	4	static
