../Core/Src/stm32f4xx_it.c:86:6:NMI_Handler	8	static
../Core/Src/stm32f4xx_it.c:104:6:HardFault_Handler	8	static
../Core/Src/stm32f4xx_it.c:122:6:MemManage_Handler	8	static
../Core/Src/stm32f4xx_it.c:140:6:BusFault_Handler	8	static
../Core/Src/stm32f4xx_it.c:158:6:UsageFault_Handler	8	static
../Core/Src/stm32f4xx_it.c:176:6:DebugMon_Handler	4	static
../Core/Src/stm32f4xx_it.c:196:6:WWDG_IRQHandler	8	static
../Core/Src/stm32f4xx_it.c:212:6:PVD_IRQHandler	8	static
../Core/Src/stm32f4xx_it.c:228:6:FLASH_IRQHandler	8	static
../Core/Src/stm32f4xx_it.c:245:6:RCC_IRQHandler	4	static
../Core/Src/stm32f4xx_it.c:258:6:ADC_IRQHandler	8	static
../Core/Src/stm32f4xx_it.c:272:6:TIM1_BRK_TIM9_IRQHandler	8	static
../Core/Src/stm32f4xx_it.c:286:6:TIM1_UP_TIM10_IRQHandler	8	static
../Core/Src/stm32f4xx_it.c:300:6:TIM1_TRG_COM_TIM11_IRQHandler	8	static
../Core/Src/stm32f4xx_it.c:314:6:TIM2_IRQHandler	8	static
../Core/Src/stm32f4xx_it.c:328:6:TIM3_IRQHandler	8	static
../Core/Src/stm32f4xx_it.c:341:6:TIM4_IRQHandler	8	static
../Core/Src/stm32f4xx_it.c:354:6:TIM5_IRQHandler	8	static
../Core/Src/stm32f4xx_it.c:367:6:DMA2_Stream0_IRQHandler	8	static
../Core/Src/stm32f4xx_it.c:381:6:FPU_IRQHandler	4	static
