../IOServices/SpiH/McpSpi.c:77:15:MCP2515_CanOverSpi_Initialize	8	static
../IOServices/SpiH/McpSpi.c:97:15:MCP2515_CanOverSpi_SetConfigMode	8	static
../IOServices/SpiH/McpSpi.c:117:15:MCP2515_CanOverSpi_SetNormalMode	8	static
../IOServices/SpiH/McpSpi.c:137:6:MCP2515_CanOverSpi_Reset	8	static
../IOServices/SpiH/McpSpi.c:150:15:MCP2515_CanOverSpi_ReadByte	24	static
../IOServices/SpiH/McpSpi.c:167:6:MCP2515_CanOverSpi_ReadRxSequence	16	static
../IOServices/SpiH/McpSpi.c:181:6:MCP2515_CanOverSpi_WriteByte	16	static
../IOServices/SpiH/McpSpi.c:196:6:MCP2515_CanOverSpi_WriteByteSequence	16	static
../IOServices/SpiH/McpSpi.c:211:6:MCP2515_CanOverSpi_LoadTxSequence	24	static
../IOServices/SpiH/McpSpi.c:227:6:MCP2515_CanOverSpi_LoadTxBuffer	16	static
../IOServices/SpiH/McpSpi.c:241:6:MCP2515_CanOverSpi_RequestToSend	16	static
../IOServices/SpiH/McpSpi.c:254:15:MCP2515_CanOverSpi_ReadStatus	16	static
../IOServices/SpiH/McpSpi.c:270:15:MCP2515_CanOverSpi_GetRxStatus	16	static
../IOServices/SpiH/McpSpi.c:286:6:MCP2515_CanOverSpi_BitModify	16	static
../IOServices/SpiH/McpSpi.c:302:13:SPI_Tx	16	static
../IOServices/SpiH/McpSpi.c:313:13:SPI_TxBuffer	16	static
../IOServices/SpiH/McpSpi.c:324:22:SPI_Rx	4	static
../IOServices/SpiH/McpSpi.c:338:13:SPI_RxBuffer	16	static
