C:/Users/Daniel/STM32Cube/Repository/STM32Cube_FW_F4_V1.27.1/Drivers/CMSIS/Include/core_cm4.h:1816:22:__NVIC_SetPriority	16	static
C:/Users/Daniel/STM32Cube/Repository/STM32Cube_FW_F4_V1.27.1/Middlewares/Third_Party/FreeRTOS/Source/CMSIS_RTOS_V2/cmsis_os2.c:159:6:SysTick_Handler	4	static
C:/Users/Daniel/STM32Cube/Repository/STM32Cube_FW_F4_V1.27.1/Middlewares/Third_Party/FreeRTOS/Source/CMSIS_RTOS_V2/cmsis_os2.c:171:22:SVC_Setup	8	static
C:/Users/Daniel/STM32Cube/Repository/STM32Cube_FW_F4_V1.27.1/Middlewares/Third_Party/FreeRTOS/Source/CMSIS_RTOS_V2/cmsis_os2.c:195:12:osKernelInitialize	16	static,ignoring_inline_asm
C:/Users/Daniel/STM32Cube/Repository/STM32Cube_FW_F4_V1.27.1/Middlewares/Third_Party/FreeRTOS/Source/CMSIS_RTOS_V2/cmsis_os2.c:219:12:osKernelGetInfo	24	static
C:/Users/Daniel/STM32Cube/Repository/STM32Cube_FW_F4_V1.27.1/Middlewares/Third_Party/FreeRTOS/Source/CMSIS_RTOS_V2/cmsis_os2.c:237:17:osKernelGetState	16	static
C:/Users/Daniel/STM32Cube/Repository/STM32Cube_FW_F4_V1.27.1/Middlewares/Third_Party/FreeRTOS/Source/CMSIS_RTOS_V2/cmsis_os2.c:262:12:osKernelStart	16	static,ignoring_inline_asm
C:/Users/Daniel/STM32Cube/Repository/STM32Cube_FW_F4_V1.27.1/Middlewares/Third_Party/FreeRTOS/Source/CMSIS_RTOS_V2/cmsis_os2.c:285:9:osKernelLock	16	static,ignoring_inline_asm
C:/Users/Daniel/STM32Cube/Repository/STM32Cube_FW_F4_V1.27.1/Middlewares/Third_Party/FreeRTOS/Source/CMSIS_RTOS_V2/cmsis_os2.c:312:9:osKernelUnlock	16	static,ignoring_inline_asm
C:/Users/Daniel/STM32Cube/Repository/STM32Cube_FW_F4_V1.27.1/Middlewares/Third_Party/FreeRTOS/Source/CMSIS_RTOS_V2/cmsis_os2.c:344:9:osKernelRestoreLock	24	static,ignoring_inline_asm
C:/Users/Daniel/STM32Cube/Repository/STM32Cube_FW_F4_V1.27.1/Middlewares/Third_Party/FreeRTOS/Source/CMSIS_RTOS_V2/cmsis_os2.c:380:10:osKernelGetTickCount	16	static,ignoring_inline_asm
C:/Users/Daniel/STM32Cube/Repository/STM32Cube_FW_F4_V1.27.1/Middlewares/Third_Party/FreeRTOS/Source/CMSIS_RTOS_V2/cmsis_os2.c:392:10:osKernelGetTickFreq	4	static
C:/Users/Daniel/STM32Cube/Repository/STM32Cube_FW_F4_V1.27.1/Middlewares/Third_Party/FreeRTOS/Source/CMSIS_RTOS_V2/cmsis_os2.c:397:17:OS_Tick_GetCount	16	static
C:/Users/Daniel/STM32Cube/Repository/STM32Cube_FW_F4_V1.27.1/Middlewares/Third_Party/FreeRTOS/Source/CMSIS_RTOS_V2/cmsis_os2.c:403:17:OS_Tick_GetOverflow	4	static
C:/Users/Daniel/STM32Cube/Repository/STM32Cube_FW_F4_V1.27.1/Middlewares/Third_Party/FreeRTOS/Source/CMSIS_RTOS_V2/cmsis_os2.c:408:17:OS_Tick_GetInterval	4	static
C:/Users/Daniel/STM32Cube/Repository/STM32Cube_FW_F4_V1.27.1/Middlewares/Third_Party/FreeRTOS/Source/CMSIS_RTOS_V2/cmsis_os2.c:412:10:osKernelGetSysTimerCount	32	static,ignoring_inline_asm
C:/Users/Daniel/STM32Cube/Repository/STM32Cube_FW_F4_V1.27.1/Middlewares/Third_Party/FreeRTOS/Source/CMSIS_RTOS_V2/cmsis_os2.c:435:10:osKernelGetSysTimerFreq	4	static
C:/Users/Daniel/STM32Cube/Repository/STM32Cube_FW_F4_V1.27.1/Middlewares/Third_Party/FreeRTOS/Source/CMSIS_RTOS_V2/cmsis_os2.c:441:14:osThreadNew	64	static,ignoring_inline_asm
C:/Users/Daniel/STM32Cube/Repository/STM32Cube_FW_F4_V1.27.1/Middlewares/Third_Party/FreeRTOS/Source/CMSIS_RTOS_V2/cmsis_os2.c:509:13:osThreadGetName	32	static,ignoring_inline_asm
C:/Users/Daniel/STM32Cube/Repository/STM32Cube_FW_F4_V1.27.1/Middlewares/Third_Party/FreeRTOS/Source/CMSIS_RTOS_V2/cmsis_os2.c:522:14:osThreadGetId	16	static
C:/Users/Daniel/STM32Cube/Repository/STM32Cube_FW_F4_V1.27.1/Middlewares/Third_Party/FreeRTOS/Source/CMSIS_RTOS_V2/cmsis_os2.c:530:17:osThreadGetState	32	static,ignoring_inline_asm
C:/Users/Daniel/STM32Cube/Repository/STM32Cube_FW_F4_V1.27.1/Middlewares/Third_Party/FreeRTOS/Source/CMSIS_RTOS_V2/cmsis_os2.c:552:10:osThreadGetStackSpace	32	static,ignoring_inline_asm
C:/Users/Daniel/STM32Cube/Repository/STM32Cube_FW_F4_V1.27.1/Middlewares/Third_Party/FreeRTOS/Source/CMSIS_RTOS_V2/cmsis_os2.c:565:12:osThreadSetPriority	32	static,ignoring_inline_asm
C:/Users/Daniel/STM32Cube/Repository/STM32Cube_FW_F4_V1.27.1/Middlewares/Third_Party/FreeRTOS/Source/CMSIS_RTOS_V2/cmsis_os2.c:583:14:osThreadGetPriority	32	static,ignoring_inline_asm
C:/Users/Daniel/STM32Cube/Repository/STM32Cube_FW_F4_V1.27.1/Middlewares/Third_Party/FreeRTOS/Source/CMSIS_RTOS_V2/cmsis_os2.c:596:12:osThreadYield	16	static,ignoring_inline_asm
C:/Users/Daniel/STM32Cube/Repository/STM32Cube_FW_F4_V1.27.1/Middlewares/Third_Party/FreeRTOS/Source/CMSIS_RTOS_V2/cmsis_os2.c:610:12:osThreadSuspend	32	static,ignoring_inline_asm
C:/Users/Daniel/STM32Cube/Repository/STM32Cube_FW_F4_V1.27.1/Middlewares/Third_Party/FreeRTOS/Source/CMSIS_RTOS_V2/cmsis_os2.c:628:12:osThreadResume	32	static,ignoring_inline_asm
C:/Users/Daniel/STM32Cube/Repository/STM32Cube_FW_F4_V1.27.1/Middlewares/Third_Party/FreeRTOS/Source/CMSIS_RTOS_V2/cmsis_os2.c:647:18:osThreadExit	8	static
C:/Users/Daniel/STM32Cube/Repository/STM32Cube_FW_F4_V1.27.1/Middlewares/Third_Party/FreeRTOS/Source/CMSIS_RTOS_V2/cmsis_os2.c:654:12:osThreadTerminate	32	static,ignoring_inline_asm
C:/Users/Daniel/STM32Cube/Repository/STM32Cube_FW_F4_V1.27.1/Middlewares/Third_Party/FreeRTOS/Source/CMSIS_RTOS_V2/cmsis_os2.c:683:10:osThreadGetCount	16	static,ignoring_inline_asm
C:/Users/Daniel/STM32Cube/Repository/STM32Cube_FW_F4_V1.27.1/Middlewares/Third_Party/FreeRTOS/Source/CMSIS_RTOS_V2/cmsis_os2.c:696:10:osThreadEnumerate	32	static,ignoring_inline_asm
C:/Users/Daniel/STM32Cube/Repository/STM32Cube_FW_F4_V1.27.1/Middlewares/Third_Party/FreeRTOS/Source/CMSIS_RTOS_V2/cmsis_os2.c:726:10:osThreadFlagsSet	40	static,ignoring_inline_asm
C:/Users/Daniel/STM32Cube/Repository/STM32Cube_FW_F4_V1.27.1/Middlewares/Third_Party/FreeRTOS/Source/CMSIS_RTOS_V2/cmsis_os2.c:754:10:osThreadFlagsClear	32	static,ignoring_inline_asm
C:/Users/Daniel/STM32Cube/Repository/STM32Cube_FW_F4_V1.27.1/Middlewares/Third_Party/FreeRTOS/Source/CMSIS_RTOS_V2/cmsis_os2.c:784:10:osThreadFlagsGet	24	static,ignoring_inline_asm
C:/Users/Daniel/STM32Cube/Repository/STM32Cube_FW_F4_V1.27.1/Middlewares/Third_Party/FreeRTOS/Source/CMSIS_RTOS_V2/cmsis_os2.c:802:10:osThreadFlagsWait	56	static,ignoring_inline_asm
C:/Users/Daniel/STM32Cube/Repository/STM32Cube_FW_F4_V1.27.1/Middlewares/Third_Party/FreeRTOS/Source/CMSIS_RTOS_V2/cmsis_os2.c:878:12:osDelay	24	static,ignoring_inline_asm
C:/Users/Daniel/STM32Cube/Repository/STM32Cube_FW_F4_V1.27.1/Middlewares/Third_Party/FreeRTOS/Source/CMSIS_RTOS_V2/cmsis_os2.c:895:12:osDelayUntil	32	static,ignoring_inline_asm
C:/Users/Daniel/STM32Cube/Repository/STM32Cube_FW_F4_V1.27.1/Middlewares/Third_Party/FreeRTOS/Source/CMSIS_RTOS_V2/cmsis_os2.c:926:13:TimerCallback	24	static
C:/Users/Daniel/STM32Cube/Repository/STM32Cube_FW_F4_V1.27.1/Middlewares/Third_Party/FreeRTOS/Source/CMSIS_RTOS_V2/cmsis_os2.c:936:13:osTimerNew	56	static,ignoring_inline_asm
C:/Users/Daniel/STM32Cube/Repository/STM32Cube_FW_F4_V1.27.1/Middlewares/Third_Party/FreeRTOS/Source/CMSIS_RTOS_V2/cmsis_os2.c:1002:13:osTimerGetName	32	static,ignoring_inline_asm
C:/Users/Daniel/STM32Cube/Repository/STM32Cube_FW_F4_V1.27.1/Middlewares/Third_Party/FreeRTOS/Source/CMSIS_RTOS_V2/cmsis_os2.c:1015:12:osTimerStart	40	static,ignoring_inline_asm
C:/Users/Daniel/STM32Cube/Repository/STM32Cube_FW_F4_V1.27.1/Middlewares/Third_Party/FreeRTOS/Source/CMSIS_RTOS_V2/cmsis_os2.c:1036:12:osTimerStop	40	static,ignoring_inline_asm
C:/Users/Daniel/STM32Cube/Repository/STM32Cube_FW_F4_V1.27.1/Middlewares/Third_Party/FreeRTOS/Source/CMSIS_RTOS_V2/cmsis_os2.c:1062:10:osTimerIsRunning	32	static,ignoring_inline_asm
C:/Users/Daniel/STM32Cube/Repository/STM32Cube_FW_F4_V1.27.1/Middlewares/Third_Party/FreeRTOS/Source/CMSIS_RTOS_V2/cmsis_os2.c:1075:12:osTimerDelete	40	static,ignoring_inline_asm
C:/Users/Daniel/STM32Cube/Repository/STM32Cube_FW_F4_V1.27.1/Middlewares/Third_Party/FreeRTOS/Source/CMSIS_RTOS_V2/cmsis_os2.c:1107:18:osEventFlagsNew	32	static,ignoring_inline_asm
C:/Users/Daniel/STM32Cube/Repository/STM32Cube_FW_F4_V1.27.1/Middlewares/Third_Party/FreeRTOS/Source/CMSIS_RTOS_V2/cmsis_os2.c:1147:10:osEventFlagsSet	32	static,ignoring_inline_asm
C:/Users/Daniel/STM32Cube/Repository/STM32Cube_FW_F4_V1.27.1/Middlewares/Third_Party/FreeRTOS/Source/CMSIS_RTOS_V2/cmsis_os2.c:1178:10:osEventFlagsClear	32	static,ignoring_inline_asm
C:/Users/Daniel/STM32Cube/Repository/STM32Cube_FW_F4_V1.27.1/Middlewares/Third_Party/FreeRTOS/Source/CMSIS_RTOS_V2/cmsis_os2.c:1204:10:osEventFlagsGet	32	static,ignoring_inline_asm
C:/Users/Daniel/STM32Cube/Repository/STM32Cube_FW_F4_V1.27.1/Middlewares/Third_Party/FreeRTOS/Source/CMSIS_RTOS_V2/cmsis_os2.c:1221:10:osEventFlagsWait	56	static,ignoring_inline_asm
C:/Users/Daniel/STM32Cube/Repository/STM32Cube_FW_F4_V1.27.1/Middlewares/Third_Party/FreeRTOS/Source/CMSIS_RTOS_V2/cmsis_os2.c:1271:12:osEventFlagsDelete	32	static,ignoring_inline_asm
C:/Users/Daniel/STM32Cube/Repository/STM32Cube_FW_F4_V1.27.1/Middlewares/Third_Party/FreeRTOS/Source/CMSIS_RTOS_V2/cmsis_os2.c:1296:13:osMutexNew	40	static,ignoring_inline_asm
C:/Users/Daniel/STM32Cube/Repository/STM32Cube_FW_F4_V1.27.1/Middlewares/Third_Party/FreeRTOS/Source/CMSIS_RTOS_V2/cmsis_os2.c:1383:12:osMutexAcquire	32	static,ignoring_inline_asm
C:/Users/Daniel/STM32Cube/Repository/STM32Cube_FW_F4_V1.27.1/Middlewares/Third_Party/FreeRTOS/Source/CMSIS_RTOS_V2/cmsis_os2.c:1426:12:osMutexRelease	32	static,ignoring_inline_asm
C:/Users/Daniel/STM32Cube/Repository/STM32Cube_FW_F4_V1.27.1/Middlewares/Third_Party/FreeRTOS/Source/CMSIS_RTOS_V2/cmsis_os2.c:1461:14:osMutexGetOwner	32	static,ignoring_inline_asm
C:/Users/Daniel/STM32Cube/Repository/STM32Cube_FW_F4_V1.27.1/Middlewares/Third_Party/FreeRTOS/Source/CMSIS_RTOS_V2/cmsis_os2.c:1476:12:osMutexDelete	32	static,ignoring_inline_asm
C:/Users/Daniel/STM32Cube/Repository/STM32Cube_FW_F4_V1.27.1/Middlewares/Third_Party/FreeRTOS/Source/CMSIS_RTOS_V2/cmsis_os2.c:1506:17:osSemaphoreNew	48	static,ignoring_inline_asm
C:/Users/Daniel/STM32Cube/Repository/STM32Cube_FW_F4_V1.27.1/Middlewares/Third_Party/FreeRTOS/Source/CMSIS_RTOS_V2/cmsis_os2.c:1581:12:osSemaphoreAcquire	32	static,ignoring_inline_asm
C:/Users/Daniel/STM32Cube/Repository/STM32Cube_FW_F4_V1.27.1/Middlewares/Third_Party/FreeRTOS/Source/CMSIS_RTOS_V2/cmsis_os2.c:1618:12:osSemaphoreRelease	32	static,ignoring_inline_asm
C:/Users/Daniel/STM32Cube/Repository/STM32Cube_FW_F4_V1.27.1/Middlewares/Third_Party/FreeRTOS/Source/CMSIS_RTOS_V2/cmsis_os2.c:1646:10:osSemaphoreGetCount	32	static,ignoring_inline_asm
C:/Users/Daniel/STM32Cube/Repository/STM32Cube_FW_F4_V1.27.1/Middlewares/Third_Party/FreeRTOS/Source/CMSIS_RTOS_V2/cmsis_os2.c:1662:12:osSemaphoreDelete	32	static,ignoring_inline_asm
C:/Users/Daniel/STM32Cube/Repository/STM32Cube_FW_F4_V1.27.1/Middlewares/Third_Party/FreeRTOS/Source/CMSIS_RTOS_V2/cmsis_os2.c:1690:20:osMessageQueueNew	48	static,ignoring_inline_asm
C:/Users/Daniel/STM32Cube/Repository/STM32Cube_FW_F4_V1.27.1/Middlewares/Third_Party/FreeRTOS/Source/CMSIS_RTOS_V2/cmsis_os2.c:1747:12:osMessageQueuePut	40	static,ignoring_inline_asm
C:/Users/Daniel/STM32Cube/Repository/STM32Cube_FW_F4_V1.27.1/Middlewares/Third_Party/FreeRTOS/Source/CMSIS_RTOS_V2/cmsis_os2.c:1788:12:osMessageQueueGet	40	static,ignoring_inline_asm
C:/Users/Daniel/STM32Cube/Repository/STM32Cube_FW_F4_V1.27.1/Middlewares/Third_Party/FreeRTOS/Source/CMSIS_RTOS_V2/cmsis_os2.c:1829:10:osMessageQueueGetCapacity	24	static
C:/Users/Daniel/STM32Cube/Repository/STM32Cube_FW_F4_V1.27.1/Middlewares/Third_Party/FreeRTOS/Source/CMSIS_RTOS_V2/cmsis_os2.c:1843:10:osMessageQueueGetMsgSize	24	static
C:/Users/Daniel/STM32Cube/Repository/STM32Cube_FW_F4_V1.27.1/Middlewares/Third_Party/FreeRTOS/Source/CMSIS_RTOS_V2/cmsis_os2.c:1857:10:osMessageQueueGetCount	32	static,ignoring_inline_asm
C:/Users/Daniel/STM32Cube/Repository/STM32Cube_FW_F4_V1.27.1/Middlewares/Third_Party/FreeRTOS/Source/CMSIS_RTOS_V2/cmsis_os2.c:1874:10:osMessageQueueGetSpace	48	static,ignoring_inline_asm
C:/Users/Daniel/STM32Cube/Repository/STM32Cube_FW_F4_V1.27.1/Middlewares/Third_Party/FreeRTOS/Source/CMSIS_RTOS_V2/cmsis_os2.c:1897:12:osMessageQueueReset	32	static,ignoring_inline_asm
C:/Users/Daniel/STM32Cube/Repository/STM32Cube_FW_F4_V1.27.1/Middlewares/Third_Party/FreeRTOS/Source/CMSIS_RTOS_V2/cmsis_os2.c:1915:12:osMessageQueueDelete	32	static,ignoring_inline_asm
C:/Users/Daniel/STM32Cube/Repository/STM32Cube_FW_F4_V1.27.1/Middlewares/Third_Party/FreeRTOS/Source/CMSIS_RTOS_V2/cmsis_os2.c:1949:18:osMemoryPoolNew	48	static,ignoring_inline_asm
C:/Users/Daniel/STM32Cube/Repository/STM32Cube_FW_F4_V1.27.1/Middlewares/Third_Party/FreeRTOS/Source/CMSIS_RTOS_V2/cmsis_os2.c:2066:13:osMemoryPoolGetName	32	static,ignoring_inline_asm
C:/Users/Daniel/STM32Cube/Repository/STM32Cube_FW_F4_V1.27.1/Middlewares/Third_Party/FreeRTOS/Source/CMSIS_RTOS_V2/cmsis_os2.c:2083:7:osMemoryPoolAlloc	48	static,ignoring_inline_asm
C:/Users/Daniel/STM32Cube/Repository/STM32Cube_FW_F4_V1.27.1/Middlewares/Third_Party/FreeRTOS/Source/CMSIS_RTOS_V2/cmsis_os2.c:2140:12:osMemoryPoolFree	48	static,ignoring_inline_asm
C:/Users/Daniel/STM32Cube/Repository/STM32Cube_FW_F4_V1.27.1/Middlewares/Third_Party/FreeRTOS/Source/CMSIS_RTOS_V2/cmsis_os2.c:2202:10:osMemoryPoolGetCapacity	24	static
C:/Users/Daniel/STM32Cube/Repository/STM32Cube_FW_F4_V1.27.1/Middlewares/Third_Party/FreeRTOS/Source/CMSIS_RTOS_V2/cmsis_os2.c:2226:10:osMemoryPoolGetBlockSize	24	static
C:/Users/Daniel/STM32Cube/Repository/STM32Cube_FW_F4_V1.27.1/Middlewares/Third_Party/FreeRTOS/Source/CMSIS_RTOS_V2/cmsis_os2.c:2250:10:osMemoryPoolGetCount	32	static,ignoring_inline_asm
C:/Users/Daniel/STM32Cube/Repository/STM32Cube_FW_F4_V1.27.1/Middlewares/Third_Party/FreeRTOS/Source/CMSIS_RTOS_V2/cmsis_os2.c:2280:10:osMemoryPoolGetSpace	32	static,ignoring_inline_asm
C:/Users/Daniel/STM32Cube/Repository/STM32Cube_FW_F4_V1.27.1/Middlewares/Third_Party/FreeRTOS/Source/CMSIS_RTOS_V2/cmsis_os2.c:2308:12:osMemoryPoolDelete	32	static,ignoring_inline_asm
C:/Users/Daniel/STM32Cube/Repository/STM32Cube_FW_F4_V1.27.1/Middlewares/Third_Party/FreeRTOS/Source/CMSIS_RTOS_V2/cmsis_os2.c:2354:14:CreateBlock	24	static
C:/Users/Daniel/STM32Cube/Repository/STM32Cube_FW_F4_V1.27.1/Middlewares/Third_Party/FreeRTOS/Source/CMSIS_RTOS_V2/cmsis_os2.c:2371:14:AllocBlock	24	static
C:/Users/Daniel/STM32Cube/Repository/STM32Cube_FW_F4_V1.27.1/Middlewares/Third_Party/FreeRTOS/Source/CMSIS_RTOS_V2/cmsis_os2.c:2388:13:FreeBlock	24	static
C:/Users/Daniel/STM32Cube/Repository/STM32Cube_FW_F4_V1.27.1/Middlewares/Third_Party/FreeRTOS/Source/CMSIS_RTOS_V2/cmsis_os2.c:2425:13:vApplicationMallocFailedHook	4	static
C:/Users/Daniel/STM32Cube/Repository/STM32Cube_FW_F4_V1.27.1/Middlewares/Third_Party/FreeRTOS/Source/CMSIS_RTOS_V2/cmsis_os2.c:2439:13:vApplicationStackOverflowHook	24	static,ignoring_inline_asm
C:/Users/Daniel/STM32Cube/Repository/STM32Cube_FW_F4_V1.27.1/Middlewares/Third_Party/FreeRTOS/Source/CMSIS_RTOS_V2/cmsis_os2.c:2456:13:vApplicationGetIdleTaskMemory	24	static
C:/Users/Daniel/STM32Cube/Repository/STM32Cube_FW_F4_V1.27.1/Middlewares/Third_Party/FreeRTOS/Source/CMSIS_RTOS_V2/cmsis_os2.c:2470:13:vApplicationGetTimerTaskMemory	24	static
