C:/Users/Daniel/STM32Cube/Repository/STM32Cube_FW_F4_V1.27.1/Middlewares/Third_Party/FreeRTOS/Source/croutine.c:102:12:xCoRoutineCreate	32	static
C:/Users/Daniel/STM32Cube/Repository/STM32Cube_FW_F4_V1.27.1/Middlewares/Third_Party/FreeRTOS/Source/croutine.c:159:6:vCoRoutineAddToDelayedList	24	static
C:/Users/Daniel/STM32Cube/Repository/STM32Cube_FW_F4_V1.27.1/Middlewares/Third_Party/FreeRTOS/Source/croutine.c:197:13:prvCheckPendingReadyList	24	static,ignoring_inline_asm
C:/Users/Daniel/STM32Cube/Repository/STM32Cube_FW_F4_V1.27.1/Middlewares/Third_Party/FreeRTOS/Source/croutine.c:220:13:prvCheckDelayedList	24	static,ignoring_inline_asm
C:/Users/Daniel/STM32Cube/Repository/STM32Cube_FW_F4_V1.27.1/Middlewares/Third_Party/FreeRTOS/Source/croutine.c:278:6:vCoRoutineSchedule	16	static
C:/Users/Daniel/STM32Cube/Repository/STM32Cube_FW_F4_V1.27.1/Middlewares/Third_Party/FreeRTOS/Source/croutine.c:308:13:prvInitialiseCoRoutineLists	16	static
C:/Users/Daniel/STM32Cube/Repository/STM32Cube_FW_F4_V1.27.1/Middlewares/Third_Party/FreeRTOS/Source/croutine.c:328:12:xCoRoutineRemoveFromEventList	24	static
