Archive member included to satisfy reference by file (symbol)

c:/st/stm32cubeide_1.10.1/stm32cubeide/plugins/com.st.stm32cube.ide.mcu.externaltools.gnu-tools-for-stm32.10.3-2021.10.win32_1.0.0.202111181127/tools/bin/../lib/gcc/arm-none-eabi/10.3.1/../../../../arm-none-eabi/lib/thumb/v7e-m+fp/hard\libc_nano.a(lib_a-errno.o)
                              ./Core/Src/syscalls.o (__errno)
c:/st/stm32cubeide_1.10.1/stm32cubeide/plugins/com.st.stm32cube.ide.mcu.externaltools.gnu-tools-for-stm32.10.3-2021.10.win32_1.0.0.202111181127/tools/bin/../lib/gcc/arm-none-eabi/10.3.1/../../../../arm-none-eabi/lib/thumb/v7e-m+fp/hard\libc_nano.a(lib_a-exit.o)
                              c:/st/stm32cubeide_1.10.1/stm32cubeide/plugins/com.st.stm32cube.ide.mcu.externaltools.gnu-tools-for-stm32.10.3-2021.10.win32_1.0.0.202111181127/tools/bin/../lib/gcc/arm-none-eabi/10.3.1/../../../../arm-none-eabi/lib/thumb/v7e-m+fp/hard/crt0.o (exit)
c:/st/stm32cubeide_1.10.1/stm32cubeide/plugins/com.st.stm32cube.ide.mcu.externaltools.gnu-tools-for-stm32.10.3-2021.10.win32_1.0.0.202111181127/tools/bin/../lib/gcc/arm-none-eabi/10.3.1/../../../../arm-none-eabi/lib/thumb/v7e-m+fp/hard\libc_nano.a(lib_a-findfp.o)
                              ./Middlewares/FreeRTOS/tasks.o (__sf_fake_stderr)
c:/st/stm32cubeide_1.10.1/stm32cubeide/plugins/com.st.stm32cube.ide.mcu.externaltools.gnu-tools-for-stm32.10.3-2021.10.win32_1.0.0.202111181127/tools/bin/../lib/gcc/arm-none-eabi/10.3.1/../../../../arm-none-eabi/lib/thumb/v7e-m+fp/hard\libc_nano.a(lib_a-fwalk.o)
                              c:/st/stm32cubeide_1.10.1/stm32cubeide/plugins/com.st.stm32cube.ide.mcu.externaltools.gnu-tools-for-stm32.10.3-2021.10.win32_1.0.0.202111181127/tools/bin/../lib/gcc/arm-none-eabi/10.3.1/../../../../arm-none-eabi/lib/thumb/v7e-m+fp/hard\libc_nano.a(lib_a-findfp.o) (_fwalk)
c:/st/stm32cubeide_1.10.1/stm32cubeide/plugins/com.st.stm32cube.ide.mcu.externaltools.gnu-tools-for-stm32.10.3-2021.10.win32_1.0.0.202111181127/tools/bin/../lib/gcc/arm-none-eabi/10.3.1/../../../../arm-none-eabi/lib/thumb/v7e-m+fp/hard\libc_nano.a(lib_a-impure.o)
                              c:/st/stm32cubeide_1.10.1/stm32cubeide/plugins/com.st.stm32cube.ide.mcu.externaltools.gnu-tools-for-stm32.10.3-2021.10.win32_1.0.0.202111181127/tools/bin/../lib/gcc/arm-none-eabi/10.3.1/../../../../arm-none-eabi/lib/thumb/v7e-m+fp/hard\libc_nano.a(lib_a-exit.o) (_global_impure_ptr)
c:/st/stm32cubeide_1.10.1/stm32cubeide/plugins/com.st.stm32cube.ide.mcu.externaltools.gnu-tools-for-stm32.10.3-2021.10.win32_1.0.0.202111181127/tools/bin/../lib/gcc/arm-none-eabi/10.3.1/../../../../arm-none-eabi/lib/thumb/v7e-m+fp/hard\libc_nano.a(lib_a-init.o)
                              c:/st/stm32cubeide_1.10.1/stm32cubeide/plugins/com.st.stm32cube.ide.mcu.externaltools.gnu-tools-for-stm32.10.3-2021.10.win32_1.0.0.202111181127/tools/bin/../lib/gcc/arm-none-eabi/10.3.1/../../../../arm-none-eabi/lib/thumb/v7e-m+fp/hard/crt0.o (__libc_init_array)
c:/st/stm32cubeide_1.10.1/stm32cubeide/plugins/com.st.stm32cube.ide.mcu.externaltools.gnu-tools-for-stm32.10.3-2021.10.win32_1.0.0.202111181127/tools/bin/../lib/gcc/arm-none-eabi/10.3.1/../../../../arm-none-eabi/lib/thumb/v7e-m+fp/hard\libc_nano.a(lib_a-lock.o)
                              c:/st/stm32cubeide_1.10.1/stm32cubeide/plugins/com.st.stm32cube.ide.mcu.externaltools.gnu-tools-for-stm32.10.3-2021.10.win32_1.0.0.202111181127/tools/bin/../lib/gcc/arm-none-eabi/10.3.1/../../../../arm-none-eabi/lib/thumb/v7e-m+fp/hard\libc_nano.a(lib_a-findfp.o) (__retarget_lock_init_recursive)
c:/st/stm32cubeide_1.10.1/stm32cubeide/plugins/com.st.stm32cube.ide.mcu.externaltools.gnu-tools-for-stm32.10.3-2021.10.win32_1.0.0.202111181127/tools/bin/../lib/gcc/arm-none-eabi/10.3.1/../../../../arm-none-eabi/lib/thumb/v7e-m+fp/hard\libc_nano.a(lib_a-memcpy-stub.o)
                              ./Middlewares/FreeRTOS/cmsis_os2.o (memcpy)
c:/st/stm32cubeide_1.10.1/stm32cubeide/plugins/com.st.stm32cube.ide.mcu.externaltools.gnu-tools-for-stm32.10.3-2021.10.win32_1.0.0.202111181127/tools/bin/../lib/gcc/arm-none-eabi/10.3.1/../../../../arm-none-eabi/lib/thumb/v7e-m+fp/hard\libc_nano.a(lib_a-memset.o)
                              c:/st/stm32cubeide_1.10.1/stm32cubeide/plugins/com.st.stm32cube.ide.mcu.externaltools.gnu-tools-for-stm32.10.3-2021.10.win32_1.0.0.202111181127/tools/bin/../lib/gcc/arm-none-eabi/10.3.1/../../../../arm-none-eabi/lib/thumb/v7e-m+fp/hard/crt0.o (memset)
c:/st/stm32cubeide_1.10.1/stm32cubeide/plugins/com.st.stm32cube.ide.mcu.externaltools.gnu-tools-for-stm32.10.3-2021.10.win32_1.0.0.202111181127/tools/bin/../lib/gcc/arm-none-eabi/10.3.1/../../../../arm-none-eabi/lib/thumb/v7e-m+fp/hard\libc_nano.a(lib_a-nano-mallocr.o)
[...]
Memory Configuration

Name             Origin             Length             Attributes
RAM              0x0000000020000000 0x0000000000020000 xrw
FLASH            0x0000000008000000 0x0000000000080000 xr
*default*        0x0000000000000000 0xffffffffffffffff

Linker script and memory map

LOAD c:/st/stm32cubeide_1.10.1/stm32cubeide/plugins/com.st.stm32cube.ide.mcu.externaltools.gnu-tools-for-stm32.10.3-2021.10.win32_1.0.0.202111181127/tools/bin/../lib/gcc/arm-none-eabi/10.3.1/thumb/v7e-m+fp/hard/crti.o
LOAD c:/st/stm32cubeide_1.10.1/stm32cubeide/plugins/com.st.stm32cube.ide.mcu.externaltools.gnu-tools-for-stm32.10.3-2021.10.win32_1.0.0.202111181127/tools/bin/../lib/gcc/arm-none-eabi/10.3.1/thumb/v7e-m+fp/hard/crtbegin.o
LOAD c:/st/stm32cubeide_1.10.1/stm32cubeide/plugins/com.st.stm32cube.ide.mcu.externaltools.gnu-tools-for-stm32.10.3-2021.10.win32_1.0.0.202111181127/tools/bin/../lib/gcc/arm-none-eabi/10.3.1/../../../../arm-none-eabi/lib/thumb/v7e-m+fp/hard/crt0.o
LOAD ./ApplicationLayer/AirQty/AirQty.o
LOAD ./ApplicationLayer/AirSen/AirSen.o
LOAD ./ApplicationLayer/BTC/BTC.o
LOAD ./ApplicationLayer/CenLoc/CenLoc.o
LOAD ./ApplicationLayer/ComMon/ComMon.o
LOAD ./ApplicationLayer/DiagCheckH/DiagCheckH.o
LOAD ./ApplicationLayer/DiagH/DiagH.o
LOAD ./ApplicationLayer/ExtLights/ExtLights.o
LOAD ./ApplicationLayer/GauCls/GauCls.o
LOAD ./ApplicationLayer/HVAC/HVAC.o
LOAD ./ApplicationLayer/IntLights/IntLights.o
LOAD ./ApplicationLayer/LightSen/LightSen.o
LOAD ./ApplicationLayer/PDC/PDC.o
LOAD ./ApplicationLayer/RainSen/RainSen.o
LOAD ./ApplicationLayer/SecAlm/SecAlm.o
LOAD ./ApplicationLayer/TemSen/TemSen.o
LOAD ./ApplicationLayer/VibSen/VibSen.o
LOAD ./ApplicationLayer/VoltH/VoltH.o
LOAD ./CommunicationServices/Can/Can.o
LOAD ./CommunicationServices/I2c/I2c.o
LOAD ./CommunicationServices/Lin/Lin.o
LOAD ./CommunicationServices/Uart/Uart.o
LOAD ./Core/Src/adc.o
LOAD ./Core/Src/crc.o
LOAD ./Core/Src/dma.o
LOAD ./Core/Src/freertos.o
LOAD ./Core/Src/gpio.o
LOAD ./Core/Src/iwdg.o
LOAD ./Core/Src/main.o
LOAD ./Core/Src/rtc.o
LOAD ./Core/Src/spi.o
LOAD ./Core/Src/stm32f4xx_hal_msp.o
LOAD ./Core/Src/stm32f4xx_hal_timebase_tim.o
LOAD ./Core/Src/stm32f4xx_it.o
LOAD ./Core/Src/syscalls.o
LOAD ./Core/Src/sysmem.o
LOAD ./Core/Src/system_stm32f4xx.o
LOAD ./Core/Src/tim.o
LOAD ./Core/Src/usart.o
LOAD ./Core/Src/wwdg.o
LOAD ./Core/Startup/startup_stm32f411retx.o
LOAD ./DiagnosticServices/Dcm/Dcm.o
LOAD ./DiagnosticServices/Dem/Dem.o
LOAD ./Drivers/STM32F4xx_HAL_Driver/stm32f4xx_hal.o
LOAD ./Drivers/STM32F4xx_HAL_Driver/stm32f4xx_hal_adc.o
LOAD ./Drivers/STM32F4xx_HAL_Driver/stm32f4xx_hal_adc_ex.o
LOAD ./Drivers/STM32F4xx_HAL_Driver/stm32f4xx_hal_cortex.o
LOAD ./Drivers/STM32F4xx_HAL_Driver/stm32f4xx_hal_crc.o
LOAD ./Drivers/STM32F4xx_HAL_Driver/stm32f4xx_hal_dma.o
LOAD ./Drivers/STM32F4xx_HAL_Driver/stm32f4xx_hal_dma_ex.o
LOAD ./Drivers/STM32F4xx_HAL_Driver/stm32f4xx_hal_exti.o
LOAD ./Drivers/STM32F4xx_HAL_Driver/stm32f4xx_hal_flash.o
LOAD ./Drivers/STM32F4xx_HAL_Driver/stm32f4xx_hal_flash_ex.o
LOAD ./Drivers/STM32F4xx_HAL_Driver/stm32f4xx_hal_flash_ramfunc.o
LOAD ./Drivers/STM32F4xx_HAL_Driver/stm32f4xx_hal_gpio.o
LOAD ./Drivers/STM32F4xx_HAL_Driver/stm32f4xx_hal_iwdg.o
LOAD ./Drivers/STM32F4xx_HAL_Driver/stm32f4xx_hal_pwr.o
LOAD ./Drivers/STM32F4xx_HAL_Driver/stm32f4xx_hal_pwr_ex.o
LOAD ./Drivers/STM32F4xx_HAL_Driver/stm32f4xx_hal_rcc.o
LOAD ./Drivers/STM32F4xx_HAL_Driver/stm32f4xx_hal_rcc_ex.o
LOAD ./Drivers/STM32F4xx_HAL_Driver/stm32f4xx_hal_rtc.o
LOAD ./Drivers/STM32F4xx_HAL_Driver/stm32f4xx_hal_rtc_ex.o
LOAD ./Drivers/STM32F4xx_HAL_Driver/stm32f4xx_hal_spi.o
LOAD ./Drivers/STM32F4xx_HAL_Driver/stm32f4xx_hal_tim.o
LOAD ./Drivers/STM32F4xx_HAL_Driver/stm32f4xx_hal_tim_ex.o
LOAD ./Drivers/STM32F4xx_HAL_Driver/stm32f4xx_hal_uart.o
LOAD ./Drivers/STM32F4xx_HAL_Driver/stm32f4xx_hal_wwdg.o
LOAD ./Drivers/STM32F4xx_HAL_Driver/stm32f4xx_ll_adc.o
LOAD ./IOServices/Adc/AdcH.o
LOAD ./IOServices/AinH/AinH.o
LOAD ./IOServices/DinH/DinH.o
LOAD ./IOServices/Dio/Dio.o
LOAD ./IOServices/Dma/DmaH.o
LOAD ./IOServices/DoutH/DoutH.o
LOAD ./IOServices/Port/Port.o
LOAD ./IOServices/Pwm/Pwm.o
LOAD ./IOServices/Spi/SpiH.o
LOAD ./IOServices/Tim/TimH.o
LOAD ./MemoryServices/Ea/Ea.o
LOAD ./MemoryServices/Fee/Fee.o
LOAD ./MemoryServices/MemIf/MemIf.o
LOAD ./MemoryServices/NvM/NvM.o
LOAD ./Middlewares/FreeRTOS/cmsis_os2.o
LOAD ./Middlewares/FreeRTOS/croutine.o
LOAD ./Middlewares/FreeRTOS/event_groups.o
LOAD ./Middlewares/FreeRTOS/heap_4.o
LOAD ./Middlewares/FreeRTOS/list.o
LOAD ./Middlewares/FreeRTOS/port.o
LOAD ./Middlewares/FreeRTOS/queue.o
LOAD ./Middlewares/FreeRTOS/stream_buffer.o
LOAD ./Middlewares/FreeRTOS/tasks.o
LOAD ./Middlewares/FreeRTOS/timers.o
LOAD ./RTE/RTE.o
LOAD ./SystemServices/BswM/BswM.o
LOAD ./SystemServices/Crc/CrcH.o
LOAD ./SystemServices/EcuM/EcuM.o
LOAD ./SystemServices/ErrorManagement/ErrorManagement.o
LOAD ./SystemServices/FlashTest/FlashTest.o
LOAD ./SystemServices/ModeManagement/ModeManagement.o
LOAD ./SystemServices/RamTest/RamTest.o
LOAD ./SystemServices/RunTimeMeasurements/RunTimeMeasurements.o
LOAD ./SystemServices/SystemManagement/SystemManagement.o
LOAD ./SystemServices/WatchdogManagement/WatchdogManagement.o
START GROUP
LOAD c:/st/stm32cubeide_1.10.1/stm32cubeide/plugins/com.st.stm32cube.ide.mcu.externaltools.gnu-tools-for-stm32.10.3-2021.10.win32_1.0.0.202111181127/tools/bin/../lib/gcc/arm-none-eabi/10.3.1/../../../../arm-none-eabi/lib/thumb/v7e-m+fp/hard\libc_nano.a
LOAD c:/st/stm32cubeide_1.10.1/stm32cubeide/plugins/com.st.stm32cube.ide.mcu.externaltools.gnu-tools-for-stm32.10.3-2021.10.win32_1.0.0.202111181127/tools/bin/../lib/gcc/arm-none-eabi/10.3.1/../../../../arm-none-eabi/lib/thumb/v7e-m+fp/hard\libm.a
END GROUP
START GROUP
LOAD c:/st/stm32cubeide_1.10.1/stm32cubeide/plugins/com.st.stm32cube.ide.mcu.externaltools.gnu-tools-for-stm32.10.3-2021.10.win32_1.0.0.202111181127/tools/bin/../lib/gcc/arm-none-eabi/10.3.1/thumb/v7e-m+fp/hard\libgcc.a
LOAD c:/st/stm32cubeide_1.10.1/stm32cubeide/plugins/com.st.stm32cube.ide.mcu.externaltools.gnu-tools-for-stm32.10.3-2021.10.win32_1.0.0.202111181127/tools/bin/../lib/gcc/arm-none-eabi/10.3.1/../../../../arm-none-eabi/lib/thumb/v7e-m+fp/hard\libc_nano.a
END GROUP
START GROUP
LOAD c:/st/stm32cubeide_1.10.1/stm32cubeide/plugins/com.st.stm32cube.ide.mcu.externaltools.gnu-tools-for-stm32.10.3-2021.10.win32_1.0.0.202111181127/tools/bin/../lib/gcc/arm-none-eabi/10.3.1/thumb/v7e-m+fp/hard\libgcc.a
LOAD c:/st/stm32cubeide_1.10.1/stm32cubeide/plugins/com.st.stm32cube.ide.mcu.externaltools.gnu-tools-for-stm32.10.3-2021.10.win32_1.0.0.202111181127/tools/bin/../lib/gcc/arm-none-eabi/10.3.1/../../../../arm-none-eabi/lib/thumb/v7e-m+fp/hard\libc_nano.a
LOAD c:/st/stm32cubeide_1.10.1/stm32cubeide/plugins/com.st.stm32cube.ide.mcu.externaltools.gnu-tools-for-stm32.10.3-2021.10.win32_1.0.0.202111181127/tools/bin/../lib/gcc/arm-none-eabi/10.3.1/../../../../arm-none-eabi/lib/thumb/v7e-m+fp/hard\libnosys.a
END GROUP
START GROUP
LOAD c:/st/stm32cubeide_1.10.1/stm32cubeide/plugins/com.st.stm32cube.ide.mcu.externaltools.gnu-tools-for-stm32.10.3-2021.10.win32_1.0.0.202111181127/tools/bin/../lib/gcc/arm-none-eabi/10.3.1/thumb/v7e-m+fp/hard\libgcc.a
LOAD c:/st/stm32cubeide_1.10.1/stm32cubeide/plugins/com.st.stm32cube.ide.mcu.externaltools.gnu-tools-for-stm32.10.3-2021.10.win32_1.0.0.202111181127/tools/bin/../lib/gcc/arm-none-eabi/10.3.1/../../../../arm-none-eabi/lib/thumb/v7e-m+fp/hard\libc_nano.a
LOAD c:/st/stm32cubeide_1.10.1/stm32cubeide/plugins/com.st.stm32cube.ide.mcu.externaltools.gnu-tools-for-stm32.10.3-2021.10.win32_1.0.0.202111181127/tools/bin/../lib/gcc/arm-none-eabi/10.3.1/../../../../arm-none-eabi/lib/thumb/v7e-m+fp/hard\libnosys.a
END GROUP
LOAD c:/st/stm32cubeide_1.10.1/stm32cubeide/plugins/com.st.stm32cube.ide.mcu.externaltools.gnu-tools-for-stm32.10.3-2021.10.win32_1.0.0.202111181127/tools/bin/../lib/gcc/arm-none-eabi/10.3.1/thumb/v7e-m+fp/hard/crtend.o
LOAD c:/st/stm32cubeide_1.10.1/stm32cubeide/plugins/com.st.stm32cube.ide.mcu.externaltools.gnu-tools-for-stm32.10.3-2021.10.win32_1.0.0.202111181127/tools/bin/../lib/gcc/arm-none-eabi/10.3.1/thumb/v7e-m+fp/hard/crtn.o
                0x0000000020020000                _estack = (ORIGIN (RAM) + LENGTH (RAM))
                0x0000000000000200                _Min_Heap_Size = 0x200
                0x0000000000000400                _Min_Stack_Size = 0x400

.isr_vector     0x0000000008000000      0x198
                0x0000000008000000                . = ALIGN (0x4)
 *(.isr_vector)
 .isr_vector    0x0000000008000000      0x198 ./Core/Startup/startup_stm32f411retx.o
                0x0000000008000000                g_pfnVectors
                0x0000000008000198                . = ALIGN (0x4)

.text           0x00000000080001a0     0xa210
                0x00000000080001a0                . = ALIGN (0x4)
 *(.text)
 .text          0x00000000080001a0       0x40 c:/st/stm32cubeide_1.10.1/stm32cubeide/plugins/com.st.stm32cube.ide.mcu.externaltools.gnu-tools-for-stm32.10.3-2021.10.win32_1.0.0.202111181127/tools/bin/../lib/gcc/arm-none-eabi/10.3.1/thumb/v7e-m+fp/hard/crtbegin.o
 .text          0x00000000080001e0       0x30 c:/st/stm32cubeide_1.10.1/stm32cubeide/plugins/com.st.stm32cube.ide.mcu.externaltools.gnu-tools-for-stm32.10.3-2021.10.win32_1.0.0.202111181127/tools/bin/../lib/gcc/arm-none-eabi/10.3.1/thumb/v7e-m+fp/hard\libgcc.a(_aeabi_uldivmod.o)
                0x00000000080001e0                __aeabi_uldivmod
 .text          0x0000000008000210      0x2d0 c:/st/stm32cubeide_1.10.1/stm32cubeide/plugins/com.st.stm32cube.ide.mcu.externaltools.gnu-tools-for-stm32.10.3-2021.10.win32_1.0.0.202111181127/tools/bin/../lib/gcc/arm-none-eabi/10.3.1/thumb/v7e-m+fp/hard\libgcc.a(_udivmoddi4.o)
                0x0000000008000210                __udivmoddi4
 .text          0x00000000080004e0        0x4 c:/st/stm32cubeide_1.10.1/stm32cubeide/plugins/com.st.stm32cube.ide.mcu.externaltools.gnu-tools-for-stm32.10.3-2021.10.win32_1.0.0.202111181127/tools/bin/../lib/gcc/arm-none-eabi/10.3.1/thumb/v7e-m+fp/hard\libgcc.a(_dvmd_tls.o)
                0x00000000080004e0                __aeabi_idiv0
                0x00000000080004e0                __aeabi_ldiv0
 *(.text*)
 .text.CenLoc_MainFunction
                0x00000000080004e4      0x4ec ./ApplicationLayer/CenLoc/CenLoc.o
                0x00000000080004e4                CenLoc_MainFunction
 .text.CenLoc_Init
                0x00000000080009d0       0x4c ./ApplicationLayer/CenLoc/CenLoc.o
                0x00000000080009d0                CenLoc_Init
 .text.CenLoc_Toggle_Door_LED
                0x0000000008000a1c       0x24 ./ApplicationLayer/CenLoc/CenLoc.o
                0x0000000008000a1c                CenLoc_Toggle_Door_LED
 .text.ExtLights_MainFunction
                0x0000000008000a40      0x500 ./ApplicationLayer/ExtLights/ExtLights.o
                0x0000000008000a40                ExtLights_MainFunction
 .text.ExtLights_Init
                0x0000000008000f40       0xe4 ./ApplicationLayer/ExtLights/ExtLights.o
                0x0000000008000f40                ExtLights_Init
 .text.ExtLights_LowBeam
                0x0000000008001024       0x24 ./ApplicationLayer/ExtLights/ExtLights.o
                0x0000000008001024                ExtLights_LowBeam
 .text.ExtLights_HighBeam
                0x0000000008001048       0x24 ./ApplicationLayer/ExtLights/ExtLights.o
                0x0000000008001048                ExtLights_HighBeam
 .text.ExtLights_FogLightFront
                0x000000000800106c       0x24 ./ApplicationLayer/ExtLights/ExtLights.o
                0x000000000800106c                ExtLights_FogLightFront
 .text.ExtLights_FogLightRear
                0x0000000008001090       0x24 ./ApplicationLayer/ExtLights/ExtLights.o
                0x0000000008001090                ExtLights_FogLightRear
 .text.ExtLights_TurnSignalLeft
                0x00000000080010b4       0x24 ./ApplicationLayer/ExtLights/ExtLights.o
                0x00000000080010b4                ExtLights_TurnSignalLeft
 .text.ExtLights_TurnSignalRight
                0x00000000080010d8       0x24 ./ApplicationLayer/ExtLights/ExtLights.o
                0x00000000080010d8                ExtLights_TurnSignalRight
 .text.ExtLights_PositionLightRear
                0x00000000080010fc       0x24 ./ApplicationLayer/ExtLights/ExtLights.o
                0x00000000080010fc                ExtLights_PositionLightRear
 .text.ExtLights_BrakeLight
                0x0000000008001120       0x24 ./ApplicationLayer/ExtLights/ExtLights.o
                0x0000000008001120                ExtLights_BrakeLight
 .text.ExtLights_ReverseLight
                0x0000000008001144       0x24 ./ApplicationLayer/ExtLights/ExtLights.o
                0x0000000008001144                ExtLights_ReverseLight
 .text.IntLights_MainFunction
                0x0000000008001168       0x38 ./ApplicationLayer/IntLights/IntLights.o
                0x0000000008001168                IntLights_MainFunction
 .text.IntLights_Init
                0x00000000080011a0       0x24 ./ApplicationLayer/IntLights/IntLights.o
                0x00000000080011a0                IntLights_Init
 .text.IntLights_Toggle_IntLights
                0x00000000080011c4       0x24 ./ApplicationLayer/IntLights/IntLights.o
                0x00000000080011c4                IntLights_Toggle_IntLights
 .text.SecAlm_MainFunction
                0x00000000080011e8      0x1a4 ./ApplicationLayer/SecAlm/SecAlm.o
                0x00000000080011e8                SecAlm_MainFunction
 .text.SecAlm_Init
                0x000000000800138c       0x4c ./ApplicationLayer/SecAlm/SecAlm.o
                0x000000000800138c                SecAlm_Init
 .text.SecAlm_ToggleAlarmLed
                0x00000000080013d8       0x24 ./ApplicationLayer/SecAlm/SecAlm.o
                0x00000000080013d8                SecAlm_ToggleAlarmLed
 .text.MX_ADC1_Init
                0x00000000080013fc       0xa4 ./Core/Src/adc.o
                0x00000000080013fc                MX_ADC1_Init
 .text.HAL_ADC_MspInit
                0x00000000080014a0       0xf8 ./Core/Src/adc.o
                0x00000000080014a0                HAL_ADC_MspInit
 .text.MX_CRC_Init
                0x0000000008001598       0x28 ./Core/Src/crc.o
                0x0000000008001598                MX_CRC_Init
 .text.HAL_CRC_MspInit
                0x00000000080015c0       0x44 ./Core/Src/crc.o
                0x00000000080015c0                HAL_CRC_MspInit
 .text.MX_DMA_Init
                0x0000000008001604       0x98 ./Core/Src/dma.o
                0x0000000008001604                MX_DMA_Init
 .text.configureTimerForRunTimeStats
                0x000000000800169c        0xe ./Core/Src/freertos.o
                0x000000000800169c                configureTimerForRunTimeStats
 .text.getRunTimeCounterValue
                0x00000000080016aa       0x10 ./Core/Src/freertos.o
                0x00000000080016aa                getRunTimeCounterValue
 .text.vApplicationIdleHook
                0x00000000080016ba        0xe ./Core/Src/freertos.o
                0x00000000080016ba                vApplicationIdleHook
 .text.vApplicationTickHook
                0x00000000080016c8        0xe ./Core/Src/freertos.o
                0x00000000080016c8                vApplicationTickHook
 .text.vApplicationStackOverflowHook
                0x00000000080016d6       0x16 ./Core/Src/freertos.o
                0x00000000080016d6                vApplicationStackOverflowHook
 .text.vApplicationMallocFailedHook
                0x00000000080016ec        0xe ./Core/Src/freertos.o
                0x00000000080016ec                vApplicationMallocFailedHook
 .text.vApplicationDaemonTaskStartupHook
                0x00000000080016fa        0xe ./Core/Src/freertos.o
                0x00000000080016fa                vApplicationDaemonTaskStartupHook
 .text.PreSleepProcessing
                0x0000000008001708       0x14 ./Core/Src/freertos.o
                0x0000000008001708                PreSleepProcessing
 .text.PostSleepProcessing
                0x000000000800171c       0x14 ./Core/Src/freertos.o
                0x000000000800171c                PostSleepProcessing
 .text.MX_FREERTOS_Init
                0x0000000008001730       0x44 ./Core/Src/freertos.o
                0x0000000008001730                MX_FREERTOS_Init
 .text.Task_StartOsInit
                0x0000000008001774       0x10 ./Core/Src/freertos.o
                0x0000000008001774                Task_StartOsInit
 .text.OsTimerCounter_Callback
                0x0000000008001784       0x14 ./Core/Src/freertos.o
                0x0000000008001784                OsTimerCounter_Callback
 .text.MX_GPIO_Init
                0x0000000008001798      0x150 ./Core/Src/gpio.o
                0x0000000008001798                MX_GPIO_Init
 .text.MX_IWDG_Init
                0x00000000080018e8       0x34 ./Core/Src/iwdg.o
                0x00000000080018e8                MX_IWDG_Init
 .text.main     0x000000000800191c       0x7a ./Core/Src/main.o
                0x000000000800191c                main
 *fill*         0x0000000008001996        0x2 
 .text.SystemClock_Config
                0x0000000008001998       0xd4 ./Core/Src/main.o
                0x0000000008001998                SystemClock_Config
 .text.MX_NVIC_Init
                0x0000000008001a6c       0x58 ./Core/Src/main.o
 .text.HAL_TIM_PeriodElapsedCallback
                0x0000000008001ac4       0x24 ./Core/Src/main.o
                0x0000000008001ac4                HAL_TIM_PeriodElapsedCallback
 .text.Error_Handler
                0x0000000008001ae8        0xa ./Core/Src/main.o
                0x0000000008001ae8                Error_Handler
 *fill*         0x0000000008001af2        0x2 
 .text.MX_RTC_Init
                0x0000000008001af4      0x148 ./Core/Src/rtc.o
                0x0000000008001af4                MX_RTC_Init
 .text.HAL_RTC_MspInit
                0x0000000008001c3c       0x58 ./Core/Src/rtc.o
                0x0000000008001c3c                HAL_RTC_MspInit
 .text.HAL_RTC_MspDeInit
                0x0000000008001c94       0x2c ./Core/Src/rtc.o
                0x0000000008001c94                HAL_RTC_MspDeInit
 .text.MX_SPI2_Init
                0x0000000008001cc0       0x6c ./Core/Src/spi.o
                0x0000000008001cc0                MX_SPI2_Init
 .text.MX_SPI3_Init
                0x0000000008001d2c       0x6c ./Core/Src/spi.o
                0x0000000008001d2c                MX_SPI3_Init
 .text.HAL_SPI_MspInit
                0x0000000008001d98      0x198 ./Core/Src/spi.o
                0x0000000008001d98                HAL_SPI_MspInit
 .text.HAL_MspInit
                0x0000000008001f30       0x78 ./Core/Src/stm32f4xx_hal_msp.o
                0x0000000008001f30                HAL_MspInit
 .text.HAL_InitTick
                0x0000000008001fa8       0xe4 ./Core/Src/stm32f4xx_hal_timebase_tim.o
                0x0000000008001fa8                HAL_InitTick
 .text.NMI_Handler
                0x000000000800208c        0x6 ./Core/Src/stm32f4xx_it.o
                0x000000000800208c                NMI_Handler
 .text.HardFault_Handler
                0x0000000008002092        0x6 ./Core/Src/stm32f4xx_it.o
                0x0000000008002092                HardFault_Handler
 .text.MemManage_Handler
                0x0000000008002098        0x6 ./Core/Src/stm32f4xx_it.o
                0x0000000008002098                MemManage_Handler
 .text.BusFault_Handler
                0x000000000800209e        0x6 ./Core/Src/stm32f4xx_it.o
                0x000000000800209e                BusFault_Handler
 .text.UsageFault_Handler
                0x00000000080020a4        0x6 ./Core/Src/stm32f4xx_it.o
                0x00000000080020a4                UsageFault_Handler
 .text.DebugMon_Handler
                0x00000000080020aa        0xe ./Core/Src/stm32f4xx_it.o
                0x00000000080020aa                DebugMon_Handler
 .text.PVD_IRQHandler
                0x00000000080020b8        0xc ./Core/Src/stm32f4xx_it.o
                0x00000000080020b8                PVD_IRQHandler
 .text.FLASH_IRQHandler
                0x00000000080020c4        0xc ./Core/Src/stm32f4xx_it.o
                0x00000000080020c4                FLASH_IRQHandler
 .text.RCC_IRQHandler
                0x00000000080020d0        0xe ./Core/Src/stm32f4xx_it.o
                0x00000000080020d0                RCC_IRQHandler
 *fill*         0x00000000080020de        0x2 
 .text.TIM1_UP_TIM10_IRQHandler
                0x00000000080020e0       0x14 ./Core/Src/stm32f4xx_it.o
                0x00000000080020e0                TIM1_UP_TIM10_IRQHandler
 .text.TIM2_IRQHandler
                0x00000000080020f4       0x14 ./Core/Src/stm32f4xx_it.o
                0x00000000080020f4                TIM2_IRQHandler
 .text.TIM3_IRQHandler
                0x0000000008002108       0x14 ./Core/Src/stm32f4xx_it.o
                0x0000000008002108                TIM3_IRQHandler
 .text.TIM4_IRQHandler
                0x000000000800211c       0x14 ./Core/Src/stm32f4xx_it.o
                0x000000000800211c                TIM4_IRQHandler
 .text.SPI2_IRQHandler
                0x0000000008002130       0x14 ./Core/Src/stm32f4xx_it.o
                0x0000000008002130                SPI2_IRQHandler
 .text.USART1_IRQHandler
                0x0000000008002144       0x14 ./Core/Src/stm32f4xx_it.o
                0x0000000008002144                USART1_IRQHandler
 .text.SPI3_IRQHandler
                0x0000000008002158       0x14 ./Core/Src/stm32f4xx_it.o
                0x0000000008002158                SPI3_IRQHandler
 .text.USART6_IRQHandler
                0x000000000800216c       0x14 ./Core/Src/stm32f4xx_it.o
                0x000000000800216c                USART6_IRQHandler
 .text.FPU_IRQHandler
                0x0000000008002180        0xe ./Core/Src/stm32f4xx_it.o
                0x0000000008002180                FPU_IRQHandler
 *fill*         0x000000000800218e        0x2 
 .text.SystemInit
                0x0000000008002190       0x24 ./Core/Src/system_stm32f4xx.o
                0x0000000008002190                SystemInit
 .text.MX_TIM2_Init
                0x00000000080021b4       0x9c ./Core/Src/tim.o
                0x00000000080021b4                MX_TIM2_Init
 .text.MX_TIM3_Init
                0x0000000008002250       0x9c ./Core/Src/tim.o
                0x0000000008002250                MX_TIM3_Init
 .text.MX_TIM4_Init
                0x00000000080022ec       0x9c ./Core/Src/tim.o
                0x00000000080022ec                MX_TIM4_Init
 .text.MX_TIM5_Init
                0x0000000008002388       0x9c ./Core/Src/tim.o
                0x0000000008002388                MX_TIM5_Init
 .text.HAL_TIM_Base_MspInit
                0x0000000008002424       0xd0 ./Core/Src/tim.o
                0x0000000008002424                HAL_TIM_Base_MspInit
 .text.MX_USART1_UART_Init
                0x00000000080024f4       0x54 ./Core/Src/usart.o
                0x00000000080024f4                MX_USART1_UART_Init
 .text.MX_USART6_UART_Init
                0x0000000008002548       0x54 ./Core/Src/usart.o
                0x0000000008002548                MX_USART6_UART_Init
 .text.HAL_UART_MspInit
                0x000000000800259c      0x18c ./Core/Src/usart.o
                0x000000000800259c                HAL_UART_MspInit
 .text.MX_WWDG_Init
                0x0000000008002728       0x40 ./Core/Src/wwdg.o
                0x0000000008002728                MX_WWDG_Init
 .text.HAL_WWDG_MspInit
                0x0000000008002768       0x44 ./Core/Src/wwdg.o
                0x0000000008002768                HAL_WWDG_MspInit
 .text.Reset_Handler
                0x00000000080027ac       0x50 ./Core/Startup/startup_stm32f411retx.o
                0x00000000080027ac                Reset_Handler
 .text.Default_Handler
                0x00000000080027fc        0x2 ./Core/Startup/startup_stm32f411retx.o
                0x00000000080027fc                RTC_Alarm_IRQHandler
                0x00000000080027fc                EXTI2_IRQHandler
                0x00000000080027fc                SPI4_IRQHandler
                0x00000000080027fc                TIM1_CC_IRQHandler
                0x00000000080027fc                DMA2_Stream5_IRQHandler
                0x00000000080027fc                DMA1_Stream5_IRQHandler
                0x00000000080027fc                SDIO_IRQHandler
                0x00000000080027fc                TAMP_STAMP_IRQHandler
                0x00000000080027fc                EXTI3_IRQHandler
                0x00000000080027fc                I2C3_ER_IRQHandler
                0x00000000080027fc                EXTI0_IRQHandler
                0x00000000080027fc                I2C2_EV_IRQHandler
                0x00000000080027fc                DMA1_Stream2_IRQHandler
                0x00000000080027fc                DMA2_Stream2_IRQHandler
                0x00000000080027fc                SPI1_IRQHandler
                0x00000000080027fc                TIM1_BRK_TIM9_IRQHandler
                0x00000000080027fc                DMA2_Stream3_IRQHandler
                0x00000000080027fc                DMA2_Stream0_IRQHandler
                0x00000000080027fc                I2C1_EV_IRQHandler
                0x00000000080027fc                DMA1_Stream6_IRQHandler
                0x00000000080027fc                DMA1_Stream1_IRQHandler
                0x00000000080027fc                Default_Handler
                0x00000000080027fc                EXTI15_10_IRQHandler
                0x00000000080027fc                ADC_IRQHandler
                0x00000000080027fc                DMA1_Stream7_IRQHandler
                0x00000000080027fc                SPI5_IRQHandler
                0x00000000080027fc                TIM5_IRQHandler
                0x00000000080027fc                DMA2_Stream7_IRQHandler
                0x00000000080027fc                I2C3_EV_IRQHandler
                0x00000000080027fc                EXTI9_5_IRQHandler
                0x00000000080027fc                RTC_WKUP_IRQHandler
                0x00000000080027fc                DMA1_Stream0_IRQHandler
                0x00000000080027fc                EXTI4_IRQHandler
                0x00000000080027fc                WWDG_IRQHandler
                0x00000000080027fc                OTG_FS_WKUP_IRQHandler
                0x00000000080027fc                TIM1_TRG_COM_TIM11_IRQHandler
                0x00000000080027fc                EXTI1_IRQHandler
                0x00000000080027fc                USART2_IRQHandler
                0x00000000080027fc                I2C2_ER_IRQHandler
                0x00000000080027fc                DMA2_Stream1_IRQHandler
                0x00000000080027fc                DMA2_Stream4_IRQHandler
                0x00000000080027fc                OTG_FS_IRQHandler
                0x00000000080027fc                DMA1_Stream4_IRQHandler
                0x00000000080027fc                I2C1_ER_IRQHandler
                0x00000000080027fc                DMA2_Stream6_IRQHandler
                0x00000000080027fc                DMA1_Stream3_IRQHandler
 *fill*         0x00000000080027fe        0x2 
 .text.HAL_Init
                0x0000000008002800       0x44 ./Drivers/STM32F4xx_HAL_Driver/stm32f4xx_hal.o
                0x0000000008002800                HAL_Init
 .text.HAL_IncTick
                0x0000000008002844       0x28 ./Drivers/STM32F4xx_HAL_Driver/stm32f4xx_hal.o
                0x0000000008002844                HAL_IncTick
 .text.HAL_GetTick
                0x000000000800286c       0x18 ./Drivers/STM32F4xx_HAL_Driver/stm32f4xx_hal.o
                0x000000000800286c                HAL_GetTick
 .text.HAL_ADC_Init
                0x0000000008002884       0xcc ./Drivers/STM32F4xx_HAL_Driver/stm32f4xx_hal_adc.o
                0x0000000008002884                HAL_ADC_Init
 .text.HAL_ADC_ConvCpltCallback
                0x0000000008002950       0x14 ./Drivers/STM32F4xx_HAL_Driver/stm32f4xx_hal_adc.o
                0x0000000008002950                HAL_ADC_ConvCpltCallback
 .text.HAL_ADC_ConvHalfCpltCallback
                0x0000000008002964       0x14 ./Drivers/STM32F4xx_HAL_Driver/stm32f4xx_hal_adc.o
                0x0000000008002964                HAL_ADC_ConvHalfCpltCallback
 .text.HAL_ADC_LevelOutOfWindowCallback
                0x0000000008002978       0x14 ./Drivers/STM32F4xx_HAL_Driver/stm32f4xx_hal_adc.o
                0x0000000008002978                HAL_ADC_LevelOutOfWindowCallback
 .text.HAL_ADC_ErrorCallback
                0x000000000800298c       0x14 ./Drivers/STM32F4xx_HAL_Driver/stm32f4xx_hal_adc.o
                0x000000000800298c                HAL_ADC_ErrorCallback
 .text.HAL_ADC_ConfigChannel
                0x00000000080029a0      0x264 ./Drivers/STM32F4xx_HAL_Driver/stm32f4xx_hal_adc.o
                0x00000000080029a0                HAL_ADC_ConfigChannel
 .text.ADC_Init
                0x0000000008002c04      0x1f8 ./Drivers/STM32F4xx_HAL_Driver/stm32f4xx_hal_adc.o
 .text.HAL_ADCEx_InjectedConvCpltCallback
                0x0000000008002dfc       0x14 ./Drivers/STM32F4xx_HAL_Driver/stm32f4xx_hal_adc_ex.o
                0x0000000008002dfc                HAL_ADCEx_InjectedConvCpltCallback
 .text.__NVIC_SetPriorityGrouping
                0x0000000008002e10       0x48 ./Drivers/STM32F4xx_HAL_Driver/stm32f4xx_hal_cortex.o
 .text.__NVIC_GetPriorityGrouping
                0x0000000008002e58       0x1c ./Drivers/STM32F4xx_HAL_Driver/stm32f4xx_hal_cortex.o
 .text.__NVIC_EnableIRQ
                0x0000000008002e74       0x3c ./Drivers/STM32F4xx_HAL_Driver/stm32f4xx_hal_cortex.o
 .text.__NVIC_SetPriority
                0x0000000008002eb0       0x54 ./Drivers/STM32F4xx_HAL_Driver/stm32f4xx_hal_cortex.o
 .text.NVIC_EncodePriority
                0x0000000008002f04       0x66 ./Drivers/STM32F4xx_HAL_Driver/stm32f4xx_hal_cortex.o
 .text.HAL_NVIC_SetPriorityGrouping
                0x0000000008002f6a       0x16 ./Drivers/STM32F4xx_HAL_Driver/stm32f4xx_hal_cortex.o
                0x0000000008002f6a                HAL_NVIC_SetPriorityGrouping
 .text.HAL_NVIC_SetPriority
                0x0000000008002f80       0x38 ./Drivers/STM32F4xx_HAL_Driver/stm32f4xx_hal_cortex.o
                0x0000000008002f80                HAL_NVIC_SetPriority
 .text.HAL_NVIC_EnableIRQ
                0x0000000008002fb8       0x1c ./Drivers/STM32F4xx_HAL_Driver/stm32f4xx_hal_cortex.o
                0x0000000008002fb8                HAL_NVIC_EnableIRQ
 .text.HAL_CRC_Init
                0x0000000008002fd4       0x38 ./Drivers/STM32F4xx_HAL_Driver/stm32f4xx_hal_crc.o
                0x0000000008002fd4                HAL_CRC_Init
 .text.HAL_DMA_Init
                0x000000000800300c      0x15c ./Drivers/STM32F4xx_HAL_Driver/stm32f4xx_hal_dma.o
                0x000000000800300c                HAL_DMA_Init
 .text.HAL_DMA_Abort
                0x0000000008003168       0xe0 ./Drivers/STM32F4xx_HAL_Driver/stm32f4xx_hal_dma.o
                0x0000000008003168                HAL_DMA_Abort
 .text.HAL_DMA_Abort_IT
                0x0000000008003248       0x44 ./Drivers/STM32F4xx_HAL_Driver/stm32f4xx_hal_dma.o
                0x0000000008003248                HAL_DMA_Abort_IT
 .text.DMA_CalcBaseAndBitshift
                0x000000000800328c       0x6c ./Drivers/STM32F4xx_HAL_Driver/stm32f4xx_hal_dma.o
 .text.DMA_CheckFifoParam
                0x00000000080032f8       0xf8 ./Drivers/STM32F4xx_HAL_Driver/stm32f4xx_hal_dma.o
 .text.HAL_FLASH_IRQHandler
                0x00000000080033f0      0x140 ./Drivers/STM32F4xx_HAL_Driver/stm32f4xx_hal_flash.o
                0x00000000080033f0                HAL_FLASH_IRQHandler
 .text.HAL_FLASH_EndOfOperationCallback
                0x0000000008003530       0x14 ./Drivers/STM32F4xx_HAL_Driver/stm32f4xx_hal_flash.o
                0x0000000008003530                HAL_FLASH_EndOfOperationCallback
 .text.HAL_FLASH_OperationErrorCallback
                0x0000000008003544       0x14 ./Drivers/STM32F4xx_HAL_Driver/stm32f4xx_hal_flash.o
                0x0000000008003544                HAL_FLASH_OperationErrorCallback
 .text.FLASH_SetErrorCode
                0x0000000008003558       0xcc ./Drivers/STM32F4xx_HAL_Driver/stm32f4xx_hal_flash.o
 .text.FLASH_Erase_Sector
                0x0000000008003624       0x90 ./Drivers/STM32F4xx_HAL_Driver/stm32f4xx_hal_flash_ex.o
                0x0000000008003624                FLASH_Erase_Sector
 .text.FLASH_FlushCaches
                0x00000000080036b4       0x8c ./Drivers/STM32F4xx_HAL_Driver/stm32f4xx_hal_flash_ex.o
                0x00000000080036b4                FLASH_FlushCaches
 .text.HAL_GPIO_Init
                0x0000000008003740      0x308 ./Drivers/STM32F4xx_HAL_Driver/stm32f4xx_hal_gpio.o
                0x0000000008003740                HAL_GPIO_Init
 .text.HAL_GPIO_WritePin
                0x0000000008003a48       0x32 ./Drivers/STM32F4xx_HAL_Driver/stm32f4xx_hal_gpio.o
                0x0000000008003a48                HAL_GPIO_WritePin
 .text.HAL_IWDG_Init
                0x0000000008003a7a       0x84 ./Drivers/STM32F4xx_HAL_Driver/stm32f4xx_hal_iwdg.o
                0x0000000008003a7a                HAL_IWDG_Init
 *fill*         0x0000000008003afe        0x2 
 .text.HAL_PWR_PVD_IRQHandler
                0x0000000008003b00       0x24 ./Drivers/STM32F4xx_HAL_Driver/stm32f4xx_hal_pwr.o
                0x0000000008003b00                HAL_PWR_PVD_IRQHandler
 .text.HAL_PWR_PVDCallback
                0x0000000008003b24        0xe ./Drivers/STM32F4xx_HAL_Driver/stm32f4xx_hal_pwr.o
                0x0000000008003b24                HAL_PWR_PVDCallback
 *fill*         0x0000000008003b32        0x2 
 .text.HAL_RCC_OscConfig
                0x0000000008003b34      0x4f0 ./Drivers/STM32F4xx_HAL_Driver/stm32f4xx_hal_rcc.o
                0x0000000008003b34                HAL_RCC_OscConfig
 .text.HAL_RCC_ClockConfig
                0x0000000008004024      0x1cc ./Drivers/STM32F4xx_HAL_Driver/stm32f4xx_hal_rcc.o
                0x0000000008004024                HAL_RCC_ClockConfig
 .text.HAL_RCC_GetSysClockFreq
                0x00000000080041f0      0x20c ./Drivers/STM32F4xx_HAL_Driver/stm32f4xx_hal_rcc.o
                0x00000000080041f0                HAL_RCC_GetSysClockFreq
 .text.HAL_RCC_GetHCLKFreq
                0x00000000080043fc       0x18 ./Drivers/STM32F4xx_HAL_Driver/stm32f4xx_hal_rcc.o
                0x00000000080043fc                HAL_RCC_GetHCLKFreq
 .text.HAL_RCC_GetPCLK1Freq
                0x0000000008004414       0x28 ./Drivers/STM32F4xx_HAL_Driver/stm32f4xx_hal_rcc.o
                0x0000000008004414                HAL_RCC_GetPCLK1Freq
 .text.HAL_RCC_GetPCLK2Freq
                0x000000000800443c       0x28 ./Drivers/STM32F4xx_HAL_Driver/stm32f4xx_hal_rcc.o
                0x000000000800443c                HAL_RCC_GetPCLK2Freq
 .text.HAL_RCC_GetClockConfig
                0x0000000008004464       0x64 ./Drivers/STM32F4xx_HAL_Driver/stm32f4xx_hal_rcc.o
                0x0000000008004464                HAL_RCC_GetClockConfig
 .text.HAL_RCCEx_PeriphCLKConfig
                0x00000000080044c8      0x1e0 ./Drivers/STM32F4xx_HAL_Driver/stm32f4xx_hal_rcc_ex.o
                0x00000000080044c8                HAL_RCCEx_PeriphCLKConfig
 .text.HAL_RTC_Init
                0x00000000080046a8      0x144 ./Drivers/STM32F4xx_HAL_Driver/stm32f4xx_hal_rtc.o
                0x00000000080046a8                HAL_RTC_Init
 .text.HAL_RTC_SetTime
                0x00000000080047ec      0x134 ./Drivers/STM32F4xx_HAL_Driver/stm32f4xx_hal_rtc.o
                0x00000000080047ec                HAL_RTC_SetTime
 .text.HAL_RTC_SetDate
                0x0000000008004920      0x108 ./Drivers/STM32F4xx_HAL_Driver/stm32f4xx_hal_rtc.o
                0x0000000008004920                HAL_RTC_SetDate
 .text.HAL_RTC_SetAlarm
                0x0000000008004a28      0x254 ./Drivers/STM32F4xx_HAL_Driver/stm32f4xx_hal_rtc.o
                0x0000000008004a28                HAL_RTC_SetAlarm
 .text.HAL_RTC_AlarmAEventCallback
                0x0000000008004c7c       0x14 ./Drivers/STM32F4xx_HAL_Driver/stm32f4xx_hal_rtc.o
                0x0000000008004c7c                HAL_RTC_AlarmAEventCallback
 .text.HAL_RTC_WaitForSynchro
                0x0000000008004c90       0x50 ./Drivers/STM32F4xx_HAL_Driver/stm32f4xx_hal_rtc.o
                0x0000000008004c90                HAL_RTC_WaitForSynchro
 .text.RTC_EnterInitMode
                0x0000000008004ce0       0x6e ./Drivers/STM32F4xx_HAL_Driver/stm32f4xx_hal_rtc.o
                0x0000000008004ce0                RTC_EnterInitMode
 .text.RTC_ExitInitMode
                0x0000000008004d4e       0x4a ./Drivers/STM32F4xx_HAL_Driver/stm32f4xx_hal_rtc.o
                0x0000000008004d4e                RTC_ExitInitMode
 .text.RTC_ByteToBcd2
                0x0000000008004d98       0x3a ./Drivers/STM32F4xx_HAL_Driver/stm32f4xx_hal_rtc.o
                0x0000000008004d98                RTC_ByteToBcd2
 .text.HAL_RTCEx_TimeStampEventCallback
                0x0000000008004dd2       0x14 ./Drivers/STM32F4xx_HAL_Driver/stm32f4xx_hal_rtc_ex.o
                0x0000000008004dd2                HAL_RTCEx_TimeStampEventCallback
 .text.HAL_RTCEx_Tamper1EventCallback
                0x0000000008004de6       0x14 ./Drivers/STM32F4xx_HAL_Driver/stm32f4xx_hal_rtc_ex.o
                0x0000000008004de6                HAL_RTCEx_Tamper1EventCallback
 .text.HAL_RTCEx_SetWakeUpTimer
                0x0000000008004dfa      0x13a ./Drivers/STM32F4xx_HAL_Driver/stm32f4xx_hal_rtc_ex.o
                0x0000000008004dfa                HAL_RTCEx_SetWakeUpTimer
 .text.HAL_RTCEx_WakeUpTimerEventCallback
                0x0000000008004f34       0x14 ./Drivers/STM32F4xx_HAL_Driver/stm32f4xx_hal_rtc_ex.o
                0x0000000008004f34                HAL_RTCEx_WakeUpTimerEventCallback
 .text.HAL_RTCEx_AlarmBEventCallback
                0x0000000008004f48       0x14 ./Drivers/STM32F4xx_HAL_Driver/stm32f4xx_hal_rtc_ex.o
                0x0000000008004f48                HAL_RTCEx_AlarmBEventCallback
 .text.HAL_SPI_Init
                0x0000000008004f5c      0x178 ./Drivers/STM32F4xx_HAL_Driver/stm32f4xx_hal_spi.o
                0x0000000008004f5c                HAL_SPI_Init
 .text.HAL_SPI_IRQHandler
                0x00000000080050d4      0x200 ./Drivers/STM32F4xx_HAL_Driver/stm32f4xx_hal_spi.o
                0x00000000080050d4                HAL_SPI_IRQHandler
 .text.HAL_SPI_TxCpltCallback
                0x00000000080052d4       0x14 ./Drivers/STM32F4xx_HAL_Driver/stm32f4xx_hal_spi.o
                0x00000000080052d4                HAL_SPI_TxCpltCallback
 .text.HAL_SPI_RxCpltCallback
                0x00000000080052e8       0x14 ./Drivers/STM32F4xx_HAL_Driver/stm32f4xx_hal_spi.o
                0x00000000080052e8                HAL_SPI_RxCpltCallback
 .text.HAL_SPI_TxRxCpltCallback
                0x00000000080052fc       0x14 ./Drivers/STM32F4xx_HAL_Driver/stm32f4xx_hal_spi.o
                0x00000000080052fc                HAL_SPI_TxRxCpltCallback
 .text.HAL_SPI_TxHalfCpltCallback
                0x0000000008005310       0x14 ./Drivers/STM32F4xx_HAL_Driver/stm32f4xx_hal_spi.o
                0x0000000008005310                HAL_SPI_TxHalfCpltCallback
 .text.HAL_SPI_RxHalfCpltCallback
                0x0000000008005324       0x14 ./Drivers/STM32F4xx_HAL_Driver/stm32f4xx_hal_spi.o
                0x0000000008005324                HAL_SPI_RxHalfCpltCallback
 .text.HAL_SPI_TxRxHalfCpltCallback
                0x0000000008005338       0x14 ./Drivers/STM32F4xx_HAL_Driver/stm32f4xx_hal_spi.o
                0x0000000008005338                HAL_SPI_TxRxHalfCpltCallback
 .text.HAL_SPI_ErrorCallback
                0x000000000800534c       0x14 ./Drivers/STM32F4xx_HAL_Driver/stm32f4xx_hal_spi.o
                0x000000000800534c                HAL_SPI_ErrorCallback
 .text.HAL_SPI_AbortCpltCallback
                0x0000000008005360       0x14 ./Drivers/STM32F4xx_HAL_Driver/stm32f4xx_hal_spi.o
                0x0000000008005360                HAL_SPI_AbortCpltCallback
 .text.SPI_DMAAbortOnError
                0x0000000008005374       0x2a ./Drivers/STM32F4xx_HAL_Driver/stm32f4xx_hal_spi.o
 *fill*         0x000000000800539e        0x2 
 .text.HAL_TIM_Base_Init
                0x00000000080053a0       0xb8 ./Drivers/STM32F4xx_HAL_Driver/stm32f4xx_hal_tim.o
                0x00000000080053a0                HAL_TIM_Base_Init
 .text.HAL_TIM_Base_Start
                0x0000000008005458       0xb4 ./Drivers/STM32F4xx_HAL_Driver/stm32f4xx_hal_tim.o
                0x0000000008005458                HAL_TIM_Base_Start
 .text.HAL_TIM_Base_Stop
                0x000000000800550c       0x4e ./Drivers/STM32F4xx_HAL_Driver/stm32f4xx_hal_tim.o
                0x000000000800550c                HAL_TIM_Base_Stop
 *fill*         0x000000000800555a        0x2 
 .text.HAL_TIM_Base_Start_IT
                0x000000000800555c       0xc4 ./Drivers/STM32F4xx_HAL_Driver/stm32f4xx_hal_tim.o
                0x000000000800555c                HAL_TIM_Base_Start_IT
 .text.HAL_TIM_IRQHandler
                0x0000000008005620      0x250 ./Drivers/STM32F4xx_HAL_Driver/stm32f4xx_hal_tim.o
                0x0000000008005620                HAL_TIM_IRQHandler
 .text.HAL_TIM_ConfigClockSource
                0x0000000008005870      0x18e ./Drivers/STM32F4xx_HAL_Driver/stm32f4xx_hal_tim.o
                0x0000000008005870                HAL_TIM_ConfigClockSource
 .text.HAL_TIM_PeriodElapsedHalfCpltCallback
                0x00000000080059fe       0x14 ./Drivers/STM32F4xx_HAL_Driver/stm32f4xx_hal_tim.o
                0x00000000080059fe                HAL_TIM_PeriodElapsedHalfCpltCallback
 .text.HAL_TIM_OC_DelayElapsedCallback
                0x0000000008005a12       0x14 ./Drivers/STM32F4xx_HAL_Driver/stm32f4xx_hal_tim.o
                0x0000000008005a12                HAL_TIM_OC_DelayElapsedCallback
 .text.HAL_TIM_IC_CaptureCallback
                0x0000000008005a26       0x14 ./Drivers/STM32F4xx_HAL_Driver/stm32f4xx_hal_tim.o
                0x0000000008005a26                HAL_TIM_IC_CaptureCallback
 .text.HAL_TIM_IC_CaptureHalfCpltCallback
                0x0000000008005a3a       0x14 ./Drivers/STM32F4xx_HAL_Driver/stm32f4xx_hal_tim.o
                0x0000000008005a3a                HAL_TIM_IC_CaptureHalfCpltCallback
 .text.HAL_TIM_PWM_PulseFinishedCallback
                0x0000000008005a4e       0x14 ./Drivers/STM32F4xx_HAL_Driver/stm32f4xx_hal_tim.o
                0x0000000008005a4e                HAL_TIM_PWM_PulseFinishedCallback
 .text.HAL_TIM_PWM_PulseFinishedHalfCpltCallback
                0x0000000008005a62       0x14 ./Drivers/STM32F4xx_HAL_Driver/stm32f4xx_hal_tim.o
                0x0000000008005a62                HAL_TIM_PWM_PulseFinishedHalfCpltCallback
 .text.HAL_TIM_TriggerCallback
                0x0000000008005a76       0x14 ./Drivers/STM32F4xx_HAL_Driver/stm32f4xx_hal_tim.o
                0x0000000008005a76                HAL_TIM_TriggerCallback
 .text.HAL_TIM_TriggerHalfCpltCallback
                0x0000000008005a8a       0x14 ./Drivers/STM32F4xx_HAL_Driver/stm32f4xx_hal_tim.o
                0x0000000008005a8a                HAL_TIM_TriggerHalfCpltCallback
 .text.HAL_TIM_ErrorCallback
                0x0000000008005a9e       0x14 ./Drivers/STM32F4xx_HAL_Driver/stm32f4xx_hal_tim.o
                0x0000000008005a9e                HAL_TIM_ErrorCallback
 *fill*         0x0000000008005ab2        0x2 
 .text.TIM_Base_SetConfig
                0x0000000008005ab4      0x100 ./Drivers/STM32F4xx_HAL_Driver/stm32f4xx_hal_tim.o
                0x0000000008005ab4                TIM_Base_SetConfig
 .text.TIM_TI1_ConfigInputStage
                0x0000000008005bb4       0x5e ./Drivers/STM32F4xx_HAL_Driver/stm32f4xx_hal_tim.o
 .text.TIM_TI2_ConfigInputStage
                0x0000000008005c12       0x60 ./Drivers/STM32F4xx_HAL_Driver/stm32f4xx_hal_tim.o
 .text.TIM_ITRx_SetConfig
                0x0000000008005c72       0x36 ./Drivers/STM32F4xx_HAL_Driver/stm32f4xx_hal_tim.o
 .text.TIM_ETR_SetConfig
                0x0000000008005ca8       0x40 ./Drivers/STM32F4xx_HAL_Driver/stm32f4xx_hal_tim.o
                0x0000000008005ca8                TIM_ETR_SetConfig
 .text.TIM_ResetCallback
                0x0000000008005ce8       0xb0 ./Drivers/STM32F4xx_HAL_Driver/stm32f4xx_hal_tim.o
                0x0000000008005ce8                TIM_ResetCallback
 .text.HAL_TIMEx_MasterConfigSynchronization
                0x0000000008005d98       0xdc ./Drivers/STM32F4xx_HAL_Driver/stm32f4xx_hal_tim_ex.o
                0x0000000008005d98                HAL_TIMEx_MasterConfigSynchronization
 .text.HAL_TIMEx_CommutCallback
                0x0000000008005e74       0x14 ./Drivers/STM32F4xx_HAL_Driver/stm32f4xx_hal_tim_ex.o
                0x0000000008005e74                HAL_TIMEx_CommutCallback
 .text.HAL_TIMEx_CommutHalfCpltCallback
                0x0000000008005e88       0x14 ./Drivers/STM32F4xx_HAL_Driver/stm32f4xx_hal_tim_ex.o
                0x0000000008005e88                HAL_TIMEx_CommutHalfCpltCallback
 .text.HAL_TIMEx_BreakCallback
                0x0000000008005e9c       0x14 ./Drivers/STM32F4xx_HAL_Driver/stm32f4xx_hal_tim_ex.o
                0x0000000008005e9c                HAL_TIMEx_BreakCallback
 .text.HAL_UART_Init
                0x0000000008005eb0       0xb4 ./Drivers/STM32F4xx_HAL_Driver/stm32f4xx_hal_uart.o
                0x0000000008005eb0                HAL_UART_Init
 .text.HAL_LIN_Init
                0x0000000008005f64       0xe8 ./Drivers/STM32F4xx_HAL_Driver/stm32f4xx_hal_uart.o
                0x0000000008005f64                HAL_LIN_Init
 .text.HAL_UART_IRQHandler
                0x000000000800604c      0x524 ./Drivers/STM32F4xx_HAL_Driver/stm32f4xx_hal_uart.o
                0x000000000800604c                HAL_UART_IRQHandler
 .text.HAL_UART_TxCpltCallback
                0x0000000008006570       0x14 ./Drivers/STM32F4xx_HAL_Driver/stm32f4xx_hal_uart.o
                0x0000000008006570                HAL_UART_TxCpltCallback
 .text.HAL_UART_TxHalfCpltCallback
                0x0000000008006584       0x14 ./Drivers/STM32F4xx_HAL_Driver/stm32f4xx_hal_uart.o
                0x0000000008006584                HAL_UART_TxHalfCpltCallback
 .text.HAL_UART_RxCpltCallback
                0x0000000008006598       0x14 ./Drivers/STM32F4xx_HAL_Driver/stm32f4xx_hal_uart.o
                0x0000000008006598                HAL_UART_RxCpltCallback
 .text.HAL_UART_RxHalfCpltCallback
                0x00000000080065ac       0x14 ./Drivers/STM32F4xx_HAL_Driver/stm32f4xx_hal_uart.o
                0x00000000080065ac                HAL_UART_RxHalfCpltCallback
 .text.HAL_UART_ErrorCallback
                0x00000000080065c0       0x14 ./Drivers/STM32F4xx_HAL_Driver/stm32f4xx_hal_uart.o
                0x00000000080065c0                HAL_UART_ErrorCallback
 .text.HAL_UART_AbortCpltCallback
                0x00000000080065d4       0x14 ./Drivers/STM32F4xx_HAL_Driver/stm32f4xx_hal_uart.o
                0x00000000080065d4                HAL_UART_AbortCpltCallback
 .text.HAL_UART_AbortTransmitCpltCallback
                0x00000000080065e8       0x14 ./Drivers/STM32F4xx_HAL_Driver/stm32f4xx_hal_uart.o
                0x00000000080065e8                HAL_UART_AbortTransmitCpltCallback
 .text.HAL_UART_AbortReceiveCpltCallback
                0x00000000080065fc       0x14 ./Drivers/STM32F4xx_HAL_Driver/stm32f4xx_hal_uart.o
                0x00000000080065fc                HAL_UART_AbortReceiveCpltCallback
 .text.HAL_UARTEx_RxEventCallback
                0x0000000008006610       0x18 ./Drivers/STM32F4xx_HAL_Driver/stm32f4xx_hal_uart.o
                0x0000000008006610                HAL_UARTEx_RxEventCallback
 .text.UART_InitCallbacksToDefault
                0x0000000008006628       0x70 ./Drivers/STM32F4xx_HAL_Driver/stm32f4xx_hal_uart.o
                0x0000000008006628                UART_InitCallbacksToDefault
 .text.UART_EndRxTransfer
                0x0000000008006698       0xc6 ./Drivers/STM32F4xx_HAL_Driver/stm32f4xx_hal_uart.o
 .text.UART_DMAAbortOnError
                0x000000000800675e       0x2a ./Drivers/STM32F4xx_HAL_Driver/stm32f4xx_hal_uart.o
 .text.UART_Transmit_IT
                0x0000000008006788       0xa0 ./Drivers/STM32F4xx_HAL_Driver/stm32f4xx_hal_uart.o
 .text.UART_EndTransmit_IT
                0x0000000008006828       0x32 ./Drivers/STM32F4xx_HAL_Driver/stm32f4xx_hal_uart.o
 .text.UART_Receive_IT
                0x000000000800685a      0x17a ./Drivers/STM32F4xx_HAL_Driver/stm32f4xx_hal_uart.o
 .text.UART_SetConfig
                0x00000000080069d4      0x4e8 ./Drivers/STM32F4xx_HAL_Driver/stm32f4xx_hal_uart.o
 .text.HAL_WWDG_Init
                0x0000000008006ebc       0x70 ./Drivers/STM32F4xx_HAL_Driver/stm32f4xx_hal_wwdg.o
                0x0000000008006ebc                HAL_WWDG_Init
 .text.HAL_WWDG_EarlyWakeupCallback
                0x0000000008006f2c       0x14 ./Drivers/STM32F4xx_HAL_Driver/stm32f4xx_hal_wwdg.o
                0x0000000008006f2c                HAL_WWDG_EarlyWakeupCallback
 .text.__NVIC_SetPriority
                0x0000000008006f40       0x54 ./Middlewares/FreeRTOS/cmsis_os2.o
 .text.SysTick_Handler
                0x0000000008006f94       0x20 ./Middlewares/FreeRTOS/cmsis_os2.o
                0x0000000008006f94                SysTick_Handler
 .text.SVC_Setup
                0x0000000008006fb4       0x12 ./Middlewares/FreeRTOS/cmsis_os2.o
 *fill*         0x0000000008006fc6        0x2 
 .text.osKernelInitialize
                0x0000000008006fc8       0x48 ./Middlewares/FreeRTOS/cmsis_os2.o
                0x0000000008006fc8                osKernelInitialize
 .text.osKernelStart
                0x0000000008007010       0x4c ./Middlewares/FreeRTOS/cmsis_os2.o
                0x0000000008007010                osKernelStart
 .text.osThreadNew
                0x000000000800705c      0x124 ./Middlewares/FreeRTOS/cmsis_os2.o
                0x000000000800705c                osThreadNew
 .text.osDelay  0x0000000008007180       0x36 ./Middlewares/FreeRTOS/cmsis_os2.o
                0x0000000008007180                osDelay
 .text.TimerCallback
                0x00000000080071b6       0x2a ./Middlewares/FreeRTOS/cmsis_os2.o
 .text.osTimerNew
                0x00000000080071e0       0xf8 ./Middlewares/FreeRTOS/cmsis_os2.o
                0x00000000080071e0                osTimerNew
 .text.vApplicationGetIdleTaskMemory
                0x00000000080072d8       0x34 ./Middlewares/FreeRTOS/cmsis_os2.o
                0x00000000080072d8                vApplicationGetIdleTaskMemory
 .text.vApplicationGetTimerTaskMemory
                0x000000000800730c       0x34 ./Middlewares/FreeRTOS/cmsis_os2.o
                0x000000000800730c                vApplicationGetTimerTaskMemory
 .text.pvPortMalloc
                0x0000000008007340      0x1a0 ./Middlewares/FreeRTOS/heap_4.o
                0x0000000008007340                pvPortMalloc
 .text.vPortFree
                0x00000000080074e0       0xc4 ./Middlewares/FreeRTOS/heap_4.o
                0x00000000080074e0                vPortFree
 .text.prvHeapInit
                0x00000000080075a4       0xc4 ./Middlewares/FreeRTOS/heap_4.o
 .text.prvInsertBlockIntoFreeList
                0x0000000008007668       0xb4 ./Middlewares/FreeRTOS/heap_4.o
 .text.vListInitialise
                0x000000000800771c       0x40 ./Middlewares/FreeRTOS/list.o
                0x000000000800771c                vListInitialise
 .text.vListInitialiseItem
                0x000000000800775c       0x1a ./Middlewares/FreeRTOS/list.o
                0x000000000800775c                vListInitialiseItem
 .text.vListInsertEnd
                0x0000000008007776       0x48 ./Middlewares/FreeRTOS/list.o
                0x0000000008007776                vListInsertEnd
 .text.vListInsert
                0x00000000080077be       0x72 ./Middlewares/FreeRTOS/list.o
                0x00000000080077be                vListInsert
 .text.uxListRemove
                0x0000000008007830       0x54 ./Middlewares/FreeRTOS/list.o
                0x0000000008007830                uxListRemove
 .text.pxPortInitialiseStack
                0x0000000008007884       0x68 ./Middlewares/FreeRTOS/port.o
                0x0000000008007884                pxPortInitialiseStack
 .text.prvTaskExitError
                0x00000000080078ec       0x58 ./Middlewares/FreeRTOS/port.o
 *fill*         0x0000000008007944        0xc 
 .text.SVC_Handler
                0x0000000008007950       0x28 ./Middlewares/FreeRTOS/port.o
                0x0000000008007950                SVC_Handler
 .text.prvPortStartFirstTask
                0x0000000008007978       0x28 ./Middlewares/FreeRTOS/port.o
 .text.xPortStartScheduler
                0x00000000080079a0      0x144 ./Middlewares/FreeRTOS/port.o
                0x00000000080079a0                xPortStartScheduler
 .text.vPortEnterCritical
                0x0000000008007ae4       0x60 ./Middlewares/FreeRTOS/port.o
                0x0000000008007ae4                vPortEnterCritical
 .text.vPortExitCritical
                0x0000000008007b44       0x54 ./Middlewares/FreeRTOS/port.o
                0x0000000008007b44                vPortExitCritical
 *fill*         0x0000000008007b98        0x8 
 .text.PendSV_Handler
                0x0000000008007ba0       0x68 ./Middlewares/FreeRTOS/port.o
                0x0000000008007ba0                PendSV_Handler
 .text.xPortSysTickHandler
                0x0000000008007c08       0x44 ./Middlewares/FreeRTOS/port.o
                0x0000000008007c08                xPortSysTickHandler
 .text.vPortSuppressTicksAndSleep
                0x0000000008007c4c      0x198 ./Middlewares/FreeRTOS/port.o
                0x0000000008007c4c                vPortSuppressTicksAndSleep
 .text.vPortSetupTimerInterrupt
                0x0000000008007de4       0x78 ./Middlewares/FreeRTOS/port.o
                0x0000000008007de4                vPortSetupTimerInterrupt
 .text.vPortEnableVFP
                0x0000000008007e5c       0x14 ./Middlewares/FreeRTOS/port.o
 .text.vPortValidateInterruptPriority
                0x0000000008007e70       0x80 ./Middlewares/FreeRTOS/port.o
                0x0000000008007e70                vPortValidateInterruptPriority
 .text.xQueueGenericReset
                0x0000000008007ef0       0xd0 ./Middlewares/FreeRTOS/queue.o
                0x0000000008007ef0                xQueueGenericReset
 .text.xQueueGenericCreateStatic
                0x0000000008007fc0       0xf0 ./Middlewares/FreeRTOS/queue.o
                0x0000000008007fc0                xQueueGenericCreateStatic
 .text.prvInitialiseNewQueue
                0x00000000080080b0       0x46 ./Middlewares/FreeRTOS/queue.o
 *fill*         0x00000000080080f6        0x2 
 .text.xQueueGenericSend
                0x00000000080080f8      0x1fc ./Middlewares/FreeRTOS/queue.o
                0x00000000080080f8                xQueueGenericSend
 .text.xQueueGenericSendFromISR
                0x00000000080082f4      0x136 ./Middlewares/FreeRTOS/queue.o
                0x00000000080082f4                xQueueGenericSendFromISR
 *fill*         0x000000000800842a        0x2 
 .text.xQueueReceive
                0x000000000800842c      0x1c0 ./Middlewares/FreeRTOS/queue.o
                0x000000000800842c                xQueueReceive
 .text.prvCopyDataToQueue
                0x00000000080085ec       0xd4 ./Middlewares/FreeRTOS/queue.o
 .text.prvCopyDataFromQueue
                0x00000000080086c0       0x4c ./Middlewares/FreeRTOS/queue.o
 .text.prvUnlockQueue
                0x000000000800870c       0xa4 ./Middlewares/FreeRTOS/queue.o
 .text.prvIsQueueEmpty
                0x00000000080087b0       0x2c ./Middlewares/FreeRTOS/queue.o
 .text.prvIsQueueFull
                0x00000000080087dc       0x30 ./Middlewares/FreeRTOS/queue.o
 .text.vQueueAddToRegistry
                0x000000000800880c       0x54 ./Middlewares/FreeRTOS/queue.o
                0x000000000800880c                vQueueAddToRegistry
 .text.vQueueWaitForMessageRestricted
                0x0000000008008860       0x68 ./Middlewares/FreeRTOS/queue.o
                0x0000000008008860                vQueueWaitForMessageRestricted
 .text.xTaskCreateStatic
                0x00000000080088c8       0xba ./Middlewares/FreeRTOS/tasks.o
                0x00000000080088c8                xTaskCreateStatic
 .text.xTaskCreate
                0x0000000008008982       0x8a ./Middlewares/FreeRTOS/tasks.o
                0x0000000008008982                xTaskCreate
 .text.prvInitialiseNewTask
                0x0000000008008a0c      0x168 ./Middlewares/FreeRTOS/tasks.o
 .text.prvAddNewTaskToReadyList
                0x0000000008008b74       0xe0 ./Middlewares/FreeRTOS/tasks.o
 .text.vTaskDelay
                0x0000000008008c54       0x68 ./Middlewares/FreeRTOS/tasks.o
                0x0000000008008c54                vTaskDelay
 .text.vTaskStartScheduler
                0x0000000008008cbc       0xe4 ./Middlewares/FreeRTOS/tasks.o
                0x0000000008008cbc                vTaskStartScheduler
 .text.vTaskSuspendAll
                0x0000000008008da0       0x1c ./Middlewares/FreeRTOS/tasks.o
                0x0000000008008da0                vTaskSuspendAll
 .text.prvGetExpectedIdleTime
                0x0000000008008dbc       0x70 ./Middlewares/FreeRTOS/tasks.o
 .text.xTaskResumeAll
                0x0000000008008e2c      0x13c ./Middlewares/FreeRTOS/tasks.o
                0x0000000008008e2c                xTaskResumeAll
 .text.xTaskGetTickCount
                0x0000000008008f68       0x20 ./Middlewares/FreeRTOS/tasks.o
                0x0000000008008f68                xTaskGetTickCount
 .text.vTaskStepTick
                0x0000000008008f88       0x50 ./Middlewares/FreeRTOS/tasks.o
                0x0000000008008f88                vTaskStepTick
 .text.xTaskIncrementTick
                0x0000000008008fd8      0x184 ./Middlewares/FreeRTOS/tasks.o
                0x0000000008008fd8                xTaskIncrementTick
 .text.vTaskSwitchContext
                0x000000000800915c      0x168 ./Middlewares/FreeRTOS/tasks.o
                0x000000000800915c                vTaskSwitchContext
 .text.vTaskPlaceOnEventList
                0x00000000080092c4       0x48 ./Middlewares/FreeRTOS/tasks.o
                0x00000000080092c4                vTaskPlaceOnEventList
 .text.vTaskPlaceOnEventListRestricted
                0x000000000800930c       0x58 ./Middlewares/FreeRTOS/tasks.o
                0x000000000800930c                vTaskPlaceOnEventListRestricted
 .text.xTaskRemoveFromEventList
                0x0000000008009364       0xcc ./Middlewares/FreeRTOS/tasks.o
                0x0000000008009364                xTaskRemoveFromEventList
 .text.vTaskInternalSetTimeOutState
                0x0000000008009430       0x2c ./Middlewares/FreeRTOS/tasks.o
                0x0000000008009430                vTaskInternalSetTimeOutState
 .text.xTaskCheckForTimeOut
                0x000000000800945c       0xe4 ./Middlewares/FreeRTOS/tasks.o
                0x000000000800945c                xTaskCheckForTimeOut
 .text.vTaskMissedYield
                0x0000000008009540       0x18 ./Middlewares/FreeRTOS/tasks.o
                0x0000000008009540                vTaskMissedYield
 .text.prvIdleTask
                0x0000000008009558       0x84 ./Middlewares/FreeRTOS/tasks.o
 .text.eTaskConfirmSleepModeStatus
                0x00000000080095dc       0x5c ./Middlewares/FreeRTOS/tasks.o
                0x00000000080095dc                eTaskConfirmSleepModeStatus
 .text.prvInitialiseTaskLists
                0x0000000008009638       0x80 ./Middlewares/FreeRTOS/tasks.o
 .text.prvCheckTasksWaitingTermination
                0x00000000080096b8       0x5c ./Middlewares/FreeRTOS/tasks.o
 .text.prvDeleteTCB
                0x0000000008009714       0x68 ./Middlewares/FreeRTOS/tasks.o
 .text.prvResetNextTaskUnblockTime
                0x000000000800977c       0x40 ./Middlewares/FreeRTOS/tasks.o
 .text.xTaskGetSchedulerState
                0x00000000080097bc       0x3c ./Middlewares/FreeRTOS/tasks.o
                0x00000000080097bc                xTaskGetSchedulerState
 .text.xTaskPriorityDisinherit
                0x00000000080097f8       0xdc ./Middlewares/FreeRTOS/tasks.o
                0x00000000080097f8                xTaskPriorityDisinherit
 .text.prvAddCurrentTaskToDelayedList
                0x00000000080098d4       0xb4 ./Middlewares/FreeRTOS/tasks.o
 .text.xTimerCreateTimerTask
                0x0000000008009988       0x90 ./Middlewares/FreeRTOS/timers.o
                0x0000000008009988                xTimerCreateTimerTask
 .text.xTimerCreate
                0x0000000008009a18       0x42 ./Middlewares/FreeRTOS/timers.o
                0x0000000008009a18                xTimerCreate
 .text.xTimerCreateStatic
                0x0000000008009a5a       0x7c ./Middlewares/FreeRTOS/timers.o
                0x0000000008009a5a                xTimerCreateStatic
 .text.prvInitialiseNewTimer
                0x0000000008009ad6       0x76 ./Middlewares/FreeRTOS/timers.o
 .text.xTimerGenericCommand
                0x0000000008009b4c       0x9c ./Middlewares/FreeRTOS/timers.o
                0x0000000008009b4c                xTimerGenericCommand
 .text.prvProcessExpiredTimer
                0x0000000008009be8       0x98 ./Middlewares/FreeRTOS/timers.o
 .text.prvTimerTask
                0x0000000008009c80       0x28 ./Middlewares/FreeRTOS/timers.o
 .text.prvProcessTimerOrBlockTask
                0x0000000008009ca8       0x9c ./Middlewares/FreeRTOS/timers.o
 .text.prvGetNextExpireTime
                0x0000000008009d44       0x48 ./Middlewares/FreeRTOS/timers.o
 .text.prvSampleTimeNow
                0x0000000008009d8c       0x40 ./Middlewares/FreeRTOS/timers.o
 .text.prvInsertTimerInActiveList
                0x0000000008009dcc       0x84 ./Middlewares/FreeRTOS/timers.o
 .text.prvProcessReceivedCommands
                0x0000000008009e50      0x1c4 ./Middlewares/FreeRTOS/timers.o
 .text.prvSwitchTimerLists
                0x000000000800a014       0xc8 ./Middlewares/FreeRTOS/timers.o
 .text.prvCheckForValidListAndQueue
                0x000000000800a0dc       0x80 ./Middlewares/FreeRTOS/timers.o
 .text.pvTimerGetTimerID
                0x000000000800a15c       0x40 ./Middlewares/FreeRTOS/timers.o
                0x000000000800a15c                pvTimerGetTimerID
 .text.__libc_init_array
                0x000000000800a19c       0x48 c:/st/stm32cubeide_1.10.1/stm32cubeide/plugins/com.st.stm32cube.ide.mcu.externaltools.gnu-tools-for-stm32.10.3-2021.10.win32_1.0.0.202111181127/tools/bin/../lib/gcc/arm-none-eabi/10.3.1/../../../../arm-none-eabi/lib/thumb/v7e-m+fp/hard\libc_nano.a(lib_a-init.o)
                0x000000000800a19c                __libc_init_array
 .text.__retarget_lock_acquire_recursive
                0x000000000800a1e4        0x2 c:/st/stm32cubeide_1.10.1/stm32cubeide/plugins/com.st.stm32cube.ide.mcu.externaltools.gnu-tools-for-stm32.10.3-2021.10.win32_1.0.0.202111181127/tools/bin/../lib/gcc/arm-none-eabi/10.3.1/../../../../arm-none-eabi/lib/thumb/v7e-m+fp/hard\libc_nano.a(lib_a-lock.o)
                0x000000000800a1e4                __retarget_lock_acquire_recursive
 .text.__retarget_lock_release_recursive
                0x000000000800a1e6        0x2 c:/st/stm32cubeide_1.10.1/stm32cubeide/plugins/com.st.stm32cube.ide.mcu.externaltools.gnu-tools-for-stm32.10.3-2021.10.win32_1.0.0.202111181127/tools/bin/../lib/gcc/arm-none-eabi/10.3.1/../../../../arm-none-eabi/lib/thumb/v7e-m+fp/hard\libc_nano.a(lib_a-lock.o)
                0x000000000800a1e6                __retarget_lock_release_recursive
 .text.memcpy   0x000000000800a1e8       0x1c c:/st/stm32cubeide_1.10.1/stm32cubeide/plugins/com.st.stm32cube.ide.mcu.externaltools.gnu-tools-for-stm32.10.3-2021.10.win32_1.0.0.202111181127/tools/bin/../lib/gcc/arm-none-eabi/10.3.1/../../../../arm-none-eabi/lib/thumb/v7e-m+fp/hard\libc_nano.a(lib_a-memcpy-stub.o)
                0x000000000800a1e8                memcpy
 .text.memset   0x000000000800a204       0x10 c:/st/stm32cubeide_1.10.1/stm32cubeide/plugins/com.st.stm32cube.ide.mcu.externaltools.gnu-tools-for-stm32.10.3-2021.10.win32_1.0.0.202111181127/tools/bin/../lib/gcc/arm-none-eabi/10.3.1/../../../../arm-none-eabi/lib/thumb/v7e-m+fp/hard\libc_nano.a(lib_a-memset.o)
                0x000000000800a204                memset
 .text.cleanup_glue
                0x000000000800a214       0x1a c:/st/stm32cubeide_1.10.1/stm32cubeide/plugins/com.st.stm32cube.ide.mcu.externaltools.gnu-tools-for-stm32.10.3-2021.10.win32_1.0.0.202111181127/tools/bin/../lib/gcc/arm-none-eabi/10.3.1/../../../../arm-none-eabi/lib/thumb/v7e-m+fp/hard\libc_nano.a(lib_a-reent.o)
                0x000000000800a214                cleanup_glue
 *fill*         0x000000000800a22e        0x2 
 .text._reclaim_reent
                0x000000000800a230       0xb8 c:/st/stm32cubeide_1.10.1/stm32cubeide/plugins/com.st.stm32cube.ide.mcu.externaltools.gnu-tools-for-stm32.10.3-2021.10.win32_1.0.0.202111181127/tools/bin/../lib/gcc/arm-none-eabi/10.3.1/../../../../arm-none-eabi/lib/thumb/v7e-m+fp/hard\libc_nano.a(lib_a-reent.o)
                0x000000000800a230                _reclaim_reent
 .text.__malloc_lock
                0x000000000800a2e8        0xc c:/st/stm32cubeide_1.10.1/stm32cubeide/plugins/com.st.stm32cube.ide.mcu.externaltools.gnu-tools-for-stm32.10.3-2021.10.win32_1.0.0.202111181127/tools/bin/../lib/gcc/arm-none-eabi/10.3.1/../../../../arm-none-eabi/lib/thumb/v7e-m+fp/hard\libc_nano.a(lib_a-mlock.o)
                0x000000000800a2e8                __malloc_lock
 .text.__malloc_unlock
                0x000000000800a2f4        0xc c:/st/stm32cubeide_1.10.1/stm32cubeide/plugins/com.st.stm32cube.ide.mcu.externaltools.gnu-tools-for-stm32.10.3-2021.10.win32_1.0.0.202111181127/tools/bin/../lib/gcc/arm-none-eabi/10.3.1/../../../../arm-none-eabi/lib/thumb/v7e-m+fp/hard\libc_nano.a(lib_a-mlock.o)
                0x000000000800a2f4                __malloc_unlock
 .text._free_r  0x000000000800a300       0x98 c:/st/stm32cubeide_1.10.1/stm32cubeide/plugins/com.st.stm32cube.ide.mcu.externaltools.gnu-tools-for-stm32.10.3-2021.10.win32_1.0.0.202111181127/tools/bin/../lib/gcc/arm-none-eabi/10.3.1/../../../../arm-none-eabi/lib/thumb/v7e-m+fp/hard\libc_nano.a(lib_a-nano-freer.o)
                0x000000000800a300                _free_r
 *(.glue_7)
 .glue_7        0x000000000800a398        0x0 linker stubs
 *(.glue_7t)
 .glue_7t       0x000000000800a398        0x0 linker stubs
 *(.eh_frame)
 .eh_frame      0x000000000800a398        0x0 c:/st/stm32cubeide_1.10.1/stm32cubeide/plugins/com.st.stm32cube.ide.mcu.externaltools.gnu-tools-for-stm32.10.3-2021.10.win32_1.0.0.202111181127/tools/bin/../lib/gcc/arm-none-eabi/10.3.1/thumb/v7e-m+fp/hard/crtbegin.o
 *(.init)
 .init          0x000000000800a398        0x4 c:/st/stm32cubeide_1.10.1/stm32cubeide/plugins/com.st.stm32cube.ide.mcu.externaltools.gnu-tools-for-stm32.10.3-2021.10.win32_1.0.0.202111181127/tools/bin/../lib/gcc/arm-none-eabi/10.3.1/thumb/v7e-m+fp/hard/crti.o
                0x000000000800a398                _init
 .init          0x000000000800a39c        0x8 c:/st/stm32cubeide_1.10.1/stm32cubeide/plugins/com.st.stm32cube.ide.mcu.externaltools.gnu-tools-for-stm32.10.3-2021.10.win32_1.0.0.202111181127/tools/bin/../lib/gcc/arm-none-eabi/10.3.1/thumb/v7e-m+fp/hard/crtn.o
 *(.fini)
 .fini          0x000000000800a3a4        0x4 c:/st/stm32cubeide_1.10.1/stm32cubeide/plugins/com.st.stm32cube.ide.mcu.externaltools.gnu-tools-for-stm32.10.3-2021.10.win32_1.0.0.202111181127/tools/bin/../lib/gcc/arm-none-eabi/10.3.1/thumb/v7e-m+fp/hard/crti.o
                0x000000000800a3a4                _fini
 .fini          0x000000000800a3a8        0x8 c:/st/stm32cubeide_1.10.1/stm32cubeide/plugins/com.st.stm32cube.ide.mcu.externaltools.gnu-tools-for-stm32.10.3-2021.10.win32_1.0.0.202111181127/tools/bin/../lib/gcc/arm-none-eabi/10.3.1/thumb/v7e-m+fp/hard/crtn.o
                0x000000000800a3b0                . = ALIGN (0x4)
                0x000000000800a3b0                _etext = .

.vfp11_veneer   0x000000000800a3b0        0x0
 .vfp11_veneer  0x000000000800a3b0        0x0 linker stubs

.v4_bx          0x000000000800a3b0        0x0
 .v4_bx         0x000000000800a3b0        0x0 linker stubs

.iplt           0x000000000800a3b0        0x0
 .iplt          0x000000000800a3b0        0x0 c:/st/stm32cubeide_1.10.1/stm32cubeide/plugins/com.st.stm32cube.ide.mcu.externaltools.gnu-tools-for-stm32.10.3-2021.10.win32_1.0.0.202111181127/tools/bin/../lib/gcc/arm-none-eabi/10.3.1/thumb/v7e-m+fp/hard/crtbegin.o

.rodata         0x000000000800a3b0      0x110
                0x000000000800a3b0                . = ALIGN (0x4)
 *(.rodata)
 .rodata        0x000000000800a3b0       0x1b ./Core/Src/freertos.o
 *fill*         0x000000000800a3cb        0x1 
 .rodata        0x000000000800a3cc       0x30 ./Middlewares/FreeRTOS/tasks.o
 .rodata        0x000000000800a3fc        0xd ./Middlewares/FreeRTOS/timers.o
 *(.rodata*)
 *fill*         0x000000000800a409        0x3 
 .rodata.StartOsInit_attributes
                0x000000000800a40c       0x24 ./Core/Src/freertos.o
                0x000000000800a40c                StartOsInit_attributes
 .rodata.OsTimerCounter_attributes
                0x000000000800a430       0x10 ./Core/Src/freertos.o
                0x000000000800a430                OsTimerCounter_attributes
 .rodata.AHBPrescTable
                0x000000000800a440       0x10 ./Core/Src/system_stm32f4xx.o
                0x000000000800a440                AHBPrescTable
 .rodata.APBPrescTable
                0x000000000800a450        0x8 ./Core/Src/system_stm32f4xx.o
                0x000000000800a450                APBPrescTable
 .rodata.flagBitshiftOffset.0
                0x000000000800a458        0x8 ./Drivers/STM32F4xx_HAL_Driver/stm32f4xx_hal_dma.o
 .rodata.__sf_fake_stderr
                0x000000000800a460       0x20 c:/st/stm32cubeide_1.10.1/stm32cubeide/plugins/com.st.stm32cube.ide.mcu.externaltools.gnu-tools-for-stm32.10.3-2021.10.win32_1.0.0.202111181127/tools/bin/../lib/gcc/arm-none-eabi/10.3.1/../../../../arm-none-eabi/lib/thumb/v7e-m+fp/hard\libc_nano.a(lib_a-findfp.o)
                0x000000000800a460                __sf_fake_stderr
 .rodata.__sf_fake_stdin
                0x000000000800a480       0x20 c:/st/stm32cubeide_1.10.1/stm32cubeide/plugins/com.st.stm32cube.ide.mcu.externaltools.gnu-tools-for-stm32.10.3-2021.10.win32_1.0.0.202111181127/tools/bin/../lib/gcc/arm-none-eabi/10.3.1/../../../../arm-none-eabi/lib/thumb/v7e-m+fp/hard\libc_nano.a(lib_a-findfp.o)
                0x000000000800a480                __sf_fake_stdin
 .rodata.__sf_fake_stdout
                0x000000000800a4a0       0x20 c:/st/stm32cubeide_1.10.1/stm32cubeide/plugins/com.st.stm32cube.ide.mcu.externaltools.gnu-tools-for-stm32.10.3-2021.10.win32_1.0.0.202111181127/tools/bin/../lib/gcc/arm-none-eabi/10.3.1/../../../../arm-none-eabi/lib/thumb/v7e-m+fp/hard\libc_nano.a(lib_a-findfp.o)
                0x000000000800a4a0                __sf_fake_stdout
                0x000000000800a4c0                . = ALIGN (0x4)

.ARM.extab      0x000000000800a4c0        0x0
                0x000000000800a4c0                . = ALIGN (0x4)
 *(.ARM.extab* .gnu.linkonce.armextab.*)
                0x000000000800a4c0                . = ALIGN (0x4)

.ARM            0x000000000800a4c0        0x8
                0x000000000800a4c0                . = ALIGN (0x4)
                0x000000000800a4c0                __exidx_start = .
 *(.ARM.exidx*)
 .ARM.exidx     0x000000000800a4c0        0x8 c:/st/stm32cubeide_1.10.1/stm32cubeide/plugins/com.st.stm32cube.ide.mcu.externaltools.gnu-tools-for-stm32.10.3-2021.10.win32_1.0.0.202111181127/tools/bin/../lib/gcc/arm-none-eabi/10.3.1/thumb/v7e-m+fp/hard\libgcc.a(_udivmoddi4.o)
                0x000000000800a4c8                __exidx_end = .
                0x000000000800a4c8                . = ALIGN (0x4)

.rel.dyn        0x000000000800a4c8        0x0
 .rel.iplt      0x000000000800a4c8        0x0 c:/st/stm32cubeide_1.10.1/stm32cubeide/plugins/com.st.stm32cube.ide.mcu.externaltools.gnu-tools-for-stm32.10.3-2021.10.win32_1.0.0.202111181127/tools/bin/../lib/gcc/arm-none-eabi/10.3.1/thumb/v7e-m+fp/hard/crtbegin.o

.preinit_array  0x000000000800a4c8        0x0
                0x000000000800a4c8                . = ALIGN (0x4)
                0x000000000800a4c8                PROVIDE (__preinit_array_start = .)
 *(.preinit_array*)
                0x000000000800a4c8                PROVIDE (__preinit_array_end = .)
                0x000000000800a4c8                . = ALIGN (0x4)

.init_array     0x000000000800a4c8        0x4
                0x000000000800a4c8                . = ALIGN (0x4)
                0x000000000800a4c8                PROVIDE (__init_array_start = .)
 *(SORT_BY_NAME(.init_array.*))
 *(.init_array*)
 .init_array    0x000000000800a4c8        0x4 c:/st/stm32cubeide_1.10.1/stm32cubeide/plugins/com.st.stm32cube.ide.mcu.externaltools.gnu-tools-for-stm32.10.3-2021.10.win32_1.0.0.202111181127/tools/bin/../lib/gcc/arm-none-eabi/10.3.1/thumb/v7e-m+fp/hard/crtbegin.o
                0x000000000800a4cc                PROVIDE (__init_array_end = .)
                0x000000000800a4cc                . = ALIGN (0x4)

.fini_array     0x000000000800a4cc        0x4
                0x000000000800a4cc                . = ALIGN (0x4)
                [!provide]                        PROVIDE (__fini_array_start = .)
 *(SORT_BY_NAME(.fini_array.*))
 *(.fini_array*)
 .fini_array    0x000000000800a4cc        0x4 c:/st/stm32cubeide_1.10.1/stm32cubeide/plugins/com.st.stm32cube.ide.mcu.externaltools.gnu-tools-for-stm32.10.3-2021.10.win32_1.0.0.202111181127/tools/bin/../lib/gcc/arm-none-eabi/10.3.1/thumb/v7e-m+fp/hard/crtbegin.o
                [!provide]                        PROVIDE (__fini_array_end = .)
                0x000000000800a4d0                . = ALIGN (0x4)
                0x000000000800a4d0                _sidata = LOADADDR (.data)

.data           0x0000000020000000       0x74 load address 0x000000000800a4d0
                0x0000000020000000                . = ALIGN (0x4)
                0x0000000020000000                _sdata = .
 *(.data)
 *(.data*)
 .data.SystemCoreClock
                0x0000000020000000        0x4 ./Core/Src/system_stm32f4xx.o
                0x0000000020000000                SystemCoreClock
 .data.uwTickPrio
                0x0000000020000004        0x4 ./Drivers/STM32F4xx_HAL_Driver/stm32f4xx_hal.o
                0x0000000020000004                uwTickPrio
 .data.uwTickFreq
                0x0000000020000008        0x1 ./Drivers/STM32F4xx_HAL_Driver/stm32f4xx_hal.o
                0x0000000020000008                uwTickFreq
 *fill*         0x0000000020000009        0x3 
 .data.uxCriticalNesting
                0x000000002000000c        0x4 ./Middlewares/FreeRTOS/port.o
 .data._impure_ptr
                0x0000000020000010        0x4 c:/st/stm32cubeide_1.10.1/stm32cubeide/plugins/com.st.stm32cube.ide.mcu.externaltools.gnu-tools-for-stm32.10.3-2021.10.win32_1.0.0.202111181127/tools/bin/../lib/gcc/arm-none-eabi/10.3.1/../../../../arm-none-eabi/lib/thumb/v7e-m+fp/hard\libc_nano.a(lib_a-impure.o)
                0x0000000020000010                _impure_ptr
 .data.impure_data
                0x0000000020000014       0x60 c:/st/stm32cubeide_1.10.1/stm32cubeide/plugins/com.st.stm32cube.ide.mcu.externaltools.gnu-tools-for-stm32.10.3-2021.10.win32_1.0.0.202111181127/tools/bin/../lib/gcc/arm-none-eabi/10.3.1/../../../../arm-none-eabi/lib/thumb/v7e-m+fp/hard\libc_nano.a(lib_a-impure.o)
 *(.RamFunc)
 *(.RamFunc*)
                0x0000000020000074                . = ALIGN (0x4)
                0x0000000020000074                _edata = .

.igot.plt       0x0000000020000074        0x0 load address 0x000000000800a544
 .igot.plt      0x0000000020000074        0x0 c:/st/stm32cubeide_1.10.1/stm32cubeide/plugins/com.st.stm32cube.ide.mcu.externaltools.gnu-tools-for-stm32.10.3-2021.10.win32_1.0.0.202111181127/tools/bin/../lib/gcc/arm-none-eabi/10.3.1/thumb/v7e-m+fp/hard/crtbegin.o
                0x0000000020000074                . = ALIGN (0x4)

.bss            0x0000000020000074     0x5184 load address 0x000000000800a544
                0x0000000020000074                _sbss = .
                0x0000000020000074                __bss_start__ = _sbss
 *(.bss)
 .bss           0x0000000020000074       0x1c c:/st/stm32cubeide_1.10.1/stm32cubeide/plugins/com.st.stm32cube.ide.mcu.externaltools.gnu-tools-for-stm32.10.3-2021.10.win32_1.0.0.202111181127/tools/bin/../lib/gcc/arm-none-eabi/10.3.1/thumb/v7e-m+fp/hard/crtbegin.o
 *(.bss*)
 .bss.CurrentState_CenLoc
                0x0000000020000090        0x1 ./ApplicationLayer/CenLoc/CenLoc.o
                0x0000000020000090                CurrentState_CenLoc
 .bss.BTCenLoc  0x0000000020000091        0x1 ./ApplicationLayer/CenLoc/CenLoc.o
                0x0000000020000091                BTCenLoc
 .bss.BTCenLoc_LockUnlockFlag
                0x0000000020000092        0x1 ./ApplicationLayer/CenLoc/CenLoc.o
                0x0000000020000092                BTCenLoc_LockUnlockFlag
 .bss.PreviousState_CenLoc
                0x0000000020000093        0x1 ./ApplicationLayer/CenLoc/CenLoc.o
                0x0000000020000093                PreviousState_CenLoc
 .bss.ExtLights_UnlockedState
                0x0000000020000094        0x1 ./ApplicationLayer/CenLoc/CenLoc.o
                0x0000000020000094                ExtLights_UnlockedState
 .bss.ExtLights_LockedState
                0x0000000020000095        0x1 ./ApplicationLayer/CenLoc/CenLoc.o
                0x0000000020000095                ExtLights_LockedState
 .bss.CurrentState_LowBeam
                0x0000000020000096        0x1 ./ApplicationLayer/ExtLights/ExtLights.o
                0x0000000020000096                CurrentState_LowBeam
 .bss.CurrentState_HighBeam
                0x0000000020000097        0x1 ./ApplicationLayer/ExtLights/ExtLights.o
                0x0000000020000097                CurrentState_HighBeam
 .bss.CurrentState_FogLightFront
                0x0000000020000098        0x1 ./ApplicationLayer/ExtLights/ExtLights.o
                0x0000000020000098                CurrentState_FogLightFront
 .bss.CurrentState_FogLightRear
                0x0000000020000099        0x1 ./ApplicationLayer/ExtLights/ExtLights.o
                0x0000000020000099                CurrentState_FogLightRear
 .bss.CurrentState_TurnSignalRight
                0x000000002000009a        0x1 ./ApplicationLayer/ExtLights/ExtLights.o
                0x000000002000009a                CurrentState_TurnSignalRight
 .bss.CurrentState_TurnSignalLeft
                0x000000002000009b        0x1 ./ApplicationLayer/ExtLights/ExtLights.o
                0x000000002000009b                CurrentState_TurnSignalLeft
 .bss.CurrentState_PositionLightRear
                0x000000002000009c        0x1 ./ApplicationLayer/ExtLights/ExtLights.o
                0x000000002000009c                CurrentState_PositionLightRear
 .bss.CurrentState_BrakeLight
                0x000000002000009d        0x1 ./ApplicationLayer/ExtLights/ExtLights.o
                0x000000002000009d                CurrentState_BrakeLight
 .bss.CurrentState_ReverseLight
                0x000000002000009e        0x1 ./ApplicationLayer/ExtLights/ExtLights.o
                0x000000002000009e                CurrentState_ReverseLight
 .bss.CurrentState_HazardLight
                0x000000002000009f        0x1 ./ApplicationLayer/ExtLights/ExtLights.o
                0x000000002000009f                CurrentState_HazardLight
 .bss.BTLowBeam
                0x00000000200000a0        0x1 ./ApplicationLayer/ExtLights/ExtLights.o
                0x00000000200000a0                BTLowBeam
 .bss.BTHighBeam
                0x00000000200000a1        0x1 ./ApplicationLayer/ExtLights/ExtLights.o
                0x00000000200000a1                BTHighBeam
 .bss.BTFogLightFront
                0x00000000200000a2        0x1 ./ApplicationLayer/ExtLights/ExtLights.o
                0x00000000200000a2                BTFogLightFront
 .bss.BTFogLightRear
                0x00000000200000a3        0x1 ./ApplicationLayer/ExtLights/ExtLights.o
                0x00000000200000a3                BTFogLightRear
 .bss.BTPositionLightRear
                0x00000000200000a4        0x1 ./ApplicationLayer/ExtLights/ExtLights.o
                0x00000000200000a4                BTPositionLightRear
 .bss.BTBrakeLight
                0x00000000200000a5        0x1 ./ApplicationLayer/ExtLights/ExtLights.o
                0x00000000200000a5                BTBrakeLight
 .bss.BTReverseLight
                0x00000000200000a6        0x1 ./ApplicationLayer/ExtLights/ExtLights.o
                0x00000000200000a6                BTReverseLight
 .bss.BTTurnSignalRight
                0x00000000200000a7        0x1 ./ApplicationLayer/ExtLights/ExtLights.o
                0x00000000200000a7                BTTurnSignalRight
 .bss.BTTurnSignalLeft
                0x00000000200000a8        0x1 ./ApplicationLayer/ExtLights/ExtLights.o
                0x00000000200000a8                BTTurnSignalLeft
 .bss.BTHazardLight
                0x00000000200000a9        0x1 ./ApplicationLayer/ExtLights/ExtLights.o
                0x00000000200000a9                BTHazardLight
 .bss.BTExtLight_IrqFlag
                0x00000000200000aa        0x1 ./ApplicationLayer/ExtLights/ExtLights.o
                0x00000000200000aa                BTExtLight_IrqFlag
 .bss.CurrentState_IntLights
                0x00000000200000ab        0x1 ./ApplicationLayer/IntLights/IntLights.o
                0x00000000200000ab                CurrentState_IntLights
 .bss.BTIntLights
                0x00000000200000ac        0x1 ./ApplicationLayer/IntLights/IntLights.o
                0x00000000200000ac                BTIntLights
 .bss.CurrentState_Alarm_LED
                0x00000000200000ad        0x1 ./ApplicationLayer/SecAlm/SecAlm.o
                0x00000000200000ad                CurrentState_Alarm_LED
 .bss.LockCounter
                0x00000000200000ae        0x1 ./ApplicationLayer/SecAlm/SecAlm.o
                0x00000000200000ae                LockCounter
 .bss.UnlockCounter
                0x00000000200000af        0x1 ./ApplicationLayer/SecAlm/SecAlm.o
                0x00000000200000af                UnlockCounter
 .bss.SecAlmTrigger
                0x00000000200000b0        0x1 ./ApplicationLayer/SecAlm/SecAlm.o
                0x00000000200000b0                SecAlmTrigger
 .bss.SecAlmCounter
                0x00000000200000b1        0x1 ./ApplicationLayer/SecAlm/SecAlm.o
                0x00000000200000b1                SecAlmCounter
 .bss.PreviousState_SecAlm
                0x00000000200000b2        0x1 ./ApplicationLayer/SecAlm/SecAlm.o
                0x00000000200000b2                PreviousState_SecAlm
 *fill*         0x00000000200000b3        0x1 
 .bss.hadc1     0x00000000200000b4       0x64 ./Core/Src/adc.o
                0x00000000200000b4                hadc1
 .bss.hcrc      0x0000000020000118        0x8 ./Core/Src/crc.o
                0x0000000020000118                hcrc
 .bss.hdma_memtomem_dma2_stream0
                0x0000000020000120       0x60 ./Core/Src/dma.o
                0x0000000020000120                hdma_memtomem_dma2_stream0
 .bss.StartOsInitHandle
                0x0000000020000180        0x4 ./Core/Src/freertos.o
                0x0000000020000180                StartOsInitHandle
 .bss.OsTimerCounterHandle
                0x0000000020000184        0x4 ./Core/Src/freertos.o
                0x0000000020000184                OsTimerCounterHandle
 .bss.OsTimerCounterControlBlock
                0x0000000020000188       0x2c ./Core/Src/freertos.o
                0x0000000020000188                OsTimerCounterControlBlock
 .bss.hiwdg     0x00000000200001b4        0xc ./Core/Src/iwdg.o
                0x00000000200001b4                hiwdg
 .bss.hrtc      0x00000000200001c0       0x3c ./Core/Src/rtc.o
                0x00000000200001c0                hrtc
 .bss.hspi2     0x00000000200001fc       0x80 ./Core/Src/spi.o
                0x00000000200001fc                hspi2
 .bss.hspi3     0x000000002000027c       0x80 ./Core/Src/spi.o
                0x000000002000027c                hspi3
 .bss.htim1     0x00000000200002fc       0xb4 ./Core/Src/stm32f4xx_hal_timebase_tim.o
                0x00000000200002fc                htim1
 .bss.htim2     0x00000000200003b0       0xb4 ./Core/Src/tim.o
                0x00000000200003b0                htim2
 .bss.htim3     0x0000000020000464       0xb4 ./Core/Src/tim.o
                0x0000000020000464                htim3
 .bss.htim4     0x0000000020000518       0xb4 ./Core/Src/tim.o
                0x0000000020000518                htim4
 .bss.htim5     0x00000000200005cc       0xb4 ./Core/Src/tim.o
                0x00000000200005cc                htim5
 .bss.huart1    0x0000000020000680       0x74 ./Core/Src/usart.o
                0x0000000020000680                huart1
 .bss.huart6    0x00000000200006f4       0x74 ./Core/Src/usart.o
                0x00000000200006f4                huart6
 .bss.hwwdg     0x0000000020000768       0x1c ./Core/Src/wwdg.o
                0x0000000020000768                hwwdg
 .bss.uwTick    0x0000000020000784        0x4 ./Drivers/STM32F4xx_HAL_Driver/stm32f4xx_hal.o
                0x0000000020000784                uwTick
 .bss.pFlash    0x0000000020000788       0x20 ./Drivers/STM32F4xx_HAL_Driver/stm32f4xx_hal_flash.o
                0x0000000020000788                pFlash
 .bss.KernelState
                0x00000000200007a8        0x4 ./Middlewares/FreeRTOS/cmsis_os2.o
 .bss.Idle_TCB.3
                0x00000000200007ac       0xcc ./Middlewares/FreeRTOS/cmsis_os2.o
 .bss.Idle_Stack.2
                0x0000000020000878      0x200 ./Middlewares/FreeRTOS/cmsis_os2.o
 .bss.Timer_TCB.1
                0x0000000020000a78       0xcc ./Middlewares/FreeRTOS/cmsis_os2.o
 .bss.Timer_Stack.0
                0x0000000020000b44      0x400 ./Middlewares/FreeRTOS/cmsis_os2.o
 .bss.ucHeap    0x0000000020000f44     0x3c00 ./Middlewares/FreeRTOS/heap_4.o
 .bss.xStart    0x0000000020004b44        0x8 ./Middlewares/FreeRTOS/heap_4.o
 .bss.pxEnd     0x0000000020004b4c        0x4 ./Middlewares/FreeRTOS/heap_4.o
 .bss.xFreeBytesRemaining
                0x0000000020004b50        0x4 ./Middlewares/FreeRTOS/heap_4.o
 .bss.xMinimumEverFreeBytesRemaining
                0x0000000020004b54        0x4 ./Middlewares/FreeRTOS/heap_4.o
 .bss.xNumberOfSuccessfulAllocations
                0x0000000020004b58        0x4 ./Middlewares/FreeRTOS/heap_4.o
 .bss.xNumberOfSuccessfulFrees
                0x0000000020004b5c        0x4 ./Middlewares/FreeRTOS/heap_4.o
 .bss.xBlockAllocatedBit
                0x0000000020004b60        0x4 ./Middlewares/FreeRTOS/heap_4.o
 .bss.ulTimerCountsForOneTick
                0x0000000020004b64        0x4 ./Middlewares/FreeRTOS/port.o
 .bss.xMaximumPossibleSuppressedTicks
                0x0000000020004b68        0x4 ./Middlewares/FreeRTOS/port.o
 .bss.ulStoppedTimerCompensation
                0x0000000020004b6c        0x4 ./Middlewares/FreeRTOS/port.o
 .bss.ucMaxSysCallPriority
                0x0000000020004b70        0x1 ./Middlewares/FreeRTOS/port.o
 *fill*         0x0000000020004b71        0x3 
 .bss.ulMaxPRIGROUPValue
                0x0000000020004b74        0x4 ./Middlewares/FreeRTOS/port.o
 .bss.xQueueRegistry
                0x0000000020004b78       0x40 ./Middlewares/FreeRTOS/queue.o
                0x0000000020004b78                xQueueRegistry
 .bss.pxCurrentTCB
                0x0000000020004bb8        0x4 ./Middlewares/FreeRTOS/tasks.o
                0x0000000020004bb8                pxCurrentTCB
 .bss.pxReadyTasksLists
                0x0000000020004bbc      0x460 ./Middlewares/FreeRTOS/tasks.o
 .bss.xDelayedTaskList1
                0x000000002000501c       0x14 ./Middlewares/FreeRTOS/tasks.o
 .bss.xDelayedTaskList2
                0x0000000020005030       0x14 ./Middlewares/FreeRTOS/tasks.o
 .bss.pxDelayedTaskList
                0x0000000020005044        0x4 ./Middlewares/FreeRTOS/tasks.o
 .bss.pxOverflowDelayedTaskList
                0x0000000020005048        0x4 ./Middlewares/FreeRTOS/tasks.o
 .bss.xPendingReadyList
                0x000000002000504c       0x14 ./Middlewares/FreeRTOS/tasks.o
 .bss.xTasksWaitingTermination
                0x0000000020005060       0x14 ./Middlewares/FreeRTOS/tasks.o
 .bss.uxDeletedTasksWaitingCleanUp
                0x0000000020005074        0x4 ./Middlewares/FreeRTOS/tasks.o
 .bss.xSuspendedTaskList
                0x0000000020005078       0x14 ./Middlewares/FreeRTOS/tasks.o
 .bss.FreeRTOS_errno
                0x000000002000508c        0x4 ./Middlewares/FreeRTOS/tasks.o
                0x000000002000508c                FreeRTOS_errno
 .bss.uxCurrentNumberOfTasks
                0x0000000020005090        0x4 ./Middlewares/FreeRTOS/tasks.o
 .bss.xTickCount
                0x0000000020005094        0x4 ./Middlewares/FreeRTOS/tasks.o
 .bss.uxTopReadyPriority
                0x0000000020005098        0x4 ./Middlewares/FreeRTOS/tasks.o
 .bss.xSchedulerRunning
                0x000000002000509c        0x4 ./Middlewares/FreeRTOS/tasks.o
 .bss.xPendedTicks
                0x00000000200050a0        0x4 ./Middlewares/FreeRTOS/tasks.o
 .bss.xYieldPending
                0x00000000200050a4        0x4 ./Middlewares/FreeRTOS/tasks.o
 .bss.xNumOfOverflows
                0x00000000200050a8        0x4 ./Middlewares/FreeRTOS/tasks.o
 .bss.uxTaskNumber
                0x00000000200050ac        0x4 ./Middlewares/FreeRTOS/tasks.o
 .bss.xNextTaskUnblockTime
                0x00000000200050b0        0x4 ./Middlewares/FreeRTOS/tasks.o
 .bss.xIdleTaskHandle
                0x00000000200050b4        0x4 ./Middlewares/FreeRTOS/tasks.o
 .bss.uxSchedulerSuspended
                0x00000000200050b8        0x4 ./Middlewares/FreeRTOS/tasks.o
 .bss.ulTaskSwitchedInTime
                0x00000000200050bc        0x4 ./Middlewares/FreeRTOS/tasks.o
 .bss.ulTotalRunTime
                0x00000000200050c0        0x4 ./Middlewares/FreeRTOS/tasks.o
 .bss.xActiveTimerList1
                0x00000000200050c4       0x14 ./Middlewares/FreeRTOS/timers.o
 .bss.xActiveTimerList2
                0x00000000200050d8       0x14 ./Middlewares/FreeRTOS/timers.o
 .bss.pxCurrentTimerList
                0x00000000200050ec        0x4 ./Middlewares/FreeRTOS/timers.o
 .bss.pxOverflowTimerList
                0x00000000200050f0        0x4 ./Middlewares/FreeRTOS/timers.o
 .bss.xTimerQueue
                0x00000000200050f4        0x4 ./Middlewares/FreeRTOS/timers.o
 .bss.xTimerTaskHandle
                0x00000000200050f8        0x4 ./Middlewares/FreeRTOS/timers.o
 .bss.xLastTime.2
                0x00000000200050fc        0x4 ./Middlewares/FreeRTOS/timers.o
 .bss.ucStaticTimerQueueStorage.1
                0x0000000020005100       0xa0 ./Middlewares/FreeRTOS/timers.o
 .bss.xStaticTimerQueue.0
                0x00000000200051a0       0x50 ./Middlewares/FreeRTOS/timers.o
 .bss.__lock___malloc_recursive_mutex
                0x00000000200051f0        0x1 c:/st/stm32cubeide_1.10.1/stm32cubeide/plugins/com.st.stm32cube.ide.mcu.externaltools.gnu-tools-for-stm32.10.3-2021.10.win32_1.0.0.202111181127/tools/bin/../lib/gcc/arm-none-eabi/10.3.1/../../../../arm-none-eabi/lib/thumb/v7e-m+fp/hard\libc_nano.a(lib_a-lock.o)
                0x00000000200051f0                __lock___malloc_recursive_mutex
 *fill*         0x00000000200051f1        0x3 
 .bss.__malloc_free_list
                0x00000000200051f4        0x4 c:/st/stm32cubeide_1.10.1/stm32cubeide/plugins/com.st.stm32cube.ide.mcu.externaltools.gnu-tools-for-stm32.10.3-2021.10.win32_1.0.0.202111181127/tools/bin/../lib/gcc/arm-none-eabi/10.3.1/../../../../arm-none-eabi/lib/thumb/v7e-m+fp/hard\libc_nano.a(lib_a-nano-mallocr.o)
                0x00000000200051f4                __malloc_free_list
 *(COMMON)
                0x00000000200051f8                . = ALIGN (0x4)
                0x00000000200051f8                _ebss = .
                0x00000000200051f8                __bss_end__ = _ebss

._user_heap_stack
                0x00000000200051f8      0x600 load address 0x000000000800a544
                0x00000000200051f8                . = ALIGN (0x8)
                [!provide]                        PROVIDE (end = .)
                0x00000000200051f8                PROVIDE (_end = .)
                0x00000000200053f8                . = (. + _Min_Heap_Size)
 *fill*         0x00000000200051f8      0x200 
                0x00000000200057f8                . = (. + _Min_Stack_Size)
 *fill*         0x00000000200053f8      0x400 
                0x00000000200057f8                . = ALIGN (0x8)

/DISCARD/
 libc.a(*)
 libm.a(*)
 libgcc.a(*)

.ARM.attributes
                0x0000000000000000       0x30
 *(.ARM.attributes)
 .ARM.attributes
                0x0000000000000000       0x1e c:/st/stm32cubeide_1.10.1/stm32cubeide/plugins/com.st.stm32cube.ide.mcu.externaltools.gnu-tools-for-stm32.10.3-2021.10.win32_1.0.0.202111181127/tools/bin/../lib/gcc/arm-none-eabi/10.3.1/thumb/v7e-m+fp/hard/crti.o
 .ARM.attributes
                0x000000000000001e       0x34 c:/st/stm32cubeide_1.10.1/stm32cubeide/plugins/com.st.stm32cube.ide.mcu.externaltools.gnu-tools-for-stm32.10.3-2021.10.win32_1.0.0.202111181127/tools/bin/../lib/gcc/arm-none-eabi/10.3.1/thumb/v7e-m+fp/hard/crtbegin.o
 .ARM.attributes
                0x0000000000000052       0x34 ./ApplicationLayer/CenLoc/CenLoc.o
 .ARM.attributes
                0x0000000000000086       0x34 ./ApplicationLayer/ExtLights/ExtLights.o
 .ARM.attributes
                0x00000000000000ba       0x34 ./ApplicationLayer/IntLights/IntLights.o
 .ARM.attributes
                0x00000000000000ee       0x34 ./ApplicationLayer/SecAlm/SecAlm.o
 .ARM.attributes
                0x0000000000000122       0x34 ./Core/Src/adc.o
 .ARM.attributes
                0x0000000000000156       0x34 ./Core/Src/crc.o
 .ARM.attributes
                0x000000000000018a       0x34 ./Core/Src/dma.o
 .ARM.attributes
                0x00000000000001be       0x34 ./Core/Src/freertos.o
 .ARM.attributes
                0x00000000000001f2       0x34 ./Core/Src/gpio.o
 .ARM.attributes
                0x0000000000000226       0x34 ./Core/Src/iwdg.o
 .ARM.attributes
                0x000000000000025a       0x34 ./Core/Src/main.o
 .ARM.attributes
                0x000000000000028e       0x34 ./Core/Src/rtc.o
 .ARM.attributes
                0x00000000000002c2       0x34 ./Core/Src/spi.o
 .ARM.attributes