Archive member included to satisfy reference by file (symbol)

c:/st/stm32cubeide_1.10.1/stm32cubeide/plugins/com.st.stm32cube.ide.mcu.externaltools.gnu-tools-for-stm32.10.3-2021.10.win32_1.0.200.202301161003/tools/bin/../lib/gcc/arm-none-eabi/10.3.1/../../../../arm-none-eabi/lib/thumb/v7e-m+fp/hard\libc_nano.a(lib_a-atoi.o)
                              ./CommunicationServices/Uart/UartH.o (atoi)
c:/st/stm32cubeide_1.10.1/stm32cubeide/plugins/com.st.stm32cube.ide.mcu.externaltools.gnu-tools-for-stm32.10.3-2021.10.win32_1.0.200.202301161003/tools/bin/../lib/gcc/arm-none-eabi/10.3.1/../../../../arm-none-eabi/lib/thumb/v7e-m+fp/hard\libc_nano.a(lib_a-errno.o)
                              ./Core/Src/syscalls.o (__errno)
c:/st/stm32cubeide_1.10.1/stm32cubeide/plugins/com.st.stm32cube.ide.mcu.externaltools.gnu-tools-for-stm32.10.3-2021.10.win32_1.0.200.202301161003/tools/bin/../lib/gcc/arm-none-eabi/10.3.1/../../../../arm-none-eabi/lib/thumb/v7e-m+fp/hard\libc_nano.a(lib_a-exit.o)
                              c:/st/stm32cubeide_1.10.1/stm32cubeide/plugins/com.st.stm32cube.ide.mcu.externaltools.gnu-tools-for-stm32.10.3-2021.10.win32_1.0.200.202301161003/tools/bin/../lib/gcc/arm-none-eabi/10.3.1/../../../../arm-none-eabi/lib/thumb/v7e-m+fp/hard/crt0.o (exit)
c:/st/stm32cubeide_1.10.1/stm32cubeide/plugins/com.st.stm32cube.ide.mcu.externaltools.gnu-tools-for-stm32.10.3-2021.10.win32_1.0.200.202301161003/tools/bin/../lib/gcc/arm-none-eabi/10.3.1/../../../../arm-none-eabi/lib/thumb/v7e-m+fp/hard\libc_nano.a(lib_a-findfp.o)
                              ./Middlewares/FreeRTOS/tasks.o (__sf_fake_stderr)
c:/st/stm32cubeide_1.10.1/stm32cubeide/plugins/com.st.stm32cube.ide.mcu.externaltools.gnu-tools-for-stm32.10.3-2021.10.win32_1.0.200.202301161003/tools/bin/../lib/gcc/arm-none-eabi/10.3.1/../../../../arm-none-eabi/lib/thumb/v7e-m+fp/hard\libc_nano.a(lib_a-fwalk.o)
                              c:/st/stm32cubeide_1.10.1/stm32cubeide/plugins/com.st.stm32cube.ide.mcu.externaltools.gnu-tools-for-stm32.10.3-2021.10.win32_1.0.200.202301161003/tools/bin/../lib/gcc/arm-none-eabi/10.3.1/../../../../arm-none-eabi/lib/thumb/v7e-m+fp/hard\libc_nano.a(lib_a-findfp.o) (_fwalk)
c:/st/stm32cubeide_1.10.1/stm32cubeide/plugins/com.st.stm32cube.ide.mcu.externaltools.gnu-tools-for-stm32.10.3-2021.10.win32_1.0.200.202301161003/tools/bin/../lib/gcc/arm-none-eabi/10.3.1/../../../../arm-none-eabi/lib/thumb/v7e-m+fp/hard\libc_nano.a(lib_a-impure.o)
                              c:/st/stm32cubeide_1.10.1/stm32cubeide/plugins/com.st.stm32cube.ide.mcu.externaltools.gnu-tools-for-stm32.10.3-2021.10.win32_1.0.200.202301161003/tools/bin/../lib/gcc/arm-none-eabi/10.3.1/../../../../arm-none-eabi/lib/thumb/v7e-m+fp/hard\libc_nano.a(lib_a-exit.o) (_global_impure_ptr)
c:/st/stm32cubeide_1.10.1/stm32cubeide/plugins/com.st.stm32cube.ide.mcu.externaltools.gnu-tools-for-stm32.10.3-2021.10.win32_1.0.200.202301161003/tools/bin/../lib/gcc/arm-none-eabi/10.3.1/../../../../arm-none-eabi/lib/thumb/v7e-m+fp/hard\libc_nano.a(lib_a-init.o)
                              c:/st/stm32cubeide_1.10.1/stm32cubeide/plugins/com.st.stm32cube.ide.mcu.externaltools.gnu-tools-for-stm32.10.3-2021.10.win32_1.0.200.202301161003/tools/bin/../lib/gcc/arm-none-eabi/10.3.1/../../../../arm-none-eabi/lib/thumb/v7e-m+fp/hard/crt0.o (__libc_init_array)
c:/st/stm32cubeide_1.10.1/stm32cubeide/plugins/com.st.stm32cube.ide.mcu.externaltools.gnu-tools-for-stm32.10.3-2021.10.win32_1.0.200.202301161003/tools/bin/../lib/gcc/arm-none-eabi/10.3.1/../../../../arm-none-eabi/lib/thumb/v7e-m+fp/hard\libc_nano.a(lib_a-malloc.o)
                              ./Core/ThreadSafe/newlib_lock_glue.o (malloc)
c:/st/stm32cubeide_1.10.1/stm32cubeide/plugins/com.st.stm32cube.ide.mcu.externaltools.gnu-tools-for-stm32.10.3-2021.10.win32_1.0.200.202301161003/tools/bin/../lib/gcc/arm-none-eabi/10.3.1/../../../../arm-none-eabi/lib/thumb/v7e-m+fp/hard\libc_nano.a(lib_a-memcpy-stub.o)
                              ./Middlewares/FreeRTOS/cmsis_os2.o (memcpy)
c:/st/stm32cubeide_1.10.1/stm32cubeide/plugins/com.st.stm32cube.ide.mcu.externaltools.gnu-tools-for-stm32.10.3-2021.10.win32_1.0.200.202301161003/tools/bin/../lib/gcc/arm-none-eabi/10.3.1/../../../../arm-none-eabi/lib/thumb/v7e-m+fp/hard\libc_nano.a(lib_a-memset.o)
                              c:/st/stm32cubeide_1.10.1/stm32cubeide/plugins/com.st.stm32cube.ide.mcu.externaltools.gnu-tools-for-stm32.10.3-2021.10.win32_1.0.200.202301161003/tools/bin/../lib/gcc/arm-none-eabi/10.3.1/../../../../arm-none-eabi/lib/thumb/v7e-m+fp/hard/crt0.o (memset)
c:/st/stm32cubeide_1.10.1/stm32cubeide/plugins/com.st.stm32cube.ide.mcu.externaltools.gnu-tools-for-stm32.10.3-2021.10.win32_1.0.200.202301161003/tools/bin/../lib/gcc/arm-none-eabi/10.3.1/../../../../arm-none-eabi/lib/thumb/v7e-m+fp/hard\libc_nano.a(lib_a-nano-freer.o)
[...]
Memory Configuration

Name             Origin             Length             Attributes
RAM              0x0000000020000000 0x0000000000020000 xrw
FLASH            0x0000000008000000 0x0000000000080000 xr
*default*        0x0000000000000000 0xffffffffffffffff

Linker script and memory map

LOAD c:/st/stm32cubeide_1.10.1/stm32cubeide/plugins/com.st.stm32cube.ide.mcu.externaltools.gnu-tools-for-stm32.10.3-2021.10.win32_1.0.200.202301161003/tools/bin/../lib/gcc/arm-none-eabi/10.3.1/thumb/v7e-m+fp/hard/crti.o
LOAD c:/st/stm32cubeide_1.10.1/stm32cubeide/plugins/com.st.stm32cube.ide.mcu.externaltools.gnu-tools-for-stm32.10.3-2021.10.win32_1.0.200.202301161003/tools/bin/../lib/gcc/arm-none-eabi/10.3.1/thumb/v7e-m+fp/hard/crtbegin.o
LOAD c:/st/stm32cubeide_1.10.1/stm32cubeide/plugins/com.st.stm32cube.ide.mcu.externaltools.gnu-tools-for-stm32.10.3-2021.10.win32_1.0.200.202301161003/tools/bin/../lib/gcc/arm-none-eabi/10.3.1/../../../../arm-none-eabi/lib/thumb/v7e-m+fp/hard/crt0.o
LOAD ./Appl_Main/Appl_Main.o
LOAD ./ApplicationLayer/Btc/BTC.o
LOAD ./ApplicationLayer/CenLoc/CenLoc.o
LOAD ./ApplicationLayer/ExtLights/ExtLights.o
LOAD ./ApplicationLayer/IntLights/IntLights.o
LOAD ./ApplicationLayer/SecAlm/SecAlm.o
LOAD ./CommunicationServices/Uart/UartH.o
LOAD ./Core/Src/adc.o
LOAD ./Core/Src/crc.o
LOAD ./Core/Src/dma.o
LOAD ./Core/Src/freertos.o
LOAD ./Core/Src/gpio.o
LOAD ./Core/Src/main.o
LOAD ./Core/Src/stm32f4xx_hal_msp.o
LOAD ./Core/Src/stm32f4xx_hal_timebase_tim.o
LOAD ./Core/Src/stm32f4xx_it.o
LOAD ./Core/Src/syscalls.o
LOAD ./Core/Src/sysmem.o
LOAD ./Core/Src/system_stm32f4xx.o
LOAD ./Core/Src/tim.o
LOAD ./Core/Src/usart.o
LOAD ./Core/Src/wwdg.o
LOAD ./Core/Startup/startup_stm32f411retx.o
LOAD ./Core/ThreadSafe/newlib_lock_glue.o
LOAD ./DiagnosticServices/Dem/Dem.o
LOAD ./Drivers/STM32F4xx_HAL_Driver/stm32f4xx_hal.o
LOAD ./Drivers/STM32F4xx_HAL_Driver/stm32f4xx_hal_adc.o
LOAD ./Drivers/STM32F4xx_HAL_Driver/stm32f4xx_hal_adc_ex.o
LOAD ./Drivers/STM32F4xx_HAL_Driver/stm32f4xx_hal_cortex.o
LOAD ./Drivers/STM32F4xx_HAL_Driver/stm32f4xx_hal_crc.o
LOAD ./Drivers/STM32F4xx_HAL_Driver/stm32f4xx_hal_dma.o
LOAD ./Drivers/STM32F4xx_HAL_Driver/stm32f4xx_hal_dma_ex.o
LOAD ./Drivers/STM32F4xx_HAL_Driver/stm32f4xx_hal_exti.o
LOAD ./Drivers/STM32F4xx_HAL_Driver/stm32f4xx_hal_flash.o
LOAD ./Drivers/STM32F4xx_HAL_Driver/stm32f4xx_hal_flash_ex.o
LOAD ./Drivers/STM32F4xx_HAL_Driver/stm32f4xx_hal_flash_ramfunc.o
LOAD ./Drivers/STM32F4xx_HAL_Driver/stm32f4xx_hal_gpio.o
LOAD ./Drivers/STM32F4xx_HAL_Driver/stm32f4xx_hal_pwr.o
LOAD ./Drivers/STM32F4xx_HAL_Driver/stm32f4xx_hal_pwr_ex.o
LOAD ./Drivers/STM32F4xx_HAL_Driver/stm32f4xx_hal_rcc.o
LOAD ./Drivers/STM32F4xx_HAL_Driver/stm32f4xx_hal_rcc_ex.o
LOAD ./Drivers/STM32F4xx_HAL_Driver/stm32f4xx_hal_tim.o
LOAD ./Drivers/STM32F4xx_HAL_Driver/stm32f4xx_hal_tim_ex.o
LOAD ./Drivers/STM32F4xx_HAL_Driver/stm32f4xx_hal_uart.o
LOAD ./Drivers/STM32F4xx_HAL_Driver/stm32f4xx_hal_wwdg.o
LOAD ./Drivers/STM32F4xx_HAL_Driver/stm32f4xx_ll_adc.o
LOAD ./IOServices/AdcH/AdcH.o
LOAD ./IOServices/PortH/PortH.o
LOAD ./IOServices/SpiH/SpiH.o
LOAD ./IOServices/TimH/TimH.o
LOAD ./Middlewares/FreeRTOS/cmsis_os2.o
LOAD ./Middlewares/FreeRTOS/croutine.o
LOAD ./Middlewares/FreeRTOS/event_groups.o
LOAD ./Middlewares/FreeRTOS/heap_1.o
LOAD ./Middlewares/FreeRTOS/list.o
LOAD ./Middlewares/FreeRTOS/port.o
LOAD ./Middlewares/FreeRTOS/queue.o
LOAD ./Middlewares/FreeRTOS/stream_buffer.o
LOAD ./Middlewares/FreeRTOS/tasks.o
LOAD ./Middlewares/FreeRTOS/timers.o
LOAD ./Rte/RTE.o
LOAD ./SystemServices/Crc/CrcH.o
LOAD ./SystemServices/EcuM/EcuM.o
LOAD ./SystemServices/SystemManager/SystemManager.o
LOAD ./SystemServices/WatchdogManager/WatchdogManager.o
START GROUP
LOAD c:/st/stm32cubeide_1.10.1/stm32cubeide/plugins/com.st.stm32cube.ide.mcu.externaltools.gnu-tools-for-stm32.10.3-2021.10.win32_1.0.200.202301161003/tools/bin/../lib/gcc/arm-none-eabi/10.3.1/../../../../arm-none-eabi/lib/thumb/v7e-m+fp/hard\libc_nano.a
LOAD c:/st/stm32cubeide_1.10.1/stm32cubeide/plugins/com.st.stm32cube.ide.mcu.externaltools.gnu-tools-for-stm32.10.3-2021.10.win32_1.0.200.202301161003/tools/bin/../lib/gcc/arm-none-eabi/10.3.1/../../../../arm-none-eabi/lib/thumb/v7e-m+fp/hard\libm.a
END GROUP
START GROUP
LOAD c:/st/stm32cubeide_1.10.1/stm32cubeide/plugins/com.st.stm32cube.ide.mcu.externaltools.gnu-tools-for-stm32.10.3-2021.10.win32_1.0.200.202301161003/tools/bin/../lib/gcc/arm-none-eabi/10.3.1/thumb/v7e-m+fp/hard\libgcc.a
LOAD c:/st/stm32cubeide_1.10.1/stm32cubeide/plugins/com.st.stm32cube.ide.mcu.externaltools.gnu-tools-for-stm32.10.3-2021.10.win32_1.0.200.202301161003/tools/bin/../lib/gcc/arm-none-eabi/10.3.1/../../../../arm-none-eabi/lib/thumb/v7e-m+fp/hard\libc_nano.a
END GROUP
START GROUP
LOAD c:/st/stm32cubeide_1.10.1/stm32cubeide/plugins/com.st.stm32cube.ide.mcu.externaltools.gnu-tools-for-stm32.10.3-2021.10.win32_1.0.200.202301161003/tools/bin/../lib/gcc/arm-none-eabi/10.3.1/thumb/v7e-m+fp/hard\libgcc.a
LOAD c:/st/stm32cubeide_1.10.1/stm32cubeide/plugins/com.st.stm32cube.ide.mcu.externaltools.gnu-tools-for-stm32.10.3-2021.10.win32_1.0.200.202301161003/tools/bin/../lib/gcc/arm-none-eabi/10.3.1/../../../../arm-none-eabi/lib/thumb/v7e-m+fp/hard\libc_nano.a
LOAD c:/st/stm32cubeide_1.10.1/stm32cubeide/plugins/com.st.stm32cube.ide.mcu.externaltools.gnu-tools-for-stm32.10.3-2021.10.win32_1.0.200.202301161003/tools/bin/../lib/gcc/arm-none-eabi/10.3.1/../../../../arm-none-eabi/lib/thumb/v7e-m+fp/hard\libnosys.a
END GROUP
START GROUP
LOAD c:/st/stm32cubeide_1.10.1/stm32cubeide/plugins/com.st.stm32cube.ide.mcu.externaltools.gnu-tools-for-stm32.10.3-2021.10.win32_1.0.200.202301161003/tools/bin/../lib/gcc/arm-none-eabi/10.3.1/thumb/v7e-m+fp/hard\libgcc.a
LOAD c:/st/stm32cubeide_1.10.1/stm32cubeide/plugins/com.st.stm32cube.ide.mcu.externaltools.gnu-tools-for-stm32.10.3-2021.10.win32_1.0.200.202301161003/tools/bin/../lib/gcc/arm-none-eabi/10.3.1/../../../../arm-none-eabi/lib/thumb/v7e-m+fp/hard\libc_nano.a
LOAD c:/st/stm32cubeide_1.10.1/stm32cubeide/plugins/com.st.stm32cube.ide.mcu.externaltools.gnu-tools-for-stm32.10.3-2021.10.win32_1.0.200.202301161003/tools/bin/../lib/gcc/arm-none-eabi/10.3.1/../../../../arm-none-eabi/lib/thumb/v7e-m+fp/hard\libnosys.a
END GROUP
LOAD c:/st/stm32cubeide_1.10.1/stm32cubeide/plugins/com.st.stm32cube.ide.mcu.externaltools.gnu-tools-for-stm32.10.3-2021.10.win32_1.0.200.202301161003/tools/bin/../lib/gcc/arm-none-eabi/10.3.1/thumb/v7e-m+fp/hard/crtend.o
LOAD c:/st/stm32cubeide_1.10.1/stm32cubeide/plugins/com.st.stm32cube.ide.mcu.externaltools.gnu-tools-for-stm32.10.3-2021.10.win32_1.0.200.202301161003/tools/bin/../lib/gcc/arm-none-eabi/10.3.1/thumb/v7e-m+fp/hard/crtn.o
                0x0000000020020000                _estack = (ORIGIN (RAM) + LENGTH (RAM))
                0x0000000000000200                _Min_Heap_Size = 0x200
                0x0000000000000400                _Min_Stack_Size = 0x400

.isr_vector     0x0000000008000000      0x198
                0x0000000008000000                . = ALIGN (0x4)
 *(.isr_vector)
 .isr_vector    0x0000000008000000      0x198 ./Core/Startup/startup_stm32f411retx.o
                0x0000000008000000                g_pfnVectors
                0x0000000008000198                . = ALIGN (0x4)

.text           0x00000000080001a0     0xb368
                0x00000000080001a0                . = ALIGN (0x4)
 *(.text)
 .text          0x00000000080001a0       0x40 c:/st/stm32cubeide_1.10.1/stm32cubeide/plugins/com.st.stm32cube.ide.mcu.externaltools.gnu-tools-for-stm32.10.3-2021.10.win32_1.0.200.202301161003/tools/bin/../lib/gcc/arm-none-eabi/10.3.1/thumb/v7e-m+fp/hard/crtbegin.o
 .text          0x00000000080001e0       0x30 c:/st/stm32cubeide_1.10.1/stm32cubeide/plugins/com.st.stm32cube.ide.mcu.externaltools.gnu-tools-for-stm32.10.3-2021.10.win32_1.0.200.202301161003/tools/bin/../lib/gcc/arm-none-eabi/10.3.1/thumb/v7e-m+fp/hard\libgcc.a(_aeabi_uldivmod.o)
                0x00000000080001e0                __aeabi_uldivmod
 .text          0x0000000008000210      0x2d0 c:/st/stm32cubeide_1.10.1/stm32cubeide/plugins/com.st.stm32cube.ide.mcu.externaltools.gnu-tools-for-stm32.10.3-2021.10.win32_1.0.200.202301161003/tools/bin/../lib/gcc/arm-none-eabi/10.3.1/thumb/v7e-m+fp/hard\libgcc.a(_udivmoddi4.o)
                0x0000000008000210                __udivmoddi4
 .text          0x00000000080004e0        0x4 c:/st/stm32cubeide_1.10.1/stm32cubeide/plugins/com.st.stm32cube.ide.mcu.externaltools.gnu-tools-for-stm32.10.3-2021.10.win32_1.0.200.202301161003/tools/bin/../lib/gcc/arm-none-eabi/10.3.1/thumb/v7e-m+fp/hard\libgcc.a(_dvmd_tls.o)
                0x00000000080004e0                __aeabi_idiv0
                0x00000000080004e0                __aeabi_ldiv0
 *(.text*)
 .text.main     0x00000000080004e4       0x1a ./Appl_Main/Appl_Main.o
                0x00000000080004e4                main
 *fill*         0x00000000080004fe        0x2 
 .text.Btc_EnableUart
                0x0000000008000500       0x1c ./ApplicationLayer/Btc/BTC.o
                0x0000000008000500                Btc_EnableUart
 .text.Btc_IgnitionState
                0x000000000800051c       0xc8 ./ApplicationLayer/Btc/BTC.o
                0x000000000800051c                Btc_IgnitionState
 .text.Btc_RxVal
                0x00000000080005e4      0x2a0 ./ApplicationLayer/Btc/BTC.o
                0x00000000080005e4                Btc_RxVal
 .text.Btc_MainFunction
                0x0000000008000884       0x14 ./ApplicationLayer/Btc/BTC.o
                0x0000000008000884                Btc_MainFunction
 .text.CenLoc_State
                0x0000000008000898       0x88 ./ApplicationLayer/CenLoc/CenLoc.o
                0x0000000008000898                CenLoc_State
 .text.CenLoc_SecAlmStateToOff
                0x0000000008000920       0x18 ./ApplicationLayer/CenLoc/CenLoc.o
                0x0000000008000920                CenLoc_SecAlmStateToOff
 .text.CenLoc_ToggleDoorLED
                0x0000000008000938       0x24 ./ApplicationLayer/CenLoc/CenLoc.o
                0x0000000008000938                CenLoc_ToggleDoorLED
 .text.CenLoc_FollowMeHome
                0x000000000800095c       0x48 ./ApplicationLayer/CenLoc/CenLoc.o
                0x000000000800095c                CenLoc_FollowMeHome
 .text.CenLoc_UnlockSequence
                0x00000000080009a4      0x100 ./ApplicationLayer/CenLoc/CenLoc.o
                0x00000000080009a4                CenLoc_UnlockSequence
 .text.CenLoc_LockSequence
                0x0000000008000aa4       0xd8 ./ApplicationLayer/CenLoc/CenLoc.o
                0x0000000008000aa4                CenLoc_LockSequence
 .text.CenLoc_ControlAlarmLed
                0x0000000008000b7c       0xdc ./ApplicationLayer/CenLoc/CenLoc.o
                0x0000000008000b7c                CenLoc_ControlAlarmLed
 .text.CenLoc_LockUnlockStates
                0x0000000008000c58       0x44 ./ApplicationLayer/CenLoc/CenLoc.o
                0x0000000008000c58                CenLoc_LockUnlockStates
 .text.CenLoc_ToggleBuzzer
                0x0000000008000c9c       0x24 ./ApplicationLayer/CenLoc/CenLoc.o
                0x0000000008000c9c                CenLoc_ToggleBuzzer
 .text.CenLoc_MainFunction
                0x0000000008000cc0       0x10 ./ApplicationLayer/CenLoc/CenLoc.o
                0x0000000008000cc0                CenLoc_MainFunction
 .text.ExtLights_TurnSignalHazardLight
                0x0000000008000cd0      0x140 ./ApplicationLayer/ExtLights/ExtLights.o
                0x0000000008000cd0                ExtLights_TurnSignalHazardLight
 .text.ExtLights_PrevStateTSHL
                0x0000000008000e10       0x8c ./ApplicationLayer/ExtLights/ExtLights.o
                0x0000000008000e10                ExtLights_PrevStateTSHL
 .text.ExtLights_LightState
                0x0000000008000e9c      0x1a8 ./ApplicationLayer/ExtLights/ExtLights.o
                0x0000000008000e9c                ExtLights_LightState
 .text.ExtLights_MainFunction
                0x0000000008001044       0x10 ./ApplicationLayer/ExtLights/ExtLights.o
                0x0000000008001044                ExtLights_MainFunction
 .text.ExtLights_LightSwitchMode
                0x0000000008001054       0xd4 ./ApplicationLayer/ExtLights/ExtLights.o
                0x0000000008001054                ExtLights_LightSwitchMode
 .text.ExtLights_LightReadSensorValue
                0x0000000008001128       0x50 ./ApplicationLayer/ExtLights/ExtLights.o
                0x0000000008001128                ExtLights_LightReadSensorValue
 .text.ExtLights_LowBeam
                0x0000000008001178       0x24 ./ApplicationLayer/ExtLights/ExtLights.o
                0x0000000008001178                ExtLights_LowBeam
 .text.ExtLights_HighBeam
                0x000000000800119c       0x24 ./ApplicationLayer/ExtLights/ExtLights.o
                0x000000000800119c                ExtLights_HighBeam
 .text.ExtLights_DayTimeRunningLight
                0x00000000080011c0       0x16 ./ApplicationLayer/ExtLights/ExtLights.o
                0x00000000080011c0                ExtLights_DayTimeRunningLight
 *fill*         0x00000000080011d6        0x2 
 .text.ExtLights_FrontFogLight
                0x00000000080011d8       0x24 ./ApplicationLayer/ExtLights/ExtLights.o
                0x00000000080011d8                ExtLights_FrontFogLight
 .text.ExtLights_TurnSignalLeft
                0x00000000080011fc       0x24 ./ApplicationLayer/ExtLights/ExtLights.o
                0x00000000080011fc                ExtLights_TurnSignalLeft
 .text.ExtLights_TurnSignalRight
                0x0000000008001220       0x24 ./ApplicationLayer/ExtLights/ExtLights.o
                0x0000000008001220                ExtLights_TurnSignalRight
 .text.ExtLights_RearPositionLight
                0x0000000008001244       0x24 ./ApplicationLayer/ExtLights/ExtLights.o
                0x0000000008001244                ExtLights_RearPositionLight
 .text.ExtLights_RearFogLight
                0x0000000008001268       0x24 ./ApplicationLayer/ExtLights/ExtLights.o
                0x0000000008001268                ExtLights_RearFogLight
 .text.ExtLights_BrakeLight
                0x000000000800128c       0x24 ./ApplicationLayer/ExtLights/ExtLights.o
                0x000000000800128c                ExtLights_BrakeLight
 .text.ExtLights_ReverseLight
                0x00000000080012b0       0x24 ./ApplicationLayer/ExtLights/ExtLights.o
                0x00000000080012b0                ExtLights_ReverseLight
 .text.ExtLights_LicensePlateLight
                0x00000000080012d4       0x16 ./ApplicationLayer/ExtLights/ExtLights.o
                0x00000000080012d4                ExtLights_LicensePlateLight
 *fill*         0x00000000080012ea        0x2 
 .text.IntLights_RxBtcState
                0x00000000080012ec       0x98 ./ApplicationLayer/IntLights/IntLights.o
                0x00000000080012ec                IntLights_RxBtcState
 .text.IntLights_MainFunction
                0x0000000008001384       0x1c ./ApplicationLayer/IntLights/IntLights.o
                0x0000000008001384                IntLights_MainFunction
 .text.IntLights_ToggleIntLights
                0x00000000080013a0       0x24 ./ApplicationLayer/IntLights/IntLights.o
                0x00000000080013a0                IntLights_ToggleIntLights
 .text.SecAlm_LightsBuzzerControl
                0x00000000080013c4      0x124 ./ApplicationLayer/SecAlm/SecAlm.o
                0x00000000080013c4                SecAlm_LightsBuzzerControl
 .text.SecAlm_VibSenReadSensorValue
                0x00000000080014e8       0x30 ./ApplicationLayer/SecAlm/SecAlm.o
                0x00000000080014e8                SecAlm_VibSenReadSensorValue
 .text.SecAlm_VibSenStatus
                0x0000000008001518       0x6c ./ApplicationLayer/SecAlm/SecAlm.o
                0x0000000008001518                SecAlm_VibSenStatus
 .text.SecAlm_TurnOnExtLights
                0x0000000008001584       0x54 ./ApplicationLayer/SecAlm/SecAlm.o
                0x0000000008001584                SecAlm_TurnOnExtLights
 .text.SecAlm_MainFunction
                0x00000000080015d8        0xc ./ApplicationLayer/SecAlm/SecAlm.o
                0x00000000080015d8                SecAlm_MainFunction
 .text.SecAlm_Init
                0x00000000080015e4       0x44 ./ApplicationLayer/SecAlm/SecAlm.o
                0x00000000080015e4                SecAlm_Init
 .text.SecAlm_ToggleAlarmBuzzer
                0x0000000008001628       0x24 ./ApplicationLayer/SecAlm/SecAlm.o
                0x0000000008001628                SecAlm_ToggleAlarmBuzzer
 .text.SecAlm_ToggleAlarmLed
                0x000000000800164c       0x24 ./ApplicationLayer/SecAlm/SecAlm.o
                0x000000000800164c                SecAlm_ToggleAlarmLed
 .text.Uart_Init
                0x0000000008001670       0x58 ./CommunicationServices/Uart/UartH.o
                0x0000000008001670                Uart_Init
 .text.Uart_DeInit
                0x00000000080016c8       0x14 ./CommunicationServices/Uart/UartH.o
                0x00000000080016c8                Uart_DeInit
 .text.Uart_MainFunction
                0x00000000080016dc       0x28 ./CommunicationServices/Uart/UartH.o
                0x00000000080016dc                Uart_MainFunction
 .text.HAL_UART_ErrorCallback
                0x0000000008001704       0xa0 ./CommunicationServices/Uart/UartH.o
                0x0000000008001704                HAL_UART_ErrorCallback
 .text.HAL_UART_RxCpltCallback
                0x00000000080017a4       0xa8 ./CommunicationServices/Uart/UartH.o
                0x00000000080017a4                HAL_UART_RxCpltCallback
 .text.HAL_ADC_MspInit
                0x000000000800184c       0xec ./Core/Src/adc.o
                0x000000000800184c                HAL_ADC_MspInit
 .text.HAL_ADC_MspDeInit
                0x0000000008001938       0x4c ./Core/Src/adc.o
                0x0000000008001938                HAL_ADC_MspDeInit
 .text.HAL_CRC_MspInit
                0x0000000008001984       0x44 ./Core/Src/crc.o
                0x0000000008001984                HAL_CRC_MspInit
 .text.HAL_CRC_MspDeInit
                0x00000000080019c8       0x34 ./Core/Src/crc.o
                0x00000000080019c8                HAL_CRC_MspDeInit
 .text.MX_DMA_Init
                0x00000000080019fc       0x34 ./Core/Src/dma.o
                0x00000000080019fc                MX_DMA_Init
 .text.vApplicationIdleHook
                0x0000000008001a30        0xe ./Core/Src/freertos.o
                0x0000000008001a30                vApplicationIdleHook
 *fill*         0x0000000008001a3e        0x2 
 .text.vApplicationTickHook
                0x0000000008001a40       0x1c ./Core/Src/freertos.o
                0x0000000008001a40                vApplicationTickHook
 .text.vApplicationStackOverflowHook
                0x0000000008001a5c       0x1c ./Core/Src/freertos.o
                0x0000000008001a5c                vApplicationStackOverflowHook
 .text.vApplicationMallocFailedHook
                0x0000000008001a78        0xe ./Core/Src/freertos.o
                0x0000000008001a78                vApplicationMallocFailedHook
 .text.PreSleepProcessing
                0x0000000008001a86       0x14 ./Core/Src/freertos.o
                0x0000000008001a86                PreSleepProcessing
 .text.PostSleepProcessing
                0x0000000008001a9a       0x14 ./Core/Src/freertos.o
                0x0000000008001a9a                PostSleepProcessing
 *fill*         0x0000000008001aae        0x2 
 .text.MX_FREERTOS_Init
                0x0000000008001ab0      0x14c ./Core/Src/freertos.o
                0x0000000008001ab0                MX_FREERTOS_Init
 .text.OS_TASK_OS_INIT
                0x0000000008001bfc       0x1a ./Core/Src/freertos.o
                0x0000000008001bfc                OS_TASK_OS_INIT
 .text.OS_TASK_OS_RUN
                0x0000000008001c16       0x14 ./Core/Src/freertos.o
                0x0000000008001c16                OS_TASK_OS_RUN
 *fill*         0x0000000008001c2a        0x2 
 .text.OS_TASK_ASIL_APPL_Task
                0x0000000008001c2c       0x8c ./Core/Src/freertos.o
                0x0000000008001c2c                OS_TASK_ASIL_APPL_Task
 .text.OS_TASK_QM_APPL_Task
                0x0000000008001cb8       0x74 ./Core/Src/freertos.o
                0x0000000008001cb8                OS_TASK_QM_APPL_Task
 .text.Os_SecAlm_AlarmReset_Callback
                0x0000000008001d2c       0x16 ./Core/Src/freertos.o
                0x0000000008001d2c                Os_SecAlm_AlarmReset_Callback
 *fill*         0x0000000008001d42        0x2 
 .text.Os_CenLoc_LockUnlockSequence_Timer_Callback
                0x0000000008001d44       0x68 ./Core/Src/freertos.o
                0x0000000008001d44                Os_CenLoc_LockUnlockSequence_Timer_Callback
 .text.Os_SecAlmLed_TurnOnCyclic_Timer_Callback
                0x0000000008001dac       0x28 ./Core/Src/freertos.o
                0x0000000008001dac                Os_SecAlmLed_TurnOnCyclic_Timer_Callback
 .text.Os_SecAlmLedTurnOn_Timer_Callback
                0x0000000008001dd4       0x28 ./Core/Src/freertos.o
                0x0000000008001dd4                Os_SecAlmLedTurnOn_Timer_Callback
 .text.Os_FollowMeHome_Timer_Callback
                0x0000000008001dfc       0x28 ./Core/Src/freertos.o
                0x0000000008001dfc                Os_FollowMeHome_Timer_Callback
 .text.Os_TurnSignals_Timer_Callback
                0x0000000008001e24       0x70 ./Core/Src/freertos.o
                0x0000000008001e24                Os_TurnSignals_Timer_Callback
 .text.Os_SecAlmAlarm_Timer_Callback
                0x0000000008001e94       0x14 ./Core/Src/freertos.o
                0x0000000008001e94                Os_SecAlmAlarm_Timer_Callback
 .text.MX_GPIO_Init
                0x0000000008001ea8      0x19c ./Core/Src/gpio.o
                0x0000000008001ea8                MX_GPIO_Init
 .text.HAL_MspInit
                0x0000000008002044       0x68 ./Core/Src/stm32f4xx_hal_msp.o
                0x0000000008002044                HAL_MspInit
 .text.HAL_InitTick
                0x00000000080020ac       0xe4 ./Core/Src/stm32f4xx_hal_timebase_tim.o
                0x00000000080020ac                HAL_InitTick
 .text.NMI_Handler
                0x0000000008002190       0x10 ./Core/Src/stm32f4xx_it.o
                0x0000000008002190                NMI_Handler
 .text.HardFault_Handler
                0x00000000080021a0       0x10 ./Core/Src/stm32f4xx_it.o
                0x00000000080021a0                HardFault_Handler
 .text.MemManage_Handler
                0x00000000080021b0       0x10 ./Core/Src/stm32f4xx_it.o
                0x00000000080021b0                MemManage_Handler
 .text.BusFault_Handler
                0x00000000080021c0       0x10 ./Core/Src/stm32f4xx_it.o
                0x00000000080021c0                BusFault_Handler
 .text.UsageFault_Handler
                0x00000000080021d0       0x10 ./Core/Src/stm32f4xx_it.o
                0x00000000080021d0                UsageFault_Handler
 .text.DebugMon_Handler
                0x00000000080021e0        0xe ./Core/Src/stm32f4xx_it.o
                0x00000000080021e0                DebugMon_Handler
 *fill*         0x00000000080021ee        0x2 
 .text.WWDG_IRQHandler
                0x00000000080021f0       0x18 ./Core/Src/stm32f4xx_it.o
                0x00000000080021f0                WWDG_IRQHandler
 .text.PVD_IRQHandler
                0x0000000008002208       0x10 ./Core/Src/stm32f4xx_it.o
                0x0000000008002208                PVD_IRQHandler
 .text.FLASH_IRQHandler
                0x0000000008002218       0x16 ./Core/Src/stm32f4xx_it.o
                0x0000000008002218                FLASH_IRQHandler
 .text.RCC_IRQHandler
                0x000000000800222e        0xe ./Core/Src/stm32f4xx_it.o
                0x000000000800222e                RCC_IRQHandler
 .text.ADC_IRQHandler
                0x000000000800223c       0x14 ./Core/Src/stm32f4xx_it.o
                0x000000000800223c                ADC_IRQHandler
 .text.TIM1_BRK_TIM9_IRQHandler
                0x0000000008002250       0x14 ./Core/Src/stm32f4xx_it.o
                0x0000000008002250                TIM1_BRK_TIM9_IRQHandler
 .text.TIM1_UP_TIM10_IRQHandler
                0x0000000008002264       0x14 ./Core/Src/stm32f4xx_it.o
                0x0000000008002264                TIM1_UP_TIM10_IRQHandler
 .text.TIM1_TRG_COM_TIM11_IRQHandler
                0x0000000008002278       0x14 ./Core/Src/stm32f4xx_it.o
                0x0000000008002278                TIM1_TRG_COM_TIM11_IRQHandler
 .text.TIM2_IRQHandler
                0x000000000800228c       0x14 ./Core/Src/stm32f4xx_it.o
                0x000000000800228c                TIM2_IRQHandler
 .text.TIM3_IRQHandler
                0x00000000080022a0       0x14 ./Core/Src/stm32f4xx_it.o
                0x00000000080022a0                TIM3_IRQHandler
 .text.TIM4_IRQHandler
                0x00000000080022b4       0x14 ./Core/Src/stm32f4xx_it.o
                0x00000000080022b4                TIM4_IRQHandler
 .text.TIM5_IRQHandler
                0x00000000080022c8       0x14 ./Core/Src/stm32f4xx_it.o
                0x00000000080022c8                TIM5_IRQHandler
 .text.DMA2_Stream0_IRQHandler
                0x00000000080022dc       0x14 ./Core/Src/stm32f4xx_it.o
                0x00000000080022dc                DMA2_Stream0_IRQHandler
 .text.FPU_IRQHandler
                0x00000000080022f0        0xe ./Core/Src/stm32f4xx_it.o
                0x00000000080022f0                FPU_IRQHandler
 *fill*         0x00000000080022fe        0x2 
 .text.SystemInit
                0x0000000008002300       0x24 ./Core/Src/system_stm32f4xx.o
                0x0000000008002300                SystemInit
 .text.HAL_TIM_Base_MspInit
                0x0000000008002324      0x178 ./Core/Src/tim.o
                0x0000000008002324                HAL_TIM_Base_MspInit
 .text.HAL_UART_MspInit
                0x000000000800249c       0x90 ./Core/Src/usart.o
                0x000000000800249c                HAL_UART_MspInit
 .text.HAL_UART_MspDeInit
                0x000000000800252c       0x3c ./Core/Src/usart.o
                0x000000000800252c                HAL_UART_MspDeInit
 .text.MX_WWDG_Init
                0x0000000008002568       0x44 ./Core/Src/wwdg.o
                0x0000000008002568                MX_WWDG_Init
 .text.HAL_WWDG_MspInit
                0x00000000080025ac       0x44 ./Core/Src/wwdg.o
                0x00000000080025ac                HAL_WWDG_MspInit
 .text.Reset_Handler
                0x00000000080025f0       0x50 ./Core/Startup/startup_stm32f411retx.o
                0x00000000080025f0                Reset_Handler
 .text.Default_Handler
                0x0000000008002640        0x2 ./Core/Startup/startup_stm32f411retx.o
                0x0000000008002640                RTC_Alarm_IRQHandler
                0x0000000008002640                EXTI2_IRQHandler
                0x0000000008002640                SPI4_IRQHandler
                0x0000000008002640                TIM1_CC_IRQHandler
                0x0000000008002640                DMA2_Stream5_IRQHandler
                0x0000000008002640                DMA1_Stream5_IRQHandler
                0x0000000008002640                SDIO_IRQHandler
                0x0000000008002640                TAMP_STAMP_IRQHandler
                0x0000000008002640                EXTI3_IRQHandler
                0x0000000008002640                I2C3_ER_IRQHandler
                0x0000000008002640                EXTI0_IRQHandler
                0x0000000008002640                I2C2_EV_IRQHandler
                0x0000000008002640                DMA1_Stream2_IRQHandler
                0x0000000008002640                DMA2_Stream2_IRQHandler
                0x0000000008002640                SPI1_IRQHandler
                0x0000000008002640                DMA2_Stream3_IRQHandler
                0x0000000008002640                USART6_IRQHandler
                0x0000000008002640                I2C1_EV_IRQHandler
                0x0000000008002640                DMA1_Stream6_IRQHandler
                0x0000000008002640                DMA1_Stream1_IRQHandler
                0x0000000008002640                Default_Handler
                0x0000000008002640                EXTI15_10_IRQHandler
                0x0000000008002640                DMA1_Stream7_IRQHandler
                0x0000000008002640                SPI5_IRQHandler
                0x0000000008002640                DMA2_Stream7_IRQHandler
                0x0000000008002640                I2C3_EV_IRQHandler
                0x0000000008002640                EXTI9_5_IRQHandler
                0x0000000008002640                RTC_WKUP_IRQHandler
                0x0000000008002640                SPI2_IRQHandler
                0x0000000008002640                DMA1_Stream0_IRQHandler
                0x0000000008002640                EXTI4_IRQHandler
                0x0000000008002640                OTG_FS_WKUP_IRQHandler
                0x0000000008002640                EXTI1_IRQHandler
                0x0000000008002640                USART2_IRQHandler
                0x0000000008002640                I2C2_ER_IRQHandler
                0x0000000008002640                DMA2_Stream1_IRQHandler
                0x0000000008002640                DMA2_Stream4_IRQHandler
                0x0000000008002640                USART1_IRQHandler
                0x0000000008002640                OTG_FS_IRQHandler
                0x0000000008002640                SPI3_IRQHandler
                0x0000000008002640                DMA1_Stream4_IRQHandler
                0x0000000008002640                I2C1_ER_IRQHandler
                0x0000000008002640                DMA2_Stream6_IRQHandler
                0x0000000008002640                DMA1_Stream3_IRQHandler
 .text.stm32_lock_acquire
                0x0000000008002642       0x60 ./Core/ThreadSafe/newlib_lock_glue.o
 .text.stm32_lock_release
                0x00000000080026a2       0x54 ./Core/ThreadSafe/newlib_lock_glue.o
 .text.__retarget_lock_acquire_recursive
                0x00000000080026f6       0x28 ./Core/ThreadSafe/newlib_lock_glue.o
                0x00000000080026f6                __retarget_lock_acquire_recursive
 .text.__retarget_lock_release_recursive
                0x000000000800271e       0x28 ./Core/ThreadSafe/newlib_lock_glue.o
                0x000000000800271e                __retarget_lock_release_recursive
 *fill*         0x0000000008002746        0x2 
 .text.HAL_Init
                0x0000000008002748       0x44 ./Drivers/STM32F4xx_HAL_Driver/stm32f4xx_hal.o
                0x0000000008002748                HAL_Init
 .text.HAL_IncTick
                0x000000000800278c       0x28 ./Drivers/STM32F4xx_HAL_Driver/stm32f4xx_hal.o
                0x000000000800278c                HAL_IncTick
 .text.HAL_GetTick
                0x00000000080027b4       0x18 ./Drivers/STM32F4xx_HAL_Driver/stm32f4xx_hal.o
                0x00000000080027b4                HAL_GetTick
 .text.HAL_ADC_Init
                0x00000000080027cc       0xcc ./Drivers/STM32F4xx_HAL_Driver/stm32f4xx_hal_adc.o
                0x00000000080027cc                HAL_ADC_Init
 .text.HAL_ADC_DeInit
                0x0000000008002898       0x78 ./Drivers/STM32F4xx_HAL_Driver/stm32f4xx_hal_adc.o
                0x0000000008002898                HAL_ADC_DeInit
 .text.HAL_ADC_IRQHandler
                0x0000000008002910      0x228 ./Drivers/STM32F4xx_HAL_Driver/stm32f4xx_hal_adc.o
                0x0000000008002910                HAL_ADC_IRQHandler
 .text.HAL_ADC_Start_DMA
                0x0000000008002b38      0x1e0 ./Drivers/STM32F4xx_HAL_Driver/stm32f4xx_hal_adc.o
                0x0000000008002b38                HAL_ADC_Start_DMA
 .text.HAL_ADC_ConvCpltCallback
                0x0000000008002d18       0x14 ./Drivers/STM32F4xx_HAL_Driver/stm32f4xx_hal_adc.o
                0x0000000008002d18                HAL_ADC_ConvCpltCallback
 .text.HAL_ADC_ConvHalfCpltCallback
                0x0000000008002d2c       0x14 ./Drivers/STM32F4xx_HAL_Driver/stm32f4xx_hal_adc.o
                0x0000000008002d2c                HAL_ADC_ConvHalfCpltCallback
 .text.HAL_ADC_LevelOutOfWindowCallback
                0x0000000008002d40       0x14 ./Drivers/STM32F4xx_HAL_Driver/stm32f4xx_hal_adc.o
                0x0000000008002d40                HAL_ADC_LevelOutOfWindowCallback
 .text.HAL_ADC_ConfigChannel
                0x0000000008002d54      0x264 ./Drivers/STM32F4xx_HAL_Driver/stm32f4xx_hal_adc.o
                0x0000000008002d54                HAL_ADC_ConfigChannel
 .text.HAL_ADC_GetState
                0x0000000008002fb8       0x18 ./Drivers/STM32F4xx_HAL_Driver/stm32f4xx_hal_adc.o
                0x0000000008002fb8                HAL_ADC_GetState
 .text.HAL_ADC_GetError
                0x0000000008002fd0       0x18 ./Drivers/STM32F4xx_HAL_Driver/stm32f4xx_hal_adc.o
                0x0000000008002fd0                HAL_ADC_GetError
 .text.ADC_Init
                0x0000000008002fe8      0x1f8 ./Drivers/STM32F4xx_HAL_Driver/stm32f4xx_hal_adc.o
 .text.ADC_DMAConvCplt
                0x00000000080031e0       0xbe ./Drivers/STM32F4xx_HAL_Driver/stm32f4xx_hal_adc.o
 .text.ADC_DMAHalfConvCplt
                0x000000000800329e       0x1e ./Drivers/STM32F4xx_HAL_Driver/stm32f4xx_hal_adc.o
 .text.ADC_DMAError
                0x00000000080032bc       0x30 ./Drivers/STM32F4xx_HAL_Driver/stm32f4xx_hal_adc.o
 .text.HAL_ADCEx_InjectedConvCpltCallback
                0x00000000080032ec       0x14 ./Drivers/STM32F4xx_HAL_Driver/stm32f4xx_hal_adc_ex.o
                0x00000000080032ec                HAL_ADCEx_InjectedConvCpltCallback
 .text.__NVIC_SetPriorityGrouping
                0x0000000008003300       0x48 ./Drivers/STM32F4xx_HAL_Driver/stm32f4xx_hal_cortex.o
 .text.__NVIC_GetPriorityGrouping
                0x0000000008003348       0x1c ./Drivers/STM32F4xx_HAL_Driver/stm32f4xx_hal_cortex.o
 .text.__NVIC_EnableIRQ
                0x0000000008003364       0x3c ./Drivers/STM32F4xx_HAL_Driver/stm32f4xx_hal_cortex.o
 .text.__NVIC_DisableIRQ
                0x00000000080033a0       0x48 ./Drivers/STM32F4xx_HAL_Driver/stm32f4xx_hal_cortex.o
 .text.__NVIC_SetPriority
                0x00000000080033e8       0x54 ./Drivers/STM32F4xx_HAL_Driver/stm32f4xx_hal_cortex.o
 .text.NVIC_EncodePriority
                0x000000000800343c       0x66 ./Drivers/STM32F4xx_HAL_Driver/stm32f4xx_hal_cortex.o
 *fill*         0x00000000080034a2        0x2 
 .text.__NVIC_SystemReset
                0x00000000080034a4       0x2c ./Drivers/STM32F4xx_HAL_Driver/stm32f4xx_hal_cortex.o
 .text.HAL_NVIC_SetPriorityGrouping
                0x00000000080034d0       0x16 ./Drivers/STM32F4xx_HAL_Driver/stm32f4xx_hal_cortex.o
                0x00000000080034d0                HAL_NVIC_SetPriorityGrouping
 .text.HAL_NVIC_SetPriority
                0x00000000080034e6       0x38 ./Drivers/STM32F4xx_HAL_Driver/stm32f4xx_hal_cortex.o
                0x00000000080034e6                HAL_NVIC_SetPriority
 .text.HAL_NVIC_EnableIRQ
                0x000000000800351e       0x1c ./Drivers/STM32F4xx_HAL_Driver/stm32f4xx_hal_cortex.o
                0x000000000800351e                HAL_NVIC_EnableIRQ
 .text.HAL_NVIC_DisableIRQ
                0x000000000800353a       0x1c ./Drivers/STM32F4xx_HAL_Driver/stm32f4xx_hal_cortex.o
                0x000000000800353a                HAL_NVIC_DisableIRQ
 .text.HAL_NVIC_SystemReset
                0x0000000008003556        0x8 ./Drivers/STM32F4xx_HAL_Driver/stm32f4xx_hal_cortex.o
                0x0000000008003556                HAL_NVIC_SystemReset
 .text.HAL_CRC_Init
                0x000000000800355e       0x38 ./Drivers/STM32F4xx_HAL_Driver/stm32f4xx_hal_crc.o
                0x000000000800355e                HAL_CRC_Init
 .text.HAL_CRC_DeInit
                0x0000000008003596       0x60 ./Drivers/STM32F4xx_HAL_Driver/stm32f4xx_hal_crc.o
                0x0000000008003596                HAL_CRC_DeInit
 .text.HAL_CRC_Calculate
                0x00000000080035f6       0x66 ./Drivers/STM32F4xx_HAL_Driver/stm32f4xx_hal_crc.o
                0x00000000080035f6                HAL_CRC_Calculate
 .text.HAL_CRC_GetState
                0x000000000800365c       0x1a ./Drivers/STM32F4xx_HAL_Driver/stm32f4xx_hal_crc.o
                0x000000000800365c                HAL_CRC_GetState
 *fill*         0x0000000008003676        0x2 
 .text.HAL_DMA_Init
                0x0000000008003678      0x15c ./Drivers/STM32F4xx_HAL_Driver/stm32f4xx_hal_dma.o
                0x0000000008003678                HAL_DMA_Init
 .text.HAL_DMA_DeInit
                0x00000000080037d4       0xbc ./Drivers/STM32F4xx_HAL_Driver/stm32f4xx_hal_dma.o
                0x00000000080037d4                HAL_DMA_DeInit
 .text.HAL_DMA_Start_IT
                0x0000000008003890       0xb0 ./Drivers/STM32F4xx_HAL_Driver/stm32f4xx_hal_dma.o
                0x0000000008003890                HAL_DMA_Start_IT
 .text.HAL_DMA_IRQHandler
                0x0000000008003940      0x314 ./Drivers/STM32F4xx_HAL_Driver/stm32f4xx_hal_dma.o
                0x0000000008003940                HAL_DMA_IRQHandler
 .text.DMA_SetConfig
                0x0000000008003c54       0x5c ./Drivers/STM32F4xx_HAL_Driver/stm32f4xx_hal_dma.o
 .text.DMA_CalcBaseAndBitshift
                0x0000000008003cb0       0x6c ./Drivers/STM32F4xx_HAL_Driver/stm32f4xx_hal_dma.o
 .text.DMA_CheckFifoParam
                0x0000000008003d1c       0xf8 ./Drivers/STM32F4xx_HAL_Driver/stm32f4xx_hal_dma.o
 .text.HAL_FLASH_IRQHandler
                0x0000000008003e14      0x140 ./Drivers/STM32F4xx_HAL_Driver/stm32f4xx_hal_flash.o
                0x0000000008003e14                HAL_FLASH_IRQHandler
 .text.HAL_FLASH_EndOfOperationCallback
                0x0000000008003f54       0x14 ./Drivers/STM32F4xx_HAL_Driver/stm32f4xx_hal_flash.o
                0x0000000008003f54                HAL_FLASH_EndOfOperationCallback
 .text.HAL_FLASH_OperationErrorCallback
                0x0000000008003f68       0x14 ./Drivers/STM32F4xx_HAL_Driver/stm32f4xx_hal_flash.o
                0x0000000008003f68                HAL_FLASH_OperationErrorCallback
 .text.FLASH_SetErrorCode
                0x0000000008003f7c       0xcc ./Drivers/STM32F4xx_HAL_Driver/stm32f4xx_hal_flash.o
 .text.FLASH_Erase_Sector
                0x0000000008004048       0x90 ./Drivers/STM32F4xx_HAL_Driver/stm32f4xx_hal_flash_ex.o
                0x0000000008004048                FLASH_Erase_Sector
 .text.FLASH_FlushCaches
                0x00000000080040d8       0x8c ./Drivers/STM32F4xx_HAL_Driver/stm32f4xx_hal_flash_ex.o
                0x00000000080040d8                FLASH_FlushCaches
 .text.HAL_GPIO_Init
                0x0000000008004164      0x308 ./Drivers/STM32F4xx_HAL_Driver/stm32f4xx_hal_gpio.o
                0x0000000008004164                HAL_GPIO_Init
 .text.HAL_GPIO_DeInit
                0x000000000800446c      0x1c8 ./Drivers/STM32F4xx_HAL_Driver/stm32f4xx_hal_gpio.o
                0x000000000800446c                HAL_GPIO_DeInit
 .text.HAL_GPIO_WritePin
                0x0000000008004634       0x32 ./Drivers/STM32F4xx_HAL_Driver/stm32f4xx_hal_gpio.o
                0x0000000008004634                HAL_GPIO_WritePin
 *fill*         0x0000000008004666        0x2 
 .text.HAL_PWR_PVD_IRQHandler
                0x0000000008004668       0x24 ./Drivers/STM32F4xx_HAL_Driver/stm32f4xx_hal_pwr.o
                0x0000000008004668                HAL_PWR_PVD_IRQHandler
 .text.HAL_PWR_PVDCallback
                0x000000000800468c        0xe ./Drivers/STM32F4xx_HAL_Driver/stm32f4xx_hal_pwr.o
                0x000000000800468c                HAL_PWR_PVDCallback
 *fill*         0x000000000800469a        0x2 
 .text.HAL_RCC_OscConfig
                0x000000000800469c      0x4f0 ./Drivers/STM32F4xx_HAL_Driver/stm32f4xx_hal_rcc.o
                0x000000000800469c                HAL_RCC_OscConfig
 .text.HAL_RCC_ClockConfig
                0x0000000008004b8c      0x1cc ./Drivers/STM32F4xx_HAL_Driver/stm32f4xx_hal_rcc.o
                0x0000000008004b8c                HAL_RCC_ClockConfig
 .text.HAL_RCC_GetSysClockFreq
                0x0000000008004d58      0x20c ./Drivers/STM32F4xx_HAL_Driver/stm32f4xx_hal_rcc.o
                0x0000000008004d58                HAL_RCC_GetSysClockFreq
 .text.HAL_RCC_GetHCLKFreq
                0x0000000008004f64       0x18 ./Drivers/STM32F4xx_HAL_Driver/stm32f4xx_hal_rcc.o
                0x0000000008004f64                HAL_RCC_GetHCLKFreq
 .text.HAL_RCC_GetPCLK1Freq
                0x0000000008004f7c       0x28 ./Drivers/STM32F4xx_HAL_Driver/stm32f4xx_hal_rcc.o
                0x0000000008004f7c                HAL_RCC_GetPCLK1Freq
 .text.HAL_RCC_GetPCLK2Freq
                0x0000000008004fa4       0x28 ./Drivers/STM32F4xx_HAL_Driver/stm32f4xx_hal_rcc.o
                0x0000000008004fa4                HAL_RCC_GetPCLK2Freq
 .text.HAL_RCC_GetClockConfig
                0x0000000008004fcc       0x64 ./Drivers/STM32F4xx_HAL_Driver/stm32f4xx_hal_rcc.o
                0x0000000008004fcc                HAL_RCC_GetClockConfig
 .text.HAL_TIM_Base_Init
                0x0000000008005030       0xb8 ./Drivers/STM32F4xx_HAL_Driver/stm32f4xx_hal_tim.o
                0x0000000008005030                HAL_TIM_Base_Init
 .text.HAL_TIM_Base_Start_IT
                0x00000000080050e8       0xc4 ./Drivers/STM32F4xx_HAL_Driver/stm32f4xx_hal_tim.o
                0x00000000080050e8                HAL_TIM_Base_Start_IT
 .text.HAL_TIM_IRQHandler
                0x00000000080051ac      0x250 ./Drivers/STM32F4xx_HAL_Driver/stm32f4xx_hal_tim.o
                0x00000000080051ac                HAL_TIM_IRQHandler
 .text.HAL_TIM_ConfigClockSource
                0x00000000080053fc      0x18e ./Drivers/STM32F4xx_HAL_Driver/stm32f4xx_hal_tim.o
                0x00000000080053fc                HAL_TIM_ConfigClockSource
 .text.HAL_TIM_PeriodElapsedHalfCpltCallback
                0x000000000800558a       0x14 ./Drivers/STM32F4xx_HAL_Driver/stm32f4xx_hal_tim.o
                0x000000000800558a                HAL_TIM_PeriodElapsedHalfCpltCallback
 .text.HAL_TIM_OC_DelayElapsedCallback
                0x000000000800559e       0x14 ./Drivers/STM32F4xx_HAL_Driver/stm32f4xx_hal_tim.o
                0x000000000800559e                HAL_TIM_OC_DelayElapsedCallback
 .text.HAL_TIM_IC_CaptureCallback
                0x00000000080055b2       0x14 ./Drivers/STM32F4xx_HAL_Driver/stm32f4xx_hal_tim.o
                0x00000000080055b2                HAL_TIM_IC_CaptureCallback
 .text.HAL_TIM_IC_CaptureHalfCpltCallback
                0x00000000080055c6       0x14 ./Drivers/STM32F4xx_HAL_Driver/stm32f4xx_hal_tim.o
                0x00000000080055c6                HAL_TIM_IC_CaptureHalfCpltCallback
 .text.HAL_TIM_PWM_PulseFinishedCallback
                0x00000000080055da       0x14 ./Drivers/STM32F4xx_HAL_Driver/stm32f4xx_hal_tim.o
                0x00000000080055da                HAL_TIM_PWM_PulseFinishedCallback
 .text.HAL_TIM_PWM_PulseFinishedHalfCpltCallback
                0x00000000080055ee       0x14 ./Drivers/STM32F4xx_HAL_Driver/stm32f4xx_hal_tim.o
                0x00000000080055ee                HAL_TIM_PWM_PulseFinishedHalfCpltCallback
 .text.HAL_TIM_TriggerCallback
                0x0000000008005602       0x14 ./Drivers/STM32F4xx_HAL_Driver/stm32f4xx_hal_tim.o
                0x0000000008005602                HAL_TIM_TriggerCallback
 .text.HAL_TIM_TriggerHalfCpltCallback
                0x0000000008005616       0x14 ./Drivers/STM32F4xx_HAL_Driver/stm32f4xx_hal_tim.o
                0x0000000008005616                HAL_TIM_TriggerHalfCpltCallback
 .text.HAL_TIM_Base_GetState
                0x000000000800562a       0x1c ./Drivers/STM32F4xx_HAL_Driver/stm32f4xx_hal_tim.o
                0x000000000800562a                HAL_TIM_Base_GetState
 *fill*         0x0000000008005646        0x2 
 .text.TIM_Base_SetConfig
                0x0000000008005648      0x100 ./Drivers/STM32F4xx_HAL_Driver/stm32f4xx_hal_tim.o
                0x0000000008005648                TIM_Base_SetConfig
 .text.TIM_TI1_ConfigInputStage
                0x0000000008005748       0x5e ./Drivers/STM32F4xx_HAL_Driver/stm32f4xx_hal_tim.o
 .text.TIM_TI2_ConfigInputStage
                0x00000000080057a6       0x60 ./Drivers/STM32F4xx_HAL_Driver/stm32f4xx_hal_tim.o
 .text.TIM_ITRx_SetConfig
                0x0000000008005806       0x36 ./Drivers/STM32F4xx_HAL_Driver/stm32f4xx_hal_tim.o
 .text.TIM_ETR_SetConfig
                0x000000000800583c       0x40 ./Drivers/STM32F4xx_HAL_Driver/stm32f4xx_hal_tim.o
                0x000000000800583c                TIM_ETR_SetConfig
 .text.TIM_ResetCallback
                0x000000000800587c       0xb0 ./Drivers/STM32F4xx_HAL_Driver/stm32f4xx_hal_tim.o
                0x000000000800587c                TIM_ResetCallback
 .text.HAL_TIMEx_MasterConfigSynchronization
                0x000000000800592c       0xdc ./Drivers/STM32F4xx_HAL_Driver/stm32f4xx_hal_tim_ex.o
                0x000000000800592c                HAL_TIMEx_MasterConfigSynchronization
 .text.HAL_TIMEx_CommutCallback
                0x0000000008005a08       0x14 ./Drivers/STM32F4xx_HAL_Driver/stm32f4xx_hal_tim_ex.o
                0x0000000008005a08                HAL_TIMEx_CommutCallback
 .text.HAL_TIMEx_CommutHalfCpltCallback
                0x0000000008005a1c       0x14 ./Drivers/STM32F4xx_HAL_Driver/stm32f4xx_hal_tim_ex.o
                0x0000000008005a1c                HAL_TIMEx_CommutHalfCpltCallback
 .text.HAL_TIMEx_BreakCallback
                0x0000000008005a30       0x14 ./Drivers/STM32F4xx_HAL_Driver/stm32f4xx_hal_tim_ex.o
                0x0000000008005a30                HAL_TIMEx_BreakCallback
 .text.HAL_UART_Init
                0x0000000008005a44       0xb4 ./Drivers/STM32F4xx_HAL_Driver/stm32f4xx_hal_uart.o
                0x0000000008005a44                HAL_UART_Init
 .text.HAL_UART_DeInit
                0x0000000008005af8       0x74 ./Drivers/STM32F4xx_HAL_Driver/stm32f4xx_hal_uart.o
                0x0000000008005af8                HAL_UART_DeInit
 .text.HAL_UART_Receive_IT
                0x0000000008005b6c       0x60 ./Drivers/STM32F4xx_HAL_Driver/stm32f4xx_hal_uart.o
                0x0000000008005b6c                HAL_UART_Receive_IT
 .text.HAL_UART_TxCpltCallback
                0x0000000008005bcc       0x14 ./Drivers/STM32F4xx_HAL_Driver/stm32f4xx_hal_uart.o
                0x0000000008005bcc                HAL_UART_TxCpltCallback
 .text.HAL_UART_TxHalfCpltCallback
                0x0000000008005be0       0x14 ./Drivers/STM32F4xx_HAL_Driver/stm32f4xx_hal_uart.o
                0x0000000008005be0                HAL_UART_TxHalfCpltCallback
 .text.HAL_UART_RxHalfCpltCallback
                0x0000000008005bf4       0x14 ./Drivers/STM32F4xx_HAL_Driver/stm32f4xx_hal_uart.o
                0x0000000008005bf4                HAL_UART_RxHalfCpltCallback
 .text.HAL_UART_AbortCpltCallback
                0x0000000008005c08       0x14 ./Drivers/STM32F4xx_HAL_Driver/stm32f4xx_hal_uart.o
                0x0000000008005c08                HAL_UART_AbortCpltCallback
 .text.HAL_UART_AbortTransmitCpltCallback
                0x0000000008005c1c       0x14 ./Drivers/STM32F4xx_HAL_Driver/stm32f4xx_hal_uart.o
                0x0000000008005c1c                HAL_UART_AbortTransmitCpltCallback
 .text.HAL_UART_AbortReceiveCpltCallback
                0x0000000008005c30       0x14 ./Drivers/STM32F4xx_HAL_Driver/stm32f4xx_hal_uart.o
                0x0000000008005c30                HAL_UART_AbortReceiveCpltCallback
 .text.HAL_UARTEx_RxEventCallback
                0x0000000008005c44       0x18 ./Drivers/STM32F4xx_HAL_Driver/stm32f4xx_hal_uart.o
                0x0000000008005c44                HAL_UARTEx_RxEventCallback
 .text.HAL_UART_GetState
                0x0000000008005c5c       0x3c ./Drivers/STM32F4xx_HAL_Driver/stm32f4xx_hal_uart.o
                0x0000000008005c5c                HAL_UART_GetState
 .text.HAL_UART_GetError
                0x0000000008005c98       0x18 ./Drivers/STM32F4xx_HAL_Driver/stm32f4xx_hal_uart.o
                0x0000000008005c98                HAL_UART_GetError
 .text.UART_InitCallbacksToDefault
                0x0000000008005cb0       0x70 ./Drivers/STM32F4xx_HAL_Driver/stm32f4xx_hal_uart.o
                0x0000000008005cb0                UART_InitCallbacksToDefault
 .text.UART_Start_Receive_IT
                0x0000000008005d20       0x7c ./Drivers/STM32F4xx_HAL_Driver/stm32f4xx_hal_uart.o
                0x0000000008005d20                UART_Start_Receive_IT
 .text.UART_SetConfig
                0x0000000008005d9c      0x4e8 ./Drivers/STM32F4xx_HAL_Driver/stm32f4xx_hal_uart.o
 .text.HAL_WWDG_Init
                0x0000000008006284       0x70 ./Drivers/STM32F4xx_HAL_Driver/stm32f4xx_hal_wwdg.o
                0x0000000008006284                HAL_WWDG_Init
 .text.HAL_WWDG_Refresh
                0x00000000080062f4       0x20 ./Drivers/STM32F4xx_HAL_Driver/stm32f4xx_hal_wwdg.o
                0x00000000080062f4                HAL_WWDG_Refresh
 .text.HAL_WWDG_IRQHandler
                0x0000000008006314       0x40 ./Drivers/STM32F4xx_HAL_Driver/stm32f4xx_hal_wwdg.o
                0x0000000008006314                HAL_WWDG_IRQHandler
 .text.HAL_ADC_ErrorCallback
                0x0000000008006354       0x74 ./IOServices/AdcH/AdcH.o
                0x0000000008006354                HAL_ADC_ErrorCallback
 .text.Adc_MainFunction
                0x00000000080063c8       0x38 ./IOServices/AdcH/AdcH.o
                0x00000000080063c8                Adc_MainFunction
 .text.Adc_DeInit
                0x0000000008006400       0x14 ./IOServices/AdcH/AdcH.o
                0x0000000008006400                Adc_DeInit
 .text.Adc_Init
                0x0000000008006414      0x26c ./IOServices/AdcH/AdcH.o
                0x0000000008006414                Adc_Init
 .text.Tim_Init
                0x0000000008006680      0x338 ./IOServices/TimH/TimH.o
                0x0000000008006680                Tim_Init
 .text.Tim_DeInit
                0x00000000080069b8       0x18 ./IOServices/TimH/TimH.o
                0x00000000080069b8                Tim_DeInit
 .text.HAL_TIM_ErrorCallback
                0x00000000080069d0       0xe0 ./IOServices/TimH/TimH.o
                0x00000000080069d0                HAL_TIM_ErrorCallback
 .text.Tim_MainFunction
                0x0000000008006ab0       0xb4 ./IOServices/TimH/TimH.o
                0x0000000008006ab0                Tim_MainFunction
 .text.HAL_TIM_PeriodElapsedCallback
                0x0000000008006b64      0x128 ./IOServices/TimH/TimH.o
                0x0000000008006b64                HAL_TIM_PeriodElapsedCallback
 .text.__NVIC_SetPriority
                0x0000000008006c8c       0x54 ./Middlewares/FreeRTOS/cmsis_os2.o
 .text.SysTick_Handler
                0x0000000008006ce0       0x20 ./Middlewares/FreeRTOS/cmsis_os2.o
                0x0000000008006ce0                SysTick_Handler
 .text.SVC_Setup
                0x0000000008006d00       0x12 ./Middlewares/FreeRTOS/cmsis_os2.o
 *fill*         0x0000000008006d12        0x2 
 .text.osKernelInitialize
                0x0000000008006d14       0x48 ./Middlewares/FreeRTOS/cmsis_os2.o
                0x0000000008006d14                osKernelInitialize
 .text.osKernelStart
                0x0000000008006d5c       0x4c ./Middlewares/FreeRTOS/cmsis_os2.o
                0x0000000008006d5c                osKernelStart
 .text.osThreadNew
                0x0000000008006da8      0x126 ./Middlewares/FreeRTOS/cmsis_os2.o
                0x0000000008006da8                osThreadNew
 .text.osDelay  0x0000000008006ece       0x36 ./Middlewares/FreeRTOS/cmsis_os2.o
                0x0000000008006ece                osDelay
 .text.TimerCallback
                0x0000000008006f04       0x2a ./Middlewares/FreeRTOS/cmsis_os2.o
 *fill*         0x0000000008006f2e        0x2 
 .text.osTimerNew
                0x0000000008006f30       0xf8 ./Middlewares/FreeRTOS/cmsis_os2.o
                0x0000000008006f30                osTimerNew
 .text.osTimerStart
                0x0000000008007028       0x5c ./Middlewares/FreeRTOS/cmsis_os2.o
                0x0000000008007028                osTimerStart
 .text.osTimerStop
                0x0000000008007084       0x6e ./Middlewares/FreeRTOS/cmsis_os2.o
                0x0000000008007084                osTimerStop
 .text.osTimerIsRunning
                0x00000000080070f2       0x38 ./Middlewares/FreeRTOS/cmsis_os2.o
                0x00000000080070f2                osTimerIsRunning
 *fill*         0x000000000800712a        0x2 
 .text.vApplicationGetIdleTaskMemory
                0x000000000800712c       0x34 ./Middlewares/FreeRTOS/cmsis_os2.o
                0x000000000800712c                vApplicationGetIdleTaskMemory
 .text.vApplicationGetTimerTaskMemory
                0x0000000008007160       0x34 ./Middlewares/FreeRTOS/cmsis_os2.o
                0x0000000008007160                vApplicationGetTimerTaskMemory
 .text.pvPortMalloc
                0x0000000008007194       0x94 ./Middlewares/FreeRTOS/heap_1.o
                0x0000000008007194                pvPortMalloc
 .text.vPortFree
                0x0000000008007228       0x30 ./Middlewares/FreeRTOS/heap_1.o
                0x0000000008007228                vPortFree
 .text.vListInitialise
                0x0000000008007258       0x40 ./Middlewares/FreeRTOS/list.o
                0x0000000008007258                vListInitialise
 .text.vListInitialiseItem
                0x0000000008007298       0x1a ./Middlewares/FreeRTOS/list.o
                0x0000000008007298                vListInitialiseItem
 .text.vListInsertEnd
                0x00000000080072b2       0x48 ./Middlewares/FreeRTOS/list.o
                0x00000000080072b2                vListInsertEnd
 .text.vListInsert
                0x00000000080072fa       0x72 ./Middlewares/FreeRTOS/list.o
                0x00000000080072fa                vListInsert
 .text.uxListRemove
                0x000000000800736c       0x54 ./Middlewares/FreeRTOS/list.o
                0x000000000800736c                uxListRemove
 .text.pxPortInitialiseStack
                0x00000000080073c0       0x68 ./Middlewares/FreeRTOS/port.o
                0x00000000080073c0                pxPortInitialiseStack
 .text.prvTaskExitError
                0x0000000008007428       0x58 ./Middlewares/FreeRTOS/port.o
 .text.SVC_Handler
                0x0000000008007480       0x28 ./Middlewares/FreeRTOS/port.o
                0x0000000008007480                SVC_Handler
 .text.prvPortStartFirstTask
                0x00000000080074a8       0x28 ./Middlewares/FreeRTOS/port.o
 .text.xPortStartScheduler
                0x00000000080074d0      0x144 ./Middlewares/FreeRTOS/port.o
                0x00000000080074d0                xPortStartScheduler
 .text.vPortEnterCritical
                0x0000000008007614       0x60 ./Middlewares/FreeRTOS/port.o
                0x0000000008007614                vPortEnterCritical
 .text.vPortExitCritical
                0x0000000008007674       0x54 ./Middlewares/FreeRTOS/port.o
                0x0000000008007674                vPortExitCritical
 *fill*         0x00000000080076c8        0x8 
 .text.PendSV_Handler
                0x00000000080076d0       0x68 ./Middlewares/FreeRTOS/port.o
                0x00000000080076d0                PendSV_Handler
 .text.xPortSysTickHandler
                0x0000000008007738       0x44 ./Middlewares/FreeRTOS/port.o
                0x0000000008007738                xPortSysTickHandler
 .text.vPortSuppressTicksAndSleep
                0x000000000800777c      0x198 ./Middlewares/FreeRTOS/port.o
                0x000000000800777c                vPortSuppressTicksAndSleep
 .text.vPortSetupTimerInterrupt
                0x0000000008007914       0x78 ./Middlewares/FreeRTOS/port.o
                0x0000000008007914                vPortSetupTimerInterrupt
 .text.vPortEnableVFP
                0x000000000800798c       0x14 ./Middlewares/FreeRTOS/port.o
 .text.vPortValidateInterruptPriority
                0x00000000080079a0       0x80 ./Middlewares/FreeRTOS/port.o
                0x00000000080079a0                vPortValidateInterruptPriority
 .text.xQueueGenericReset
                0x0000000008007a20       0xd0 ./Middlewares/FreeRTOS/queue.o
                0x0000000008007a20                xQueueGenericReset
 .text.xQueueGenericCreateStatic
                0x0000000008007af0       0xf0 ./Middlewares/FreeRTOS/queue.o
                0x0000000008007af0                xQueueGenericCreateStatic
 .text.prvInitialiseNewQueue
                0x0000000008007be0       0x46 ./Middlewares/FreeRTOS/queue.o
 *fill*         0x0000000008007c26        0x2 
 .text.xQueueGenericSend
                0x0000000008007c28      0x1fc ./Middlewares/FreeRTOS/queue.o
                0x0000000008007c28                xQueueGenericSend
 .text.xQueueGenericSendFromISR
                0x0000000008007e24      0x136 ./Middlewares/FreeRTOS/queue.o
                0x0000000008007e24                xQueueGenericSendFromISR
 *fill*         0x0000000008007f5a        0x2 
 .text.xQueueReceive
                0x0000000008007f5c      0x1c0 ./Middlewares/FreeRTOS/queue.o
                0x0000000008007f5c                xQueueReceive
 .text.prvCopyDataToQueue
                0x000000000800811c       0xd4 ./Middlewares/FreeRTOS/queue.o
 .text.prvCopyDataFromQueue
                0x00000000080081f0       0x4c ./Middlewares/FreeRTOS/queue.o
 .text.prvUnlockQueue
                0x000000000800823c       0xa4 ./Middlewares/FreeRTOS/queue.o
 .text.prvIsQueueEmpty
                0x00000000080082e0       0x2c ./Middlewares/FreeRTOS/queue.o
 .text.prvIsQueueFull
                0x000000000800830c       0x30 ./Middlewares/FreeRTOS/queue.o
 .text.vQueueAddToRegistry
                0x000000000800833c       0x54 ./Middlewares/FreeRTOS/queue.o
                0x000000000800833c                vQueueAddToRegistry
 .text.vQueueWaitForMessageRestricted
                0x0000000008008390       0x68 ./Middlewares/FreeRTOS/queue.o
                0x0000000008008390                vQueueWaitForMessageRestricted
 .text.xTaskCreateStatic
                0x00000000080083f8       0xbe ./Middlewares/FreeRTOS/tasks.o
                0x00000000080083f8                xTaskCreateStatic
 .text.xTaskCreate
                0x00000000080084b6       0x8c ./Middlewares/FreeRTOS/tasks.o
                0x00000000080084b6                xTaskCreate
 *fill*         0x0000000008008542        0x2 
 .text.prvInitialiseNewTask
                0x0000000008008544      0x168 ./Middlewares/FreeRTOS/tasks.o
 .text.prvAddNewTaskToReadyList
                0x00000000080086ac       0xe0 ./Middlewares/FreeRTOS/tasks.o
 .text.vTaskDelayUntil
                0x000000000800878c       0xfc ./Middlewares/FreeRTOS/tasks.o
                0x000000000800878c                vTaskDelayUntil
 .text.vTaskDelay
                0x0000000008008888       0x68 ./Middlewares/FreeRTOS/tasks.o
                0x0000000008008888                vTaskDelay
 .text.vTaskSuspend
                0x00000000080088f0       0xec ./Middlewares/FreeRTOS/tasks.o
                0x00000000080088f0                vTaskSuspend
 .text.vTaskStartScheduler
                0x00000000080089dc       0xe0 ./Middlewares/FreeRTOS/tasks.o
                0x00000000080089dc                vTaskStartScheduler
 .text.vTaskSuspendAll
                0x0000000008008abc       0x1c ./Middlewares/FreeRTOS/tasks.o
                0x0000000008008abc                vTaskSuspendAll
 .text.prvGetExpectedIdleTime
                0x0000000008008ad8       0x70 ./Middlewares/FreeRTOS/tasks.o
 .text.xTaskResumeAll
                0x0000000008008b48      0x13c ./Middlewares/FreeRTOS/tasks.o
                0x0000000008008b48                xTaskResumeAll
 .text.xTaskGetTickCount
                0x0000000008008c84       0x20 ./Middlewares/FreeRTOS/tasks.o
                0x0000000008008c84                xTaskGetTickCount
 .text.vTaskStepTick
                0x0000000008008ca4       0x50 ./Middlewares/FreeRTOS/tasks.o
                0x0000000008008ca4                vTaskStepTick
 .text.xTaskIncrementTick
                0x0000000008008cf4      0x184 ./Middlewares/FreeRTOS/tasks.o
                0x0000000008008cf4                xTaskIncrementTick
 .text.vTaskSwitchContext
                0x0000000008008e78      0x104 ./Middlewares/FreeRTOS/tasks.o
                0x0000000008008e78                vTaskSwitchContext
 .text.vTaskPlaceOnEventList
                0x0000000008008f7c       0x48 ./Middlewares/FreeRTOS/tasks.o
                0x0000000008008f7c                vTaskPlaceOnEventList
 .text.vTaskPlaceOnEventListRestricted
                0x0000000008008fc4       0x58 ./Middlewares/FreeRTOS/tasks.o
                0x0000000008008fc4                vTaskPlaceOnEventListRestricted
 .text.xTaskRemoveFromEventList
                0x000000000800901c       0xcc ./Middlewares/FreeRTOS/tasks.o
                0x000000000800901c                xTaskRemoveFromEventList
 .text.vTaskInternalSetTimeOutState
                0x00000000080090e8       0x2c ./Middlewares/FreeRTOS/tasks.o
                0x00000000080090e8                vTaskInternalSetTimeOutState
 .text.xTaskCheckForTimeOut
                0x0000000008009114       0xe4 ./Middlewares/FreeRTOS/tasks.o
                0x0000000008009114                xTaskCheckForTimeOut
 .text.vTaskMissedYield
                0x00000000080091f8       0x18 ./Middlewares/FreeRTOS/tasks.o
                0x00000000080091f8                vTaskMissedYield
 .text.prvIdleTask
                0x0000000008009210       0x84 ./Middlewares/FreeRTOS/tasks.o
 .text.eTaskConfirmSleepModeStatus
                0x0000000008009294       0x5c ./Middlewares/FreeRTOS/tasks.o
                0x0000000008009294                eTaskConfirmSleepModeStatus
 .text.prvInitialiseTaskLists
                0x00000000080092f0       0x80 ./Middlewares/FreeRTOS/tasks.o
 .text.prvCheckTasksWaitingTermination
                0x0000000008009370       0x5c ./Middlewares/FreeRTOS/tasks.o
 .text.prvDeleteTCB
                0x00000000080093cc       0x6a ./Middlewares/FreeRTOS/tasks.o
 *fill*         0x0000000008009436        0x2 
 .text.prvResetNextTaskUnblockTime
                0x0000000008009438       0x40 ./Middlewares/FreeRTOS/tasks.o
 .text.xTaskGetSchedulerState
                0x0000000008009478       0x3c ./Middlewares/FreeRTOS/tasks.o
                0x0000000008009478                xTaskGetSchedulerState
 .text.xTaskPriorityDisinherit
                0x00000000080094b4       0xe8 ./Middlewares/FreeRTOS/tasks.o
                0x00000000080094b4                xTaskPriorityDisinherit
 .text.prvAddCurrentTaskToDelayedList
                0x000000000800959c       0xb4 ./Middlewares/FreeRTOS/tasks.o
 .text.xTimerCreateTimerTask
                0x0000000008009650       0x90 ./Middlewares/FreeRTOS/timers.o
                0x0000000008009650                xTimerCreateTimerTask
 .text.xTimerCreate
                0x00000000080096e0       0x42 ./Middlewares/FreeRTOS/timers.o
                0x00000000080096e0                xTimerCreate
 .text.xTimerCreateStatic
                0x0000000008009722       0x7c ./Middlewares/FreeRTOS/timers.o
                0x0000000008009722                xTimerCreateStatic
 .text.prvInitialiseNewTimer
                0x000000000800979e       0x76 ./Middlewares/FreeRTOS/timers.o
 .text.xTimerGenericCommand
                0x0000000008009814       0x9c ./Middlewares/FreeRTOS/timers.o
                0x0000000008009814                xTimerGenericCommand
 .text.prvProcessExpiredTimer
                0x00000000080098b0       0x98 ./Middlewares/FreeRTOS/timers.o
 .text.prvTimerTask
                0x0000000008009948       0x24 ./Middlewares/FreeRTOS/timers.o
 .text.prvProcessTimerOrBlockTask
                0x000000000800996c       0x9c ./Middlewares/FreeRTOS/timers.o
 .text.prvGetNextExpireTime
                0x0000000008009a08       0x48 ./Middlewares/FreeRTOS/timers.o
 .text.prvSampleTimeNow
                0x0000000008009a50       0x40 ./Middlewares/FreeRTOS/timers.o
 .text.prvInsertTimerInActiveList
                0x0000000008009a90       0x84 ./Middlewares/FreeRTOS/timers.o
 .text.prvProcessReceivedCommands
                0x0000000008009b14      0x1c4 ./Middlewares/FreeRTOS/timers.o
 .text.prvSwitchTimerLists
                0x0000000008009cd8       0xc8 ./Middlewares/FreeRTOS/timers.o
 .text.prvCheckForValidListAndQueue
                0x0000000008009da0       0x80 ./Middlewares/FreeRTOS/timers.o
 .text.xTimerIsTimerActive
                0x0000000008009e20       0x52 ./Middlewares/FreeRTOS/timers.o
                0x0000000008009e20                xTimerIsTimerActive
 .text.pvTimerGetTimerID
                0x0000000008009e72       0x40 ./Middlewares/FreeRTOS/timers.o
                0x0000000008009e72                pvTimerGetTimerID
 .text.Rte_Runnable_EcuM_MainFunction
                0x0000000008009eb2        0xc ./Rte/RTE.o
                0x0000000008009eb2                Rte_Runnable_EcuM_MainFunction
 .text.Rte_Runnable_SystemManager_MainFunction
                0x0000000008009ebe        0xc ./Rte/RTE.o
                0x0000000008009ebe                Rte_Runnable_SystemManager_MainFunction
 .text.Rte_Runnable_Crc_MainFunction
                0x0000000008009eca        0xc ./Rte/RTE.o
                0x0000000008009eca                Rte_Runnable_Crc_MainFunction
 .text.Rte_Runnable_Wdg_MainFunction
                0x0000000008009ed6        0xc ./Rte/RTE.o
                0x0000000008009ed6                Rte_Runnable_Wdg_MainFunction
 .text.Rte_Runnable_Adc_MainFunction
                0x0000000008009ee2        0xc ./Rte/RTE.o
                0x0000000008009ee2                Rte_Runnable_Adc_MainFunction
 .text.Rte_Runnable_Spi_MainFunction
                0x0000000008009eee        0xe ./Rte/RTE.o
                0x0000000008009eee                Rte_Runnable_Spi_MainFunction
 .text.Rte_Runnable_Tim_MainFunction
                0x0000000008009efc        0xc ./Rte/RTE.o
                0x0000000008009efc                Rte_Runnable_Tim_MainFunction
 .text.Rte_Runnable_Uart_MainFunction
                0x0000000008009f08        0xc ./Rte/RTE.o
                0x0000000008009f08                Rte_Runnable_Uart_MainFunction
 .text.Rte_Write_Btc_BtcPort_Btc_RxData
                0x0000000008009f14       0x2c ./Rte/RTE.o
                0x0000000008009f14                Rte_Write_Btc_BtcPort_Btc_RxData
 .text.Rte_Write_Btc_BtcPort_Btc_RxCount
                0x0000000008009f40       0x2c ./Rte/RTE.o
                0x0000000008009f40                Rte_Write_Btc_BtcPort_Btc_RxCount
 .text.Rte_Write_Btc_BtcPort_Btc_DataBuffer
                0x0000000008009f6c       0x34 ./Rte/RTE.o
                0x0000000008009f6c                Rte_Write_Btc_BtcPort_Btc_DataBuffer
 .text.Rte_Read_Adc_AdcPort_Adc_ChannelOne_Buffer
                0x0000000008009fa0       0x34 ./Rte/RTE.o
                0x0000000008009fa0                Rte_Read_Adc_AdcPort_Adc_ChannelOne_Buffer
 .text.Rte_Write_Btc_BtcPort_Btc_ReceivedDataOnBluetooth
                0x0000000008009fd4       0x2c ./Rte/RTE.o
                0x0000000008009fd4                Rte_Write_Btc_BtcPort_Btc_ReceivedDataOnBluetooth
 .text.Rte_Write_CenLoc_CenLocPort_CenLoc_CurrentState
                0x000000000800a000       0x2c ./Rte/RTE.o
                0x000000000800a000                Rte_Write_CenLoc_CenLocPort_CenLoc_CurrentState
 .text.Rte_Write_CenLoc_CenLocPort_CenLoc_FollowMeHomeState
                0x000000000800a02c       0x2c ./Rte/RTE.o
                0x000000000800a02c                Rte_Write_CenLoc_CenLocPort_CenLoc_FollowMeHomeState
 .text.Rte_Write_CenLoc_CenLocPort_CenLoc_Tim2IRQFlag
                0x000000000800a058       0x2c ./Rte/RTE.o
                0x000000000800a058                Rte_Write_CenLoc_CenLocPort_CenLoc_Tim2IRQFlag
 .text.Rte_Write_CenLoc_CenLocPort_CenLoc_Tim3IRQFlag
                0x000000000800a084       0x2c ./Rte/RTE.o
                0x000000000800a084                Rte_Write_CenLoc_CenLocPort_CenLoc_Tim3IRQFlag
 .text.Rte_Write_CenLoc_CenLocPort_CenLoc_Tim5IRQFlag
                0x000000000800a0b0       0x2c ./Rte/RTE.o
                0x000000000800a0b0                Rte_Write_CenLoc_CenLocPort_CenLoc_Tim5IRQFlag
 .text.Rte_Write_CenLoc_CenLocPort_CenLoc_Tim11IRQFlag
                0x000000000800a0dc       0x2c ./Rte/RTE.o
                0x000000000800a0dc                Rte_Write_CenLoc_CenLocPort_CenLoc_Tim11IRQFlag
 .text.Rte_Write_ExtLights_ExtLightsPort_ExtLights_ReverseLight_CurrentState
                0x000000000800a108       0x2c ./Rte/RTE.o
                0x000000000800a108                Rte_Write_ExtLights_ExtLightsPort_ExtLights_ReverseLight_CurrentState
 .text.Rte_Write_ExtLights_ExtLightsPort_ExtLights_FlashHighBeam_CurrentState
                0x000000000800a134       0x2c ./Rte/RTE.o
                0x000000000800a134                Rte_Write_ExtLights_ExtLightsPort_ExtLights_FlashHighBeam_CurrentState
 .text.Rte_Write_ExtLights_ExtLightsPort_ExtLights_BrakeLight_CurrentState
                0x000000000800a160       0x2c ./Rte/RTE.o
                0x000000000800a160                Rte_Write_ExtLights_ExtLightsPort_ExtLights_BrakeLight_CurrentState
 .text.Rte_Write_ExtLights_ExtLightsPort_ExtLights_LightsSwitch_CurrentState
                0x000000000800a18c       0x2c ./Rte/RTE.o
                0x000000000800a18c                Rte_Write_ExtLights_ExtLightsPort_ExtLights_LightsSwitch_CurrentState
 .text.Rte_Write_ExtLights_ExtLightsPort_ExtLights_HighBeam_CurrentState
                0x000000000800a1b8       0x2c ./Rte/RTE.o
                0x000000000800a1b8                Rte_Write_ExtLights_ExtLightsPort_ExtLights_HighBeam_CurrentState
 .text.Rte_Write_ExtLights_ExtLightsPort_ExtLights_FrontFogLight_CurrentState
                0x000000000800a1e4       0x2c ./Rte/RTE.o
                0x000000000800a1e4                Rte_Write_ExtLights_ExtLightsPort_ExtLights_FrontFogLight_CurrentState
 .text.Rte_Write_ExtLights_ExtLightsPort_ExtLights_TurnSignalLeft_CurrentState
                0x000000000800a210       0x2c ./Rte/RTE.o
                0x000000000800a210                Rte_Write_ExtLights_ExtLightsPort_ExtLights_TurnSignalLeft_CurrentState
 .text.Rte_Write_ExtLights_ExtLightsPort_ExtLights_TurnSignalRight_CurrentState
                0x000000000800a23c       0x2c ./Rte/RTE.o
                0x000000000800a23c                Rte_Write_ExtLights_ExtLightsPort_ExtLights_TurnSignalRight_CurrentState
 .text.Rte_Write_ExtLights_ExtLightsPort_ExtLights_HazardLight_CurrentState
                0x000000000800a268       0x2c ./Rte/RTE.o
                0x000000000800a268                Rte_Write_ExtLights_ExtLightsPort_ExtLights_HazardLight_CurrentState
 .text.Rte_Write_ExtLights_ExtLightsPort_ExtLights_RearFogLight_CurrentState
                0x000000000800a294       0x2c ./Rte/RTE.o
                0x000000000800a294                Rte_Write_ExtLights_ExtLightsPort_ExtLights_RearFogLight_CurrentState
 .text.Rte_Write_ExtLights_ExtLightsPort_ExtLights_RTSFlag
                0x000000000800a2c0       0x2c ./Rte/RTE.o
                0x000000000800a2c0                Rte_Write_ExtLights_ExtLightsPort_ExtLights_RTSFlag
 .text.Rte_Write_ExtLights_ExtLightsPort_ExtLights_LTSFlag
                0x000000000800a2ec       0x2c ./Rte/RTE.o
                0x000000000800a2ec                Rte_Write_ExtLights_ExtLightsPort_ExtLights_LTSFlag
 .text.Rte_Write_ExtLights_ExtLightsPort_ExtLights_HLFlag
                0x000000000800a318       0x2c ./Rte/RTE.o
                0x000000000800a318                Rte_Write_ExtLights_ExtLightsPort_ExtLights_HLFlag
 .text.Rte_Write_IntLights_IntLightsPort_IntLights_CurrentState
                0x000000000800a344       0x2c ./Rte/RTE.o
                0x000000000800a344                Rte_Write_IntLights_IntLightsPort_IntLights_CurrentState
 .text.Rte_Write_SecAlm_SecAlmPort_SecAlm_TriggerIRQCounterForTimer4
                0x000000000800a370       0x2c ./Rte/RTE.o
                0x000000000800a370                Rte_Write_SecAlm_SecAlmPort_SecAlm_TriggerIRQCounterForTimer4
 .text.Rte_Write_SecAlm_SecAlmPort_SecAlm_SensorStatusCounter
                0x000000000800a39c       0x2c ./Rte/RTE.o
                0x000000000800a39c                Rte_Write_SecAlm_SecAlmPort_SecAlm_SensorStatusCounter
 .text.Rte_Runnable_Btc_MainFunction
                0x000000000800a3c8        0xc ./Rte/RTE.o
                0x000000000800a3c8                Rte_Runnable_Btc_MainFunction
 .text.Rte_Runnable_CenLoc_MainFunction
                0x000000000800a3d4        0xc ./Rte/RTE.o
                0x000000000800a3d4                Rte_Runnable_CenLoc_MainFunction
 .text.Rte_Runnable_ExtLights_MainFunction
                0x000000000800a3e0        0xc ./Rte/RTE.o
                0x000000000800a3e0                Rte_Runnable_ExtLights_MainFunction
 .text.Rte_Runnable_IntLights_MainFunction
                0x000000000800a3ec        0xc ./Rte/RTE.o
                0x000000000800a3ec                Rte_Runnable_IntLights_MainFunction
 .text.Rte_Runnable_SecAlm_MainFunction
                0x000000000800a3f8        0xc ./Rte/RTE.o
                0x000000000800a3f8                Rte_Runnable_SecAlm_MainFunction
 .text.Rte_Read_Btc_BtcPort_Btc_ReceivedDataOnBluetooth
                0x000000000800a404       0x2c ./Rte/RTE.o
                0x000000000800a404                Rte_Read_Btc_BtcPort_Btc_ReceivedDataOnBluetooth
 .text.Rte_Call_Uart_R_UartPort_HAL_UART_Receive_IT
                0x000000000800a430       0x24 ./Rte/RTE.o
                0x000000000800a430                Rte_Call_Uart_R_UartPort_HAL_UART_Receive_IT
 .text.Rte_Call_Gpio_R_GpioPort_HAL_GPIO_WritePin
                0x000000000800a454       0x26 ./Rte/RTE.o
                0x000000000800a454                Rte_Call_Gpio_R_GpioPort_HAL_GPIO_WritePin
 .text.Rte_Call_ADC_R_ADCPort_HAL_ADC_Start_DMA
                0x000000000800a47a       0x20 ./Rte/RTE.o
                0x000000000800a47a                Rte_Call_ADC_R_ADCPort_HAL_ADC_Start_DMA
 .text.Rte_Call_OsTimer_R_OsTimerPort_OsTimerStart
                0x000000000800a49a       0x1c ./Rte/RTE.o
                0x000000000800a49a                Rte_Call_OsTimer_R_OsTimerPort_OsTimerStart
 *fill*         0x000000000800a4b6        0x2 
 .text.Rte_Write_TimH_TimHPort_Timer2Counter_ExtLights_LTSFlag
                0x000000000800a4b8       0x2c ./Rte/RTE.o
                0x000000000800a4b8                Rte_Write_TimH_TimHPort_Timer2Counter_ExtLights_LTSFlag
 .text.Rte_Write_TimH_TimHPort_Timer2Counter_ExtLights_RTSFlag
                0x000000000800a4e4       0x2c ./Rte/RTE.o
                0x000000000800a4e4                Rte_Write_TimH_TimHPort_Timer2Counter_ExtLights_RTSFlag
 .text.Rte_Write_TimH_TimHPort_Timer2Counter_ExtLights_HLFlag
                0x000000000800a510       0x2c ./Rte/RTE.o
                0x000000000800a510                Rte_Write_TimH_TimHPort_Timer2Counter_ExtLights_HLFlag
 .text.Rte_Write_TimH_TimHPort_Timer2Counter_CenLoc_Tim2IRQFlag
                0x000000000800a53c       0x2c ./Rte/RTE.o
                0x000000000800a53c                Rte_Write_TimH_TimHPort_Timer2Counter_CenLoc_Tim2IRQFlag
 .text.Rte_Write_TimH_TimHPort_Timer5Counter_CenLoc_Tim5IRQFlag
                0x000000000800a568       0x2c ./Rte/RTE.o
                0x000000000800a568                Rte_Write_TimH_TimHPort_Timer5Counter_CenLoc_Tim5IRQFlag
 .text.Rte_Write_TimH_TimHPort_Timer3Counter_CenLoc_Tim3IRQFlag
                0x000000000800a594       0x2c ./Rte/RTE.o
                0x000000000800a594                Rte_Write_TimH_TimHPort_Timer3Counter_CenLoc_Tim3IRQFlag
 .text.Rte_Write_TimH_TimHPort_Timer11Counter_CenLoc_Tim11IRQFlag
                0x000000000800a5c0       0x2c ./Rte/RTE.o
                0x000000000800a5c0                Rte_Write_TimH_TimHPort_Timer11Counter_CenLoc_Tim11IRQFlag
 .text.Rte_Call_OsTimer_R_OsTimerPort_OsTimerStop
                0x000000000800a5ec       0x18 ./Rte/RTE.o
                0x000000000800a5ec                Rte_Call_OsTimer_R_OsTimerPort_OsTimerStop
 .text.Crc_VerifyUartData
                0x000000000800a604      0x3b0 ./SystemServices/Crc/CrcH.o
                0x000000000800a604                Crc_VerifyUartData
 .text.Crc_InitCrcValuesForUart
                0x000000000800a9b4      0x308 ./SystemServices/Crc/CrcH.o
                0x000000000800a9b4                Crc_InitCrcValuesForUart
 .text.HAL_CRC_ErrorCallback
                0x000000000800acbc       0x18 ./SystemServices/Crc/CrcH.o
                0x000000000800acbc                HAL_CRC_ErrorCallback
 .text.Crc_Init
                0x000000000800acd4       0x30 ./SystemServices/Crc/CrcH.o
                0x000000000800acd4                Crc_Init
 .text.Crc_DeInit
                0x000000000800ad04       0x14 ./SystemServices/Crc/CrcH.o
                0x000000000800ad04                Crc_DeInit
 .text.Crc_MainFunction
                0x000000000800ad18       0x2c ./SystemServices/Crc/CrcH.o
                0x000000000800ad18                Crc_MainFunction
 .text.EcuM_CheckForWakeupEvent
                0x000000000800ad44      0x114 ./SystemServices/EcuM/EcuM.o
                0x000000000800ad44                EcuM_CheckForWakeupEvent
 .text.EcuM_SetWakeupSource
                0x000000000800ae58       0x28 ./SystemServices/EcuM/EcuM.o
                0x000000000800ae58                EcuM_SetWakeupSource
 .text.EcuM_ProcessWakeupEvent
                0x000000000800ae80       0x70 ./SystemServices/EcuM/EcuM.o
                0x000000000800ae80                EcuM_ProcessWakeupEvent
 .text.EcuM_DriverInit
                0x000000000800aef0       0x42 ./SystemServices/EcuM/EcuM.o
                0x000000000800aef0                EcuM_DriverInit
 .text.EcuM_MainFunction
                0x000000000800af32       0x10 ./SystemServices/EcuM/EcuM.o
                0x000000000800af32                EcuM_MainFunction
 .text.SystemManager_Init
                0x000000000800af42       0x14 ./SystemServices/SystemManager/SystemManager.o
                0x000000000800af42                SystemManager_Init
 *fill*         0x000000000800af56        0x2 
 .text.SystemManager_SetFault
                0x000000000800af58       0x44 ./SystemServices/SystemManager/SystemManager.o
                0x000000000800af58                SystemManager_SetFault
 .text.SystemManager_MainFunction
                0x000000000800af9c        0xe ./SystemServices/SystemManager/SystemManager.o
                0x000000000800af9c                SystemManager_MainFunction
 .text.SystemManager_PerformReset
                0x000000000800afaa        0xc ./SystemServices/SystemManager/SystemManager.o
                0x000000000800afaa                SystemManager_PerformReset
 .text.MX_NVIC_Init
                0x000000000800afb6      0x108 ./SystemServices/SystemManager/SystemManager.o
                0x000000000800afb6                MX_NVIC_Init
 *fill*         0x000000000800b0be        0x2 
 .text.SystemClock_Config
                0x000000000800b0c0       0xd4 ./SystemServices/SystemManager/SystemManager.o
                0x000000000800b0c0                SystemClock_Config
 .text.Error_Handler
                0x000000000800b194        0xe ./SystemServices/SystemManager/SystemManager.o
                0x000000000800b194                Error_Handler
 .text.HAL_WWDG_EarlyWakeupCallback
                0x000000000800b1a2       0x16 ./SystemServices/WatchdogManager/WatchdogManager.o
                0x000000000800b1a2                HAL_WWDG_EarlyWakeupCallback
 .text.Wdg_MainFunction
                0x000000000800b1b8       0x14 ./SystemServices/WatchdogManager/WatchdogManager.o
                0x000000000800b1b8                Wdg_MainFunction
 .text.atoi     0x000000000800b1cc        0x8 c:/st/stm32cubeide_1.10.1/stm32cubeide/plugins/com.st.stm32cube.ide.mcu.externaltools.gnu-tools-for-stm32.10.3-2021.10.win32_1.0.200.202301161003/tools/bin/../lib/gcc/arm-none-eabi/10.3.1/../../../../arm-none-eabi/lib/thumb/v7e-m+fp/hard\libc_nano.a(lib_a-atoi.o)
                0x000000000800b1cc                atoi
 .text.__errno  0x000000000800b1d4        0xc c:/st/stm32cubeide_1.10.1/stm32cubeide/plugins/com.st.stm32cube.ide.mcu.externaltools.gnu-tools-for-stm32.10.3-2021.10.win32_1.0.200.202301161003/tools/bin/../lib/gcc/arm-none-eabi/10.3.1/../../../../arm-none-eabi/lib/thumb/v7e-m+fp/hard\libc_nano.a(lib_a-errno.o)
                0x000000000800b1d4                __errno
 .text.__libc_init_array
                0x000000000800b1e0       0x48 c:/st/stm32cubeide_1.10.1/stm32cubeide/plugins/com.st.stm32cube.ide.mcu.externaltools.gnu-tools-for-stm32.10.3-2021.10.win32_1.0.200.202301161003/tools/bin/../lib/gcc/arm-none-eabi/10.3.1/../../../../arm-none-eabi/lib/thumb/v7e-m+fp/hard\libc_nano.a(lib_a-init.o)
                0x000000000800b1e0                __libc_init_array
 .text.memcpy   0x000000000800b228       0x1c c:/st/stm32cubeide_1.10.1/stm32cubeide/plugins/com.st.stm32cube.ide.mcu.externaltools.gnu-tools-for-stm32.10.3-2021.10.win32_1.0.200.202301161003/tools/bin/../lib/gcc/arm-none-eabi/10.3.1/../../../../arm-none-eabi/lib/thumb/v7e-m+fp/hard\libc_nano.a(lib_a-memcpy-stub.o)
                0x000000000800b228                memcpy
 .text.memset   0x000000000800b244       0x10 c:/st/stm32cubeide_1.10.1/stm32cubeide/plugins/com.st.stm32cube.ide.mcu.externaltools.gnu-tools-for-stm32.10.3-2021.10.win32_1.0.200.202301161003/tools/bin/../lib/gcc/arm-none-eabi/10.3.1/../../../../arm-none-eabi/lib/thumb/v7e-m+fp/hard\libc_nano.a(lib_a-memset.o)
                0x000000000800b244                memset
 .text._free_r  0x000000000800b254       0x98 c:/st/stm32cubeide_1.10.1/stm32cubeide/plugins/com.st.stm32cube.ide.mcu.externaltools.gnu-tools-for-stm32.10.3-2021.10.win32_1.0.200.202301161003/tools/bin/../lib/gcc/arm-none-eabi/10.3.1/../../../../arm-none-eabi/lib/thumb/v7e-m+fp/hard\libc_nano.a(lib_a-nano-freer.o)
                0x000000000800b254                _free_r
 .text.cleanup_glue
                0x000000000800b2ec       0x1a c:/st/stm32cubeide_1.10.1/stm32cubeide/plugins/com.st.stm32cube.ide.mcu.externaltools.gnu-tools-for-stm32.10.3-2021.10.win32_1.0.200.202301161003/tools/bin/../lib/gcc/arm-none-eabi/10.3.1/../../../../arm-none-eabi/lib/thumb/v7e-m+fp/hard\libc_nano.a(lib_a-reent.o)
                0x000000000800b2ec                cleanup_glue
 *fill*         0x000000000800b306        0x2 
 .text._reclaim_reent
                0x000000000800b308       0xb8 c:/st/stm32cubeide_1.10.1/stm32cubeide/plugins/com.st.stm32cube.ide.mcu.externaltools.gnu-tools-for-stm32.10.3-2021.10.win32_1.0.200.202301161003/tools/bin/../lib/gcc/arm-none-eabi/10.3.1/../../../../arm-none-eabi/lib/thumb/v7e-m+fp/hard\libc_nano.a(lib_a-reent.o)
                0x000000000800b308                _reclaim_reent
 .text._strtol_l.constprop.0
                0x000000000800b3c0      0x104 c:/st/stm32cubeide_1.10.1/stm32cubeide/plugins/com.st.stm32cube.ide.mcu.externaltools.gnu-tools-for-stm32.10.3-2021.10.win32_1.0.200.202301161003/tools/bin/../lib/gcc/arm-none-eabi/10.3.1/../../../../arm-none-eabi/lib/thumb/v7e-m+fp/hard\libc_nano.a(lib_a-strtol.o)
 .text.strtol   0x000000000800b4c4       0x14 c:/st/stm32cubeide_1.10.1/stm32cubeide/plugins/com.st.stm32cube.ide.mcu.externaltools.gnu-tools-for-stm32.10.3-2021.10.win32_1.0.200.202301161003/tools/bin/../lib/gcc/arm-none-eabi/10.3.1/../../../../arm-none-eabi/lib/thumb/v7e-m+fp/hard\libc_nano.a(lib_a-strtol.o)
                0x000000000800b4c4                strtol
 .text.__malloc_lock
                0x000000000800b4d8        0xc c:/st/stm32cubeide_1.10.1/stm32cubeide/plugins/com.st.stm32cube.ide.mcu.externaltools.gnu-tools-for-stm32.10.3-2021.10.win32_1.0.200.202301161003/tools/bin/../lib/gcc/arm-none-eabi/10.3.1/../../../../arm-none-eabi/lib/thumb/v7e-m+fp/hard\libc_nano.a(lib_a-mlock.o)
                0x000000000800b4d8                __malloc_lock
 .text.__malloc_unlock
                0x000000000800b4e4        0xc c:/st/stm32cubeide_1.10.1/stm32cubeide/plugins/com.st.stm32cube.ide.mcu.externaltools.gnu-tools-for-stm32.10.3-2021.10.win32_1.0.200.202301161003/tools/bin/../lib/gcc/arm-none-eabi/10.3.1/../../../../arm-none-eabi/lib/thumb/v7e-m+fp/hard\libc_nano.a(lib_a-mlock.o)
                0x000000000800b4e4                __malloc_unlock
 *(.glue_7)
 .glue_7        0x000000000800b4f0        0x0 linker stubs
 *(.glue_7t)
 .glue_7t       0x000000000800b4f0        0x0 linker stubs
 *(.eh_frame)
 .eh_frame      0x000000000800b4f0        0x0 c:/st/stm32cubeide_1.10.1/stm32cubeide/plugins/com.st.stm32cube.ide.mcu.externaltools.gnu-tools-for-stm32.10.3-2021.10.win32_1.0.200.202301161003/tools/bin/../lib/gcc/arm-none-eabi/10.3.1/thumb/v7e-m+fp/hard/crtbegin.o
 *(.init)
 .init          0x000000000800b4f0        0x4 c:/st/stm32cubeide_1.10.1/stm32cubeide/plugins/com.st.stm32cube.ide.mcu.externaltools.gnu-tools-for-stm32.10.3-2021.10.win32_1.0.200.202301161003/tools/bin/../lib/gcc/arm-none-eabi/10.3.1/thumb/v7e-m+fp/hard/crti.o
                0x000000000800b4f0                _init
 .init          0x000000000800b4f4        0x8 c:/st/stm32cubeide_1.10.1/stm32cubeide/plugins/com.st.stm32cube.ide.mcu.externaltools.gnu-tools-for-stm32.10.3-2021.10.win32_1.0.200.202301161003/tools/bin/../lib/gcc/arm-none-eabi/10.3.1/thumb/v7e-m+fp/hard/crtn.o
 *(.fini)
 .fini          0x000000000800b4fc        0x4 c:/st/stm32cubeide_1.10.1/stm32cubeide/plugins/com.st.stm32cube.ide.mcu.externaltools.gnu-tools-for-stm32.10.3-2021.10.win32_1.0.200.202301161003/tools/bin/../lib/gcc/arm-none-eabi/10.3.1/thumb/v7e-m+fp/hard/crti.o
                0x000000000800b4fc                _fini
 .fini          0x000000000800b500        0x8 c:/st/stm32cubeide_1.10.1/stm32cubeide/plugins/com.st.stm32cube.ide.mcu.externaltools.gnu-tools-for-stm32.10.3-2021.10.win32_1.0.200.202301161003/tools/bin/../lib/gcc/arm-none-eabi/10.3.1/thumb/v7e-m+fp/hard/crtn.o
                0x000000000800b508                . = ALIGN (0x4)
                0x000000000800b508                _etext = .

.vfp11_veneer   0x000000000800b508        0x0
 .vfp11_veneer  0x000000000800b508        0x0 linker stubs

.v4_bx          0x000000000800b508        0x0
 .v4_bx         0x000000000800b508        0x0 linker stubs

.iplt           0x000000000800b508        0x0
 .iplt          0x000000000800b508        0x0 c:/st/stm32cubeide_1.10.1/stm32cubeide/plugins/com.st.stm32cube.ide.mcu.externaltools.gnu-tools-for-stm32.10.3-2021.10.win32_1.0.200.202301161003/tools/bin/../lib/gcc/arm-none-eabi/10.3.1/thumb/v7e-m+fp/hard/crtbegin.o

.rodata         0x000000000800b508      0x38c
                0x000000000800b508                . = ALIGN (0x4)
 *(.rodata)
 .rodata        0x000000000800b508       0xed ./Core/Src/freertos.o
 *fill*         0x000000000800b5f5        0x3 
 .rodata        0x000000000800b5f8        0x5 ./Middlewares/FreeRTOS/tasks.o
 *fill*         0x000000000800b5fd        0x3 
 .rodata        0x000000000800b600        0xd ./Middlewares/FreeRTOS/timers.o
 *(.rodata*)
 *fill*         0x000000000800b60d        0x3 
 .rodata.OS_Init_attributes
                0x000000000800b610       0x24 ./Core/Src/freertos.o
                0x000000000800b610                OS_Init_attributes
 .rodata.OS_Run_attributes
                0x000000000800b634       0x24 ./Core/Src/freertos.o
                0x000000000800b634                OS_Run_attributes
 .rodata.ASIL_APPL_Task_attributes
                0x000000000800b658       0x24 ./Core/Src/freertos.o
                0x000000000800b658                ASIL_APPL_Task_attributes
 .rodata.QM_APPL_Task_attributes
                0x000000000800b67c       0x24 ./Core/Src/freertos.o
                0x000000000800b67c                QM_APPL_Task_attributes
 .rodata.Os_SecAlm_AlarmReset_attributes
                0x000000000800b6a0       0x10 ./Core/Src/freertos.o
                0x000000000800b6a0                Os_SecAlm_AlarmReset_attributes
 .rodata.Os_CenLoc_LockUnlockSequence_Timer_attributes
                0x000000000800b6b0       0x10 ./Core/Src/freertos.o
                0x000000000800b6b0                Os_CenLoc_LockUnlockSequence_Timer_attributes
 .rodata.Os_SecAlmLed_TurnOnCyclic_Timer_attributes
                0x000000000800b6c0       0x10 ./Core/Src/freertos.o
                0x000000000800b6c0                Os_SecAlmLed_TurnOnCyclic_Timer_attributes
 .rodata.Os_SecAlmLedTurnOn_Timer_attributes
                0x000000000800b6d0       0x10 ./Core/Src/freertos.o
                0x000000000800b6d0                Os_SecAlmLedTurnOn_Timer_attributes
 .rodata.Os_FollowMeHome_Timer_attributes
                0x000000000800b6e0       0x10 ./Core/Src/freertos.o
                0x000000000800b6e0                Os_FollowMeHome_Timer_attributes
 .rodata.Os_TurnSignals_Timer_attributes
                0x000000000800b6f0       0x10 ./Core/Src/freertos.o
                0x000000000800b6f0                Os_TurnSignals_Timer_attributes
 .rodata.Os_SecAlmAlarm_Timer_attributes
                0x000000000800b700       0x10 ./Core/Src/freertos.o
                0x000000000800b700                Os_SecAlmAlarm_Timer_attributes
 .rodata.AHBPrescTable
                0x000000000800b710       0x10 ./Core/Src/system_stm32f4xx.o
                0x000000000800b710                AHBPrescTable
 .rodata.APBPrescTable
                0x000000000800b720        0x8 ./Core/Src/system_stm32f4xx.o
                0x000000000800b720                APBPrescTable
 .rodata.flagBitshiftOffset.0
                0x000000000800b728        0x8 ./Drivers/STM32F4xx_HAL_Driver/stm32f4xx_hal_dma.o
 .rodata.__sf_fake_stderr
                0x000000000800b730       0x20 c:/st/stm32cubeide_1.10.1/stm32cubeide/plugins/com.st.stm32cube.ide.mcu.externaltools.gnu-tools-for-stm32.10.3-2021.10.win32_1.0.200.202301161003/tools/bin/../lib/gcc/arm-none-eabi/10.3.1/../../../../arm-none-eabi/lib/thumb/v7e-m+fp/hard\libc_nano.a(lib_a-findfp.o)
                0x000000000800b730                __sf_fake_stderr
 .rodata.__sf_fake_stdin
                0x000000000800b750       0x20 c:/st/stm32cubeide_1.10.1/stm32cubeide/plugins/com.st.stm32cube.ide.mcu.externaltools.gnu-tools-for-stm32.10.3-2021.10.win32_1.0.200.202301161003/tools/bin/../lib/gcc/arm-none-eabi/10.3.1/../../../../arm-none-eabi/lib/thumb/v7e-m+fp/hard\libc_nano.a(lib_a-findfp.o)
                0x000000000800b750                __sf_fake_stdin
 .rodata.__sf_fake_stdout
                0x000000000800b770       0x20 c:/st/stm32cubeide_1.10.1/stm32cubeide/plugins/com.st.stm32cube.ide.mcu.externaltools.gnu-tools-for-stm32.10.3-2021.10.win32_1.0.200.202301161003/tools/bin/../lib/gcc/arm-none-eabi/10.3.1/../../../../arm-none-eabi/lib/thumb/v7e-m+fp/hard\libc_nano.a(lib_a-findfp.o)
                0x000000000800b770                __sf_fake_stdout
 .rodata._ctype_
                0x000000000800b790      0x101 c:/st/stm32cubeide_1.10.1/stm32cubeide/plugins/com.st.stm32cube.ide.mcu.externaltools.gnu-tools-for-stm32.10.3-2021.10.win32_1.0.200.202301161003/tools/bin/../lib/gcc/arm-none-eabi/10.3.1/../../../../arm-none-eabi/lib/thumb/v7e-m+fp/hard\libc_nano.a(lib_a-ctype_.o)
                0x000000000800b790                _ctype_
                0x000000000800b894                . = ALIGN (0x4)
 *fill*         0x000000000800b891        0x3 

.ARM.extab      0x000000000800b894        0x0
                0x000000000800b894                . = ALIGN (0x4)
 *(.ARM.extab* .gnu.linkonce.armextab.*)
                0x000000000800b894                . = ALIGN (0x4)

.ARM            0x000000000800b894        0x8
                0x000000000800b894                . = ALIGN (0x4)
                0x000000000800b894                __exidx_start = .
 *(.ARM.exidx*)
 .ARM.exidx     0x000000000800b894        0x8 c:/st/stm32cubeide_1.10.1/stm32cubeide/plugins/com.st.stm32cube.ide.mcu.externaltools.gnu-tools-for-stm32.10.3-2021.10.win32_1.0.200.202301161003/tools/bin/../lib/gcc/arm-none-eabi/10.3.1/thumb/v7e-m+fp/hard\libgcc.a(_udivmoddi4.o)
                0x000000000800b89c                __exidx_end = .
                0x000000000800b89c                . = ALIGN (0x4)

.rel.dyn        0x000000000800b89c        0x0
 .rel.iplt      0x000000000800b89c        0x0 c:/st/stm32cubeide_1.10.1/stm32cubeide/plugins/com.st.stm32cube.ide.mcu.externaltools.gnu-tools-for-stm32.10.3-2021.10.win32_1.0.200.202301161003/tools/bin/../lib/gcc/arm-none-eabi/10.3.1/thumb/v7e-m+fp/hard/crtbegin.o

.preinit_array  0x000000000800b89c        0x0
                0x000000000800b89c                . = ALIGN (0x4)
                0x000000000800b89c                PROVIDE (__preinit_array_start = .)
 *(.preinit_array*)
                0x000000000800b89c                PROVIDE (__preinit_array_end = .)
                0x000000000800b89c                . = ALIGN (0x4)

.init_array     0x000000000800b89c        0x4
                0x000000000800b89c                . = ALIGN (0x4)
                0x000000000800b89c                PROVIDE (__init_array_start = .)
 *(SORT_BY_NAME(.init_array.*))
 *(.init_array*)
 .init_array    0x000000000800b89c        0x4 c:/st/stm32cubeide_1.10.1/stm32cubeide/plugins/com.st.stm32cube.ide.mcu.externaltools.gnu-tools-for-stm32.10.3-2021.10.win32_1.0.200.202301161003/tools/bin/../lib/gcc/arm-none-eabi/10.3.1/thumb/v7e-m+fp/hard/crtbegin.o
                0x000000000800b8a0                PROVIDE (__init_array_end = .)
                0x000000000800b8a0                . = ALIGN (0x4)

.fini_array     0x000000000800b8a0        0x4
                0x000000000800b8a0                . = ALIGN (0x4)
                [!provide]                        PROVIDE (__fini_array_start = .)
 *(SORT_BY_NAME(.fini_array.*))
 *(.fini_array*)
 .fini_array    0x000000000800b8a0        0x4 c:/st/stm32cubeide_1.10.1/stm32cubeide/plugins/com.st.stm32cube.ide.mcu.externaltools.gnu-tools-for-stm32.10.3-2021.10.win32_1.0.200.202301161003/tools/bin/../lib/gcc/arm-none-eabi/10.3.1/thumb/v7e-m+fp/hard/crtbegin.o
                [!provide]                        PROVIDE (__fini_array_end = .)
                0x000000000800b8a4                . = ALIGN (0x4)
                0x000000000800b8a4                _sidata = LOADADDR (.data)

.data           0x0000000020000000       0x78 load address 0x000000000800b8a4
                0x0000000020000000                . = ALIGN (0x4)
                0x0000000020000000                _sdata = .
 *(.data)
 *(.data*)
 .data.CenLoc_BlinkState