../Rte/Rte.c:354:6:Rte_Read_Dem_DemPort_Dem_DtcArray	16	static
../Rte/Rte.c:439:6:Rte_Write_TimH_TimHPort_Tim3Ccr1	16	static
../Rte/Rte.c:444:6:Rte_Write_TimH_TimHPort_Tim3Ccr2	16	static
../Rte/Rte.c:449:6:Rte_Write_TimH_TimHPort_Tim3Ccr3	16	static
../Rte/Rte.c:454:6:Rte_Write_TimH_TimHPort_Tim3Ccr4	16	static
../Rte/Rte.c:459:6:Rte_Write_TimH_TimHPort_Tim2Ccr1	16	static
../Rte/Rte.c:464:6:Rte_Write_TimH_TimHPort_Tim2Ccr2	16	static
../Rte/Rte.c:469:6:Rte_Write_TimH_TimHPort_Tim2Ccr3	16	static
../Rte/Rte.c:474:6:Rte_Read_SystemManager_SystemManagerPort_SystemManager_Fault	16	static
../Rte/Rte.c:479:6:Rte_Write_Hvac_HvacPort_Hvac_FanValue	16	static
../Rte/Rte.c:484:6:Rte_Write_Hvac_HvacPort_Hvac_TemperatureValue	16	static
../Rte/Rte.c:489:6:Rte_Write_Hvac_HvacPort_Hvac_LegVent	16	static
../Rte/Rte.c:494:6:Rte_Write_Hvac_HvacPort_Hvac_MidVent	16	static
../Rte/Rte.c:499:6:Rte_Write_Hvac_HvacPort_Hvac_WindshieldVent	16	static
../Rte/Rte.c:504:6:Rte_Write_Hvac_HvacPort_Hvac_WindshieldDefrost	16	static
../Rte/Rte.c:509:6:Rte_Write_Hvac_HvacPort_Hvac_RearWindshieldDefrost	16	static
../Rte/Rte.c:514:6:Rte_Write_Hvac_HvacPort_Hvac_Ac	16	static
../Rte/Rte.c:519:6:Rte_Write_Hvac_HvacPort_Hvac_Recirculation	16	static
../Rte/Rte.c:524:6:Rte_Write_Hvac_HvacPort_Hvac_NoRecirculation	16	static
../Rte/Rte.c:529:6:Rte_Write_Hvac_HvacPort_Hvac_AutomaticMode	16	static
../Rte/Rte.c:534:6:Rte_Write_Hvac_HvacPort_Hvac_AqsState	16	static
../Rte/Rte.c:539:6:Rte_Write_Hvac_HvacPort_Hvac_TsState	16	static
../Rte/Rte.c:544:6:Rte_Read_DiagCtrl_DiagCtrlPort_DiagCtrl_FaultValue	16	static
../Rte/Rte.c:549:6:Rte_Write_DiagCtrl_DiagCtrlPort_DiagCtrl_FaultValue	16	static
../Rte/Rte.c:554:6:Rte_Read_DiagCtrl_DiagCtrlPort_DiagCtrl_RequestValue	16	static
../Rte/Rte.c:559:6:Rte_Write_DiagCtrl_DiagCtrlPort_DiagCtrl_RequestValue	16	static
../Rte/Rte.c:564:6:Rte_Read_SecAlm_SecAlmPort_SecAlm_SensorState	16	static
../Rte/Rte.c:569:6:Rte_Write_SecAlm_SecAlmPort_SecAlm_SensorState	16	static
../Rte/Rte.c:574:6:Rte_Read_ExtLights_ExtLightsPort_ExtLights_LightSensorState	16	static
../Rte/Rte.c:579:6:Rte_Write_ExtLights_ExtLightsPort_ExtLights_LightSensorState	16	static
../Rte/Rte.c:584:6:Rte_Read_SenCtrl_SenCtrlPort_SenCtrl_MeasuredValues	16	static
../Rte/Rte.c:604:6:Rte_Write_SenCtrl_SenCtrlPort_SenCtrl_MeasuredValues	16	static
../Rte/Rte.c:620:6:Rte_Read_Os_OsPort_Os_Pdc_Rear_Counter	16	static
../Rte/Rte.c:625:6:Rte_Write_Os_OsPort_Os_Pdc_Rear_Counter	16	static
../Rte/Rte.c:630:6:Rte_Read_Os_OsPort_Os_Pdc_Front_Counter	16	static
../Rte/Rte.c:635:6:Rte_Write_Os_OsPort_Os_Pdc_Front_Counter	16	static
../Rte/Rte.c:640:6:Rte_Read_Pdc_PdcPort_Pdc_Front_BuzzerOsCounter	16	static
../Rte/Rte.c:645:6:Rte_Write_Pdc_PdcPort_Pdc_Front_BuzzerOsCounter	16	static
../Rte/Rte.c:650:6:Rte_Read_Pdc_PdcPort_Pdc_Rear_BuzzerOsCounter	16	static
../Rte/Rte.c:655:6:Rte_Write_Pdc_PdcPort_Pdc_Rear_BuzzerOsCounter	16	static
../Rte/Rte.c:660:6:Rte_Read_CenLoc_CenLocPort_CenLoc_FollowMeHomeCounter	16	static
../Rte/Rte.c:665:6:Rte_Write_CenLoc_CenLocPort_CenLoc_FollowMeHomeCounter	16	static
../Rte/Rte.c:670:6:Rte_Read_CenLoc_CenLocPort_CenLoc_TurnOnLedCounter	16	static
../Rte/Rte.c:675:6:Rte_Write_CenLoc_CenLocPort_CenLoc_TurnOnLedCounter	16	static
../Rte/Rte.c:680:6:Rte_Read_CenLoc_CenLocPort_CenLoc_CyclicAlarmCounter	16	static
../Rte/Rte.c:685:6:Rte_Write_CenLoc_CenLocPort_CenLoc_CyclicAlarmCounter	16	static
../Rte/Rte.c:690:6:Rte_Read_CenLoc_CenLocPort_CenLoc_BlinkCounter	16	static
../Rte/Rte.c:695:6:Rte_Write_CenLoc_CenLocPort_CenLoc_BlinkCounter	16	static
../Rte/Rte.c:700:6:Rte_Read_Os_R_OsPort_Os_LockUnlockSequence_Counter	16	static
../Rte/Rte.c:705:6:Rte_Read_Os_R_OsPort_Os_TurnOnCyclic_Counter	16	static
../Rte/Rte.c:710:6:Rte_Read_Os_R_OsPort_Os_TurnOnLed_Counter	16	static
../Rte/Rte.c:715:6:Rte_Read_Os_R_OsPort_Os_FollowMeHome_Counter	16	static
../Rte/Rte.c:720:6:Rte_Read_Os_R_OsPort_Os_Lts_Counter	16	static
../Rte/Rte.c:725:6:Rte_Read_Os_R_OsPort_Os_Rts_Counter	16	static
../Rte/Rte.c:730:6:Rte_Read_Os_R_OsPort_Os_HL_Counter	16	static
../Rte/Rte.c:735:6:Rte_Read_Os_R_OsPort_Os_Alarm_Counter	16	static
../Rte/Rte.c:740:6:Rte_Write_Os_R_OsPort_Os_LockUnlockSequence_Counter	16	static
../Rte/Rte.c:745:6:Rte_Write_Os_R_OsPort_Os_TurnOnCyclic_Counter	16	static
../Rte/Rte.c:750:6:Rte_Write_Os_R_OsPort_Os_TurnOnLed_Counter	16	static
../Rte/Rte.c:755:6:Rte_Write_Os_R_OsPort_Os_FollowMeHome_Counter	16	static
../Rte/Rte.c:760:6:Rte_Write_Os_R_OsPort_Os_Lts_Counter	16	static
../Rte/Rte.c:765:6:Rte_Write_Os_R_OsPort_Os_Rts_Counter	16	static
../Rte/Rte.c:770:6:Rte_Write_Os_R_OsPort_Os_HL_Counter	16	static
../Rte/Rte.c:775:6:Rte_Write_Os_R_OsPort_Os_Alarm_Counter	16	static
../Rte/Rte.c:780:6:Rte_Runnable_EcuM_MainFunction	8	static
../Rte/Rte.c:785:6:Rte_Runnable_SystemManager_MainFunction	8	static
../Rte/Rte.c:790:6:Rte_Runnable_Crc_MainFunction	8	static
../Rte/Rte.c:795:6:Rte_Runnable_Wdg_MainFunction	8	static
../Rte/Rte.c:800:6:Rte_Runnable_Adc_MainFunction	8	static
../Rte/Rte.c:805:6:Rte_Runnable_Tim_MainFunction	8	static
../Rte/Rte.c:810:6:Rte_Runnable_Uart_MainFunction	8	static
../Rte/Rte.c:815:6:Rte_Call_Tim_R_TimPort_HAL_TIM_PWM_Start_IT	16	static
../Rte/Rte.c:820:6:Rte_Call_Tim_R_TimPort_HAL_TIM_PWM_Stop_IT	16	static
../Rte/Rte.c:825:6:Rte_Write_Btc_BtcPort_Btc_RxData	16	static
../Rte/Rte.c:830:6:Rte_Write_Btc_BtcPort_Btc_RxCount	16	static
../Rte/Rte.c:835:6:Rte_Write_Btc_BtcPort_Btc_DataBuffer	16	static
../Rte/Rte.c:840:6:Rte_Read_Adc_AdcPort_Adc_ChannelOne_Buffer	16	static
../Rte/Rte.c:845:6:Rte_Write_Btc_BtcPort_Btc_ReceivedDataOnBluetooth	16	static
../Rte/Rte.c:850:6:Rte_Write_CenLoc_CenLocPort_CenLoc_CurrentState	16	static
../Rte/Rte.c:855:6:Rte_Write_CenLoc_CenLocPort_CenLoc_PreviousState	16	static
../Rte/Rte.c:860:6:Rte_Write_CenLoc_CenLocPort_CenLoc_FollowMeHomeState	16	static
../Rte/Rte.c:865:6:Rte_Write_CenLoc_CenLocPort_CenLoc_BlinkState	16	static
../Rte/Rte.c:870:6:Rte_Write_CenLoc_CenLocPort_CenLoc_PreviousStateFlag	16	static
../Rte/Rte.c:875:6:Rte_Write_ExtLights_ExtLightsPort_ExtLights_ReverseLight_CurrentState	16	static
../Rte/Rte.c:880:6:Rte_Write_ExtLights_ExtLightsPort_ExtLights_BrakeLight_CurrentState	16	static
../Rte/Rte.c:885:6:Rte_Write_ExtLights_ExtLightsPort_ExtLights_LightsSwitch_CurrentState	16	static
../Rte/Rte.c:890:6:Rte_Write_ExtLights_ExtLightsPort_ExtLights_HighBeam_CurrentState	16	static
../Rte/Rte.c:895:6:Rte_Write_ExtLights_ExtLightsPort_ExtLights_FrontFogLight_CurrentState	16	static
../Rte/Rte.c:900:6:Rte_Write_ExtLights_ExtLightsPort_ExtLights_TurnSignalLeft_CurrentState	16	static
../Rte/Rte.c:905:6:Rte_Write_ExtLights_ExtLightsPort_ExtLights_TurnSignalRight_CurrentState	16	static
../Rte/Rte.c:910:6:Rte_Write_ExtLights_ExtLightsPort_ExtLights_HazardLight_CurrentState	16	static
../Rte/Rte.c:915:6:Rte_Write_ExtLights_ExtLightsPort_ExtLights_RearFogLight_CurrentState	16	static
../Rte/Rte.c:920:6:Rte_Write_ExtLights_ExtLightsPort_ExtLights_RTS_PrevState	16	static
../Rte/Rte.c:925:6:Rte_Write_ExtLights_ExtLightsPort_ExtLights_LTS_PrevState	16	static
../Rte/Rte.c:930:6:Rte_Write_ExtLights_ExtLightsPort_ExtLights_HL_PrevState	16	static
../Rte/Rte.c:935:6:Rte_Write_ExtLights_ExtLightsPort_ExtLights_RTSFlag	16	static
../Rte/Rte.c:940:6:Rte_Write_ExtLights_ExtLightsPort_ExtLights_LTSFlag	16	static
../Rte/Rte.c:945:6:Rte_Write_ExtLights_ExtLightsPort_ExtLights_HLFlag	16	static
../Rte/Rte.c:950:6:Rte_Write_IntLights_IntLightsPort_IntLights_CurrentState	16	static
../Rte/Rte.c:955:6:Rte_Write_SecAlm_SecAlmPort_SecAlm_Trigger	16	static
../Rte/Rte.c:960:6:Rte_Write_SecAlm_SecAlmPort_SecAlm_PinStateChange	16	static
../Rte/Rte.c:965:6:Rte_Write_SecAlm_SecAlmPort_SecAlm_TriggerIRQCounterForTimer4	16	static
../Rte/Rte.c:970:6:Rte_Write_SecAlm_SecAlmPort_SecAlm_SensorStatusCounter	16	static
../Rte/Rte.c:975:6:Rte_Write_SecAlm_SecAlmPort_SecAlm_SensorStatus	16	static
../Rte/Rte.c:980:6:Rte_Runnable_Btc_MainFunction	8	static
../Rte/Rte.c:985:6:Rte_Runnable_CenLoc_MainFunction	8	static
../Rte/Rte.c:990:6:Rte_Runnable_ExtLights_MainFunction	8	static
../Rte/Rte.c:995:6:Rte_Runnable_IntLights_MainFunction	8	static
../Rte/Rte.c:1000:6:Rte_Runnable_SecAlm_MainFunction	8	static
../Rte/Rte.c:1005:6:Rte_Read_Btc_BtcPort_Btc_ReceivedDataOnBluetooth	16	static
../Rte/Rte.c:1010:6:Rte_Read_Btc_BtcPort_Btc_CenLoc	16	static
../Rte/Rte.c:1015:6:Rte_Read_CenLoc_CenLocPort_CenLoc_CurrentState	16	static
../Rte/Rte.c:1020:6:Rte_Read_CenLoc_CenLocPort_CenLoc_PreviousState	16	static
../Rte/Rte.c:1025:6:Rte_Read_CenLoc_CenLocPort_CenLoc_FollowMeHomeState	16	static
../Rte/Rte.c:1030:6:Rte_Read_CenLoc_CenLocPort_CenLoc_BlinkState	16	static
../Rte/Rte.c:1035:6:Rte_Read_CenLoc_CenLocPort_CenLoc_PreviousStateFlag	16	static
../Rte/Rte.c:1040:6:Rte_Read_ExtLights_ExtLightsPort_ExtLights_ReverseLight_CurrentState	16	static
../Rte/Rte.c:1045:6:Rte_Read_ExtLights_ExtLightsPort_ExtLights_BrakeLight_CurrentState	16	static
../Rte/Rte.c:1050:6:Rte_Read_ExtLights_ExtLightsPort_ExtLights_LightsSwitch_CurrentState	16	static
../Rte/Rte.c:1055:6:Rte_Read_ExtLights_ExtLightsPort_ExtLights_HighBeam_CurrentState	16	static
../Rte/Rte.c:1060:6:Rte_Read_ExtLights_ExtLightsPort_ExtLights_FrontFogLight_CurrentState	16	static
../Rte/Rte.c:1065:6:Rte_Read_ExtLights_ExtLightsPort_ExtLights_TurnSignalLeft_CurrentState	16	static
../Rte/Rte.c:1070:6:Rte_Read_ExtLights_ExtLightsPort_ExtLights_TurnSignalRight_CurrentState	16	static
../Rte/Rte.c:1075:6:Rte_Read_ExtLights_ExtLightsPort_ExtLights_HazardLight_CurrentState	16	static
../Rte/Rte.c:1080:6:Rte_Read_ExtLights_ExtLightsPort_ExtLights_RearFogLight_CurrentState	16	static
../Rte/Rte.c:1085:6:Rte_Read_Btc_BtcPort_Btc_LightSwitch	16	static
../Rte/Rte.c:1090:6:Rte_Read_Btc_BtcPort_Btc_HighBeam	16	static
../Rte/Rte.c:1095:6:Rte_Read_Btc_BtcPort_Btc_FlashHighBeam	16	static
../Rte/Rte.c:1100:6:Rte_Read_Btc_BtcPort_Btc_FrontFogLight	16	static
../Rte/Rte.c:1105:6:Rte_Read_Btc_BtcPort_Btc_TurnSignalLeft	16	static
../Rte/Rte.c:1110:6:Rte_Read_Btc_BtcPort_Btc_TurnSignalRight	16	static
../Rte/Rte.c:1115:6:Rte_Read_Btc_BtcPort_Btc_HazardLight	16	static
../Rte/Rte.c:1120:6:Rte_Read_Btc_BtcPort_Btc_BrakeLight	16	static
../Rte/Rte.c:1125:6:Rte_Read_Btc_BtcPort_Btc_RearFogLight	16	static
../Rte/Rte.c:1130:6:Rte_Read_Btc_BtcPort_Btc_ReverseLight	16	static
../Rte/Rte.c:1135:6:Rte_Read_ExtLights_ExtLightsPort_ExtLights_RTS_PrevState	16	static
../Rte/Rte.c:1140:6:Rte_Read_ExtLights_ExtLightsPort_ExtLights_LTS_PrevState	16	static
../Rte/Rte.c:1145:6:Rte_Read_ExtLights_ExtLightsPort_ExtLights_HL_PrevState	16	static
../Rte/Rte.c:1150:6:Rte_Read_ExtLights_ExtLightsPort_ExtLights_RTSFlag	16	static
../Rte/Rte.c:1155:6:Rte_Read_ExtLights_ExtLightsPort_ExtLights_LTSFlag	16	static
../Rte/Rte.c:1160:6:Rte_Read_ExtLights_ExtLightsPort_ExtLights_HLFlag	16	static
../Rte/Rte.c:1165:6:Rte_Read_IntLights_IntLightsPort_IntLights_CurrentState	16	static
../Rte/Rte.c:1170:6:Rte_Read_Btc_BtcPort_Btc_IntLights	16	static
../Rte/Rte.c:1175:6:Rte_Read_SecAlm_SecAlmPort_SecAlm_Trigger	16	static
../Rte/Rte.c:1180:6:Rte_Read_SecAlm_SecAlmPort_SecAlm_PinStateChange	16	static
../Rte/Rte.c:1185:6:Rte_Read_SecAlm_SecAlmPort_SecAlm_TriggerIRQCounterForTimer4	16	static
../Rte/Rte.c:1190:6:Rte_Read_SecAlm_SecAlmPort_SecAlm_SensorStatusCounter	16	static
../Rte/Rte.c:1195:6:Rte_Read_SecAlm_SecAlmPort_SecAlm_SensorStatus	16	static
../Rte/Rte.c:1200:6:Rte_Call_Uart_R_UartPort_HAL_UART_Receive_IT	24	static
../Rte/Rte.c:1205:6:Rte_Call_Tim_R_TimPort_HAL_TIM_Base_Init	16	static
../Rte/Rte.c:1210:6:Rte_Call_Tim_R_TimPort_HAL_TIM_Base_Start_IT	16	static
../Rte/Rte.c:1215:6:Rte_Call_Tim_R_TimPort_HAL_TIM_Base_Stop_IT	16	static
../Rte/Rte.c:1220:6:Rte_Call_Gpio_R_GpioPort_HAL_GPIO_WritePin	16	static
../Rte/Rte.c:1225:6:Rte_Call_ADC_R_ADCPort_HAL_ADC_Start_DMA	24	static
../Rte/Rte.c:1230:6:Rte_Call_SysTick_R_SysTickPort_HAL_GetTick	8	static
../Rte/Rte.c:1235:6:Rte_Call_OsTimer_R_OsTimerPort_OsTimerStart	16	static
../Rte/Rte.c:1240:6:Rte_Call_OsTimer_R_OsTimerPort_OsTimerStop	16	static
../Rte/Rte.c:1245:6:Rte_Runnable_DiagCtrl_MainFunction	8	static
../Rte/Rte.c:1250:6:Rte_Runnable_Hvac_MainFunction	8	static
../Rte/Rte.c:1255:6:Rte_Runnable_Pdc_MainFunction	8	static
../Rte/Rte.c:1260:6:Rte_Runnable_Can_MainFunction	8	static
../Rte/Rte.c:1265:6:Rte_Runnable_I2c_MainFunction	8	static
../Rte/Rte.c:1270:6:Rte_Runnable_Dem_MainFunction	8	static
../Rte/Rte.c:1275:6:Rte_Runnable_Spi_MainFunction	8	static
