../Rte/RTE.c:111:6:Rte_Runnable_EcuM_MainFunction	8	static
../Rte/RTE.c:118:6:Rte_Runnable_SystemManager_MainFunction	8	static
../Rte/RTE.c:125:6:Rte_Runnable_Crc_MainFunction	8	static
../Rte/RTE.c:132:6:Rte_Runnable_Wdg_MainFunction	8	static
../Rte/RTE.c:139:6:Rte_Runnable_Adc_MainFunction	8	static
../Rte/RTE.c:146:6:Rte_Runnable_Spi_MainFunction	4	static
../Rte/RTE.c:153:6:Rte_Runnable_Tim_MainFunction	8	static
../Rte/RTE.c:160:6:Rte_Runnable_Uart_MainFunction	8	static
../Rte/RTE.c:167:15:Rte_Write_Btc_BtcPort_Btc_RxData	16	static
../Rte/RTE.c:190:15:Rte_Write_Btc_BtcPort_Btc_RxCount	16	static
../Rte/RTE.c:213:15:Rte_Write_Btc_BtcPort_Btc_DataBuffer	16	static
../Rte/RTE.c:236:15:Rte_Read_Adc_AdcPort_Adc_ChannelOne_Buffer	16	static
../Rte/RTE.c:259:15:Rte_Write_Btc_BtcPort_Btc_ReceivedDataOnBluetooth	16	static
../Rte/RTE.c:282:15:Rte_Write_CenLoc_CenLocPort_CenLoc_CurrentState	16	static
../Rte/RTE.c:305:15:Rte_Write_CenLoc_CenLocPort_CenLoc_PreviousState	16	static
../Rte/RTE.c:328:15:Rte_Write_CenLoc_CenLocPort_CenLoc_FollowMeHomeState	16	static
../Rte/RTE.c:351:15:Rte_Write_CenLoc_CenLocPort_CenLoc_BlinkState	16	static
../Rte/RTE.c:374:15:Rte_Write_CenLoc_CenLocPort_CenLoc_Tim2IRQFlag	16	static
../Rte/RTE.c:397:15:Rte_Write_CenLoc_CenLocPort_CenLoc_Tim3IRQFlag	16	static
../Rte/RTE.c:420:15:Rte_Write_CenLoc_CenLocPort_CenLoc_Tim5IRQFlag	16	static
../Rte/RTE.c:443:15:Rte_Write_CenLoc_CenLocPort_CenLoc_Tim11IRQFlag	16	static
../Rte/RTE.c:466:15:Rte_Write_CenLoc_CenLocPort_CenLoc_PreviousStateFlag	16	static
../Rte/RTE.c:489:15:Rte_Write_ExtLights_ExtLightsPort_ExtLights_ReverseLight_CurrentState	16	static
../Rte/RTE.c:512:15:Rte_Write_ExtLights_ExtLightsPort_ExtLights_FlashHighBeam_CurrentState	16	static
../Rte/RTE.c:535:15:Rte_Write_ExtLights_ExtLightsPort_ExtLights_BrakeLight_CurrentState	16	static
../Rte/RTE.c:558:15:Rte_Write_ExtLights_ExtLightsPort_ExtLights_LightsSwitch_CurrentState	16	static
../Rte/RTE.c:581:15:Rte_Write_ExtLights_ExtLightsPort_ExtLights_HighBeam_CurrentState	16	static
../Rte/RTE.c:604:15:Rte_Write_ExtLights_ExtLightsPort_ExtLights_FrontFogLight_CurrentState	16	static
../Rte/RTE.c:627:15:Rte_Write_ExtLights_ExtLightsPort_ExtLights_TurnSignalLeft_CurrentState	16	static
../Rte/RTE.c:650:15:Rte_Write_ExtLights_ExtLightsPort_ExtLights_TurnSignalRight_CurrentState	16	static
../Rte/RTE.c:673:15:Rte_Write_ExtLights_ExtLightsPort_ExtLights_HazardLight_CurrentState	16	static
../Rte/RTE.c:696:15:Rte_Write_ExtLights_ExtLightsPort_ExtLights_RearFogLight_CurrentState	16	static
../Rte/RTE.c:719:15:Rte_Write_ExtLights_ExtLightsPort_ExtLights_RTS_PrevState	16	static
../Rte/RTE.c:742:15:Rte_Write_ExtLights_ExtLightsPort_ExtLights_LTS_PrevState	16	static
../Rte/RTE.c:765:15:Rte_Write_ExtLights_ExtLightsPort_ExtLights_HL_PrevState	16	static
../Rte/RTE.c:788:15:Rte_Write_ExtLights_ExtLightsPort_ExtLights_RTSFlag	16	static
../Rte/RTE.c:811:15:Rte_Write_ExtLights_ExtLightsPort_ExtLights_LTSFlag	16	static
../Rte/RTE.c:834:15:Rte_Write_ExtLights_ExtLightsPort_ExtLights_HLFlag	16	static
../Rte/RTE.c:857:15:Rte_Write_IntLights_IntLightsPort_IntLights_CurrentState	16	static
../Rte/RTE.c:880:15:Rte_Write_IntLights_IntLightsPort_IntLights_StateFlag	16	static
../Rte/RTE.c:903:15:Rte_Write_SecAlm_SecAlmPort_SecAlm_Trigger	16	static
../Rte/RTE.c:926:15:Rte_Write_SecAlm_SecAlmPort_SecAlm_PinStateChange	16	static
../Rte/RTE.c:949:15:Rte_Write_SecAlm_SecAlmPort_SecAlm_TriggerIRQCounterForTimer4	16	static
../Rte/RTE.c:972:15:Rte_Write_SecAlm_SecAlmPort_SecAlm_SensorStatusCounter	16	static
../Rte/RTE.c:995:15:Rte_Write_SecAlm_SecAlmPort_SecAlm_SensorStatus	16	static
../Rte/RTE.c:1018:6:Rte_Runnable_Btc_MainFunction	8	static
../Rte/RTE.c:1025:6:Rte_Runnable_CenLoc_MainFunction	8	static
../Rte/RTE.c:1032:6:Rte_Runnable_ExtLights_MainFunction	8	static
../Rte/RTE.c:1039:6:Rte_Runnable_IntLights_MainFunction	8	static
../Rte/RTE.c:1046:6:Rte_Runnable_SecAlm_MainFunction	8	static
../Rte/RTE.c:1053:15:Rte_Read_Btc_BtcPort_Btc_ReceivedDataOnBluetooth	16	static
../Rte/RTE.c:1076:15:Rte_Read_Btc_BtcPort_Btc_CenLoc	16	static
../Rte/RTE.c:1099:15:Rte_Read_CenLoc_CenLocPort_CenLoc_CurrentState	16	static
../Rte/RTE.c:1122:15:Rte_Read_CenLoc_CenLocPort_CenLoc_PreviousState	16	static
../Rte/RTE.c:1145:15:Rte_Read_CenLoc_CenLocPort_CenLoc_FollowMeHomeState	16	static
../Rte/RTE.c:1168:15:Rte_Read_CenLoc_CenLocPort_CenLoc_BlinkState	16	static
../Rte/RTE.c:1191:15:Rte_Read_CenLoc_CenLocPort_CenLoc_Tim2IRQFlag	16	static
../Rte/RTE.c:1214:15:Rte_Read_CenLoc_CenLocPort_CenLoc_Tim3IRQFlag	16	static
../Rte/RTE.c:1237:15:Rte_Read_CenLoc_CenLocPort_CenLoc_Tim5IRQFlag	16	static
../Rte/RTE.c:1260:15:Rte_Read_CenLoc_CenLocPort_CenLoc_Tim11IRQFlag	16	static
../Rte/RTE.c:1283:15:Rte_Read_CenLoc_CenLocPort_CenLoc_PreviousStateFlag	16	static
../Rte/RTE.c:1306:15:Rte_Read_ExtLights_ExtLightsPort_ExtLights_ReverseLight_CurrentState	16	static
../Rte/RTE.c:1329:15:Rte_Read_ExtLights_ExtLightsPort_ExtLights_FlashHighBeam_CurrentState	16	static
../Rte/RTE.c:1352:15:Rte_Read_ExtLights_ExtLightsPort_ExtLights_BrakeLight_CurrentState	16	static
../Rte/RTE.c:1375:15:Rte_Read_ExtLights_ExtLightsPort_ExtLights_LightsSwitch_CurrentState	16	static
../Rte/RTE.c:1398:15:Rte_Read_ExtLights_ExtLightsPort_ExtLights_HighBeam_CurrentState	16	static
../Rte/RTE.c:1421:15:Rte_Read_ExtLights_ExtLightsPort_ExtLights_FrontFogLight_CurrentState	16	static
../Rte/RTE.c:1444:15:Rte_Read_ExtLights_ExtLightsPort_ExtLights_TurnSignalLeft_CurrentState	16	static
../Rte/RTE.c:1467:15:Rte_Read_ExtLights_ExtLightsPort_ExtLights_TurnSignalRight_CurrentState	16	static
../Rte/RTE.c:1490:15:Rte_Read_ExtLights_ExtLightsPort_ExtLights_HazardLight_CurrentState	16	static
../Rte/RTE.c:1513:15:Rte_Read_ExtLights_ExtLightsPort_ExtLights_RearFogLight_CurrentState	16	static
../Rte/RTE.c:1536:15:Rte_Read_Btc_BtcPort_Btc_LightSwitch	16	static
../Rte/RTE.c:1559:15:Rte_Read_Btc_BtcPort_Btc_HighBeam	16	static
../Rte/RTE.c:1582:15:Rte_Read_Btc_BtcPort_Btc_FlashHighBeam	16	static
../Rte/RTE.c:1605:15:Rte_Read_Btc_BtcPort_Btc_FrontFogLight	16	static
../Rte/RTE.c:1628:15:Rte_Read_Btc_BtcPort_Btc_TurnSignalLeft	16	static
../Rte/RTE.c:1651:15:Rte_Read_Btc_BtcPort_Btc_TurnSignalRight	16	static
../Rte/RTE.c:1674:15:Rte_Read_Btc_BtcPort_Btc_HazardLight	16	static
../Rte/RTE.c:1697:15:Rte_Read_Btc_BtcPort_Btc_BrakeLight	16	static
../Rte/RTE.c:1720:15:Rte_Read_Btc_BtcPort_Btc_RearFogLight	16	static
../Rte/RTE.c:1743:15:Rte_Read_Btc_BtcPort_Btc_ReverseLight	16	static
../Rte/RTE.c:1766:15:Rte_Read_ExtLights_ExtLightsPort_ExtLights_RTS_PrevState	16	static
../Rte/RTE.c:1789:15:Rte_Read_ExtLights_ExtLightsPort_ExtLights_LTS_PrevState	16	static
../Rte/RTE.c:1812:15:Rte_Read_ExtLights_ExtLightsPort_ExtLights_HL_PrevState	16	static
../Rte/RTE.c:1835:15:Rte_Read_ExtLights_ExtLightsPort_ExtLights_RTSFlag	16	static
../Rte/RTE.c:1858:15:Rte_Read_ExtLights_ExtLightsPort_ExtLights_LTSFlag	16	static
../Rte/RTE.c:1881:15:Rte_Read_ExtLights_ExtLightsPort_ExtLights_HLFlag	16	static
../Rte/RTE.c:1904:15:Rte_Read_IntLights_IntLightsPort_IntLights_CurrentState	16	static
../Rte/RTE.c:1927:15:Rte_Read_IntLights_IntLightsPort_IntLights_StateFlag	16	static
../Rte/RTE.c:1950:15:Rte_Read_Btc_BtcPort_Btc_IntLights	16	static
../Rte/RTE.c:1973:15:Rte_Read_SecAlm_SecAlmPort_SecAlm_Trigger	16	static
../Rte/RTE.c:1996:15:Rte_Read_SecAlm_SecAlmPort_SecAlm_PinStateChange	16	static
../Rte/RTE.c:2019:15:Rte_Read_SecAlm_SecAlmPort_SecAlm_TriggerIRQCounterForTimer4	16	static
../Rte/RTE.c:2042:15:Rte_Read_SecAlm_SecAlmPort_SecAlm_SensorStatusCounter	16	static
../Rte/RTE.c:2065:15:Rte_Read_SecAlm_SecAlmPort_SecAlm_SensorStatus	16	static
../Rte/RTE.c:2088:15:Rte_Call_Uart_R_UartPort_HAL_UART_Receive_IT	24	static
../Rte/RTE.c:2097:15:Rte_Call_Tim_R_TimPort_HAL_TIM_Base_Init	16	static
../Rte/RTE.c:2106:15:Rte_Call_Tim_R_TimPort_HAL_TIM_Base_Start_IT	16	static
../Rte/RTE.c:2115:15:Rte_Call_Tim_R_TimPort_HAL_TIM_Base_Stop_IT	16	static
../Rte/RTE.c:2124:15:Rte_Call_Gpio_R_GpioPort_HAL_GPIO_WritePin	16	static
../Rte/RTE.c:2133:15:Rte_Call_ADC_R_ADCPort_HAL_ADC_Start_DMA	24	static
../Rte/RTE.c:2142:15:Rte_Call_SysTick_R_SysTickPort_HAL_GetTick	8	static
../Rte/RTE.c:2151:15:Rte_Call_OsTimer_R_OsTimerPort_OsTimerStart	16	static
../Rte/RTE.c:2160:15:Rte_Write_TimH_TimHPort_Timer2Counter_ExtLights_LTSFlag	16	static
../Rte/RTE.c:2183:15:Rte_Write_TimH_TimHPort_Timer2Counter_ExtLights_RTSFlag	16	static
../Rte/RTE.c:2205:15:Rte_Write_TimH_TimHPort_Timer2Counter_ExtLights_HLFlag	16	static
../Rte/RTE.c:2227:15:Rte_Write_TimH_TimHPort_Timer2Counter_CenLoc_Tim2IRQFlag	16	static
../Rte/RTE.c:2249:15:Rte_Write_TimH_TimHPort_Timer5Counter_CenLoc_Tim5IRQFlag	16	static
../Rte/RTE.c:2271:15:Rte_Write_TimH_TimHPort_Timer3Counter_CenLoc_Tim3IRQFlag	16	static
../Rte/RTE.c:2293:15:Rte_Write_TimH_TimHPort_Timer11Counter_CenLoc_Tim11IRQFlag	16	static
../Rte/RTE.c:2316:15:Rte_Call_OsTimer_R_OsTimerPort_OsTimerStop	16	static
