../Rte/Rte.c:351:6:Rte_Write_TimH_TimHPort_Tim3Ccr1	16	static
../Rte/Rte.c:356:6:Rte_Write_TimH_TimHPort_Tim3Ccr2	16	static
../Rte/Rte.c:361:6:Rte_Write_TimH_TimHPort_Tim3Ccr3	16	static
../Rte/Rte.c:366:6:Rte_Write_TimH_TimHPort_Tim3Ccr4	16	static
../Rte/Rte.c:371:6:Rte_Write_TimH_TimHPort_Tim2Ccr1	16	static
../Rte/Rte.c:376:6:Rte_Write_TimH_TimHPort_Tim2Ccr2	16	static
../Rte/Rte.c:381:6:Rte_Write_TimH_TimHPort_Tim2Ccr3	16	static
../Rte/Rte.c:386:6:Rte_Read_SystemManager_SystemManagerPort_SystemManager_Fault	16	static
../Rte/Rte.c:391:6:Rte_Read_DiagCtrl_DiagCtrlPort_DiagCtrl_FaultValue	16	static
../Rte/Rte.c:396:6:Rte_Write_DiagCtrl_DiagCtrlPort_DiagCtrl_FaultValue	16	static
../Rte/Rte.c:401:6:Rte_Read_DiagCtrl_DiagCtrlPort_DiagCtrl_RequestValue	16	static
../Rte/Rte.c:406:6:Rte_Write_DiagCtrl_DiagCtrlPort_DiagCtrl_RequestValue	16	static
../Rte/Rte.c:411:6:Rte_Read_SecAlm_SecAlmPort_SecAlm_SensorState	16	static
../Rte/Rte.c:416:6:Rte_Write_SecAlm_SecAlmPort_SecAlm_SensorState	16	static
../Rte/Rte.c:421:6:Rte_Read_ExtLights_ExtLightsPort_ExtLights_LightSensorState	16	static
../Rte/Rte.c:426:6:Rte_Write_ExtLights_ExtLightsPort_ExtLights_LightSensorState	16	static
../Rte/Rte.c:431:6:Rte_Read_SenCtrl_SenCtrlPort_SenCtrl_MeasuredValues	16	static
../Rte/Rte.c:437:6:Rte_Write_SenCtrl_SenCtrlPort_SenCtrl_MeasuredValues	16	static
../Rte/Rte.c:443:6:Rte_Read_Os_OsPort_Os_Pdc_Rear_Counter	16	static
../Rte/Rte.c:448:6:Rte_Write_Os_OsPort_Os_Pdc_Rear_Counter	16	static
../Rte/Rte.c:453:6:Rte_Read_Os_OsPort_Os_Pdc_Front_Counter	16	static
../Rte/Rte.c:458:6:Rte_Write_Os_OsPort_Os_Pdc_Front_Counter	16	static
../Rte/Rte.c:463:6:Rte_Read_Pdc_PdcPort_Pdc_Front_BuzzerOsCounter	16	static
../Rte/Rte.c:468:6:Rte_Write_Pdc_PdcPort_Pdc_Front_BuzzerOsCounter	16	static
../Rte/Rte.c:473:6:Rte_Read_Pdc_PdcPort_Pdc_Rear_BuzzerOsCounter	16	static
../Rte/Rte.c:478:6:Rte_Write_Pdc_PdcPort_Pdc_Rear_BuzzerOsCounter	16	static
../Rte/Rte.c:483:6:Rte_Read_CenLoc_CenLocPort_CenLoc_FollowMeHomeCounter	16	static
../Rte/Rte.c:488:6:Rte_Write_CenLoc_CenLocPort_CenLoc_FollowMeHomeCounter	16	static
../Rte/Rte.c:493:6:Rte_Read_CenLoc_CenLocPort_CenLoc_TurnOnLedCounter	16	static
../Rte/Rte.c:498:6:Rte_Write_CenLoc_CenLocPort_CenLoc_TurnOnLedCounter	16	static
../Rte/Rte.c:503:6:Rte_Read_CenLoc_CenLocPort_CenLoc_CyclicAlarmCounter	16	static
../Rte/Rte.c:508:6:Rte_Write_CenLoc_CenLocPort_CenLoc_CyclicAlarmCounter	16	static
../Rte/Rte.c:513:6:Rte_Read_CenLoc_CenLocPort_CenLoc_BlinkCounter	16	static
../Rte/Rte.c:518:6:Rte_Write_CenLoc_CenLocPort_CenLoc_BlinkCounter	16	static
../Rte/Rte.c:523:6:Rte_Read_Os_R_OsPort_Os_LockUnlockSequence_Counter	16	static
../Rte/Rte.c:528:6:Rte_Read_Os_R_OsPort_Os_TurnOnCyclic_Counter	16	static
../Rte/Rte.c:533:6:Rte_Read_Os_R_OsPort_Os_TurnOnLed_Counter	16	static
../Rte/Rte.c:538:6:Rte_Read_Os_R_OsPort_Os_FollowMeHome_Counter	16	static
../Rte/Rte.c:543:6:Rte_Read_Os_R_OsPort_Os_Lts_Counter	16	static
../Rte/Rte.c:548:6:Rte_Read_Os_R_OsPort_Os_Rts_Counter	16	static
../Rte/Rte.c:553:6:Rte_Read_Os_R_OsPort_Os_HL_Counter	16	static
../Rte/Rte.c:558:6:Rte_Read_Os_R_OsPort_Os_Alarm_Counter	16	static
../Rte/Rte.c:563:6:Rte_Write_Os_R_OsPort_Os_LockUnlockSequence_Counter	16	static
../Rte/Rte.c:568:6:Rte_Write_Os_R_OsPort_Os_TurnOnCyclic_Counter	16	static
../Rte/Rte.c:573:6:Rte_Write_Os_R_OsPort_Os_TurnOnLed_Counter	16	static
../Rte/Rte.c:578:6:Rte_Write_Os_R_OsPort_Os_FollowMeHome_Counter	16	static
../Rte/Rte.c:583:6:Rte_Write_Os_R_OsPort_Os_Lts_Counter	16	static
../Rte/Rte.c:588:6:Rte_Write_Os_R_OsPort_Os_Rts_Counter	16	static
../Rte/Rte.c:593:6:Rte_Write_Os_R_OsPort_Os_HL_Counter	16	static
../Rte/Rte.c:598:6:Rte_Write_Os_R_OsPort_Os_Alarm_Counter	16	static
../Rte/Rte.c:603:6:Rte_Runnable_EcuM_MainFunction	8	static
../Rte/Rte.c:608:6:Rte_Runnable_SystemManager_MainFunction	8	static
../Rte/Rte.c:613:6:Rte_Runnable_Crc_MainFunction	8	static
../Rte/Rte.c:618:6:Rte_Runnable_Wdg_MainFunction	8	static
../Rte/Rte.c:623:6:Rte_Runnable_Adc_MainFunction	8	static
../Rte/Rte.c:628:6:Rte_Runnable_Tim_MainFunction	8	static
../Rte/Rte.c:633:6:Rte_Runnable_Uart_MainFunction	8	static
../Rte/Rte.c:638:6:Rte_Call_Tim_R_TimPort_HAL_TIM_PWM_Start_IT	16	static
../Rte/Rte.c:643:6:Rte_Call_Tim_R_TimPort_HAL_TIM_PWM_Stop_IT	16	static
../Rte/Rte.c:648:6:Rte_Write_Btc_BtcPort_Btc_RxData	16	static
../Rte/Rte.c:653:6:Rte_Write_Btc_BtcPort_Btc_RxCount	16	static
../Rte/Rte.c:658:6:Rte_Write_Btc_BtcPort_Btc_DataBuffer	16	static
../Rte/Rte.c:663:6:Rte_Read_Adc_AdcPort_Adc_ChannelOne_Buffer	16	static
../Rte/Rte.c:668:6:Rte_Write_Btc_BtcPort_Btc_ReceivedDataOnBluetooth	16	static
../Rte/Rte.c:673:6:Rte_Write_CenLoc_CenLocPort_CenLoc_CurrentState	16	static
../Rte/Rte.c:678:6:Rte_Write_CenLoc_CenLocPort_CenLoc_PreviousState	16	static
../Rte/Rte.c:683:6:Rte_Write_CenLoc_CenLocPort_CenLoc_FollowMeHomeState	16	static
../Rte/Rte.c:688:6:Rte_Write_CenLoc_CenLocPort_CenLoc_BlinkState	16	static
../Rte/Rte.c:693:6:Rte_Write_CenLoc_CenLocPort_CenLoc_PreviousStateFlag	16	static
../Rte/Rte.c:698:6:Rte_Write_ExtLights_ExtLightsPort_ExtLights_ReverseLight_CurrentState	16	static
../Rte/Rte.c:703:6:Rte_Write_ExtLights_ExtLightsPort_ExtLights_BrakeLight_CurrentState	16	static
../Rte/Rte.c:708:6:Rte_Write_ExtLights_ExtLightsPort_ExtLights_LightsSwitch_CurrentState	16	static
../Rte/Rte.c:713:6:Rte_Write_ExtLights_ExtLightsPort_ExtLights_HighBeam_CurrentState	16	static
../Rte/Rte.c:718:6:Rte_Write_ExtLights_ExtLightsPort_ExtLights_FrontFogLight_CurrentState	16	static
../Rte/Rte.c:723:6:Rte_Write_ExtLights_ExtLightsPort_ExtLights_TurnSignalLeft_CurrentState	16	static
../Rte/Rte.c:728:6:Rte_Write_ExtLights_ExtLightsPort_ExtLights_TurnSignalRight_CurrentState	16	static
../Rte/Rte.c:733:6:Rte_Write_ExtLights_ExtLightsPort_ExtLights_HazardLight_CurrentState	16	static
../Rte/Rte.c:738:6:Rte_Write_ExtLights_ExtLightsPort_ExtLights_RearFogLight_CurrentState	16	static
../Rte/Rte.c:743:6:Rte_Write_ExtLights_ExtLightsPort_ExtLights_RTS_PrevState	16	static
../Rte/Rte.c:748:6:Rte_Write_ExtLights_ExtLightsPort_ExtLights_LTS_PrevState	16	static
../Rte/Rte.c:753:6:Rte_Write_ExtLights_ExtLightsPort_ExtLights_HL_PrevState	16	static
../Rte/Rte.c:758:6:Rte_Write_ExtLights_ExtLightsPort_ExtLights_RTSFlag	16	static
../Rte/Rte.c:763:6:Rte_Write_ExtLights_ExtLightsPort_ExtLights_LTSFlag	16	static
../Rte/Rte.c:768:6:Rte_Write_ExtLights_ExtLightsPort_ExtLights_HLFlag	16	static
../Rte/Rte.c:773:6:Rte_Write_IntLights_IntLightsPort_IntLights_CurrentState	16	static
../Rte/Rte.c:778:6:Rte_Write_SecAlm_SecAlmPort_SecAlm_Trigger	16	static
../Rte/Rte.c:783:6:Rte_Write_SecAlm_SecAlmPort_SecAlm_PinStateChange	16	static
../Rte/Rte.c:788:6:Rte_Write_SecAlm_SecAlmPort_SecAlm_TriggerIRQCounterForTimer4	16	static
../Rte/Rte.c:793:6:Rte_Write_SecAlm_SecAlmPort_SecAlm_SensorStatusCounter	16	static
../Rte/Rte.c:798:6:Rte_Write_SecAlm_SecAlmPort_SecAlm_SensorStatus	16	static
../Rte/Rte.c:803:6:Rte_Runnable_Btc_MainFunction	8	static
../Rte/Rte.c:808:6:Rte_Runnable_CenLoc_MainFunction	8	static
../Rte/Rte.c:813:6:Rte_Runnable_ExtLights_MainFunction	8	static
../Rte/Rte.c:818:6:Rte_Runnable_IntLights_MainFunction	8	static
../Rte/Rte.c:823:6:Rte_Runnable_SecAlm_MainFunction	8	static
../Rte/Rte.c:828:6:Rte_Read_Btc_BtcPort_Btc_ReceivedDataOnBluetooth	16	static
../Rte/Rte.c:833:6:Rte_Read_Btc_BtcPort_Btc_CenLoc	16	static
../Rte/Rte.c:838:6:Rte_Read_CenLoc_CenLocPort_CenLoc_CurrentState	16	static
../Rte/Rte.c:843:6:Rte_Read_CenLoc_CenLocPort_CenLoc_PreviousState	16	static
../Rte/Rte.c:848:6:Rte_Read_CenLoc_CenLocPort_CenLoc_FollowMeHomeState	16	static
../Rte/Rte.c:853:6:Rte_Read_CenLoc_CenLocPort_CenLoc_BlinkState	16	static
../Rte/Rte.c:858:6:Rte_Read_CenLoc_CenLocPort_CenLoc_PreviousStateFlag	16	static
../Rte/Rte.c:863:6:Rte_Read_ExtLights_ExtLightsPort_ExtLights_ReverseLight_CurrentState	16	static
../Rte/Rte.c:868:6:Rte_Read_ExtLights_ExtLightsPort_ExtLights_BrakeLight_CurrentState	16	static
../Rte/Rte.c:873:6:Rte_Read_ExtLights_ExtLightsPort_ExtLights_LightsSwitch_CurrentState	16	static
../Rte/Rte.c:878:6:Rte_Read_ExtLights_ExtLightsPort_ExtLights_HighBeam_CurrentState	16	static
../Rte/Rte.c:883:6:Rte_Read_ExtLights_ExtLightsPort_ExtLights_FrontFogLight_CurrentState	16	static
../Rte/Rte.c:888:6:Rte_Read_ExtLights_ExtLightsPort_ExtLights_TurnSignalLeft_CurrentState	16	static
../Rte/Rte.c:893:6:Rte_Read_ExtLights_ExtLightsPort_ExtLights_TurnSignalRight_CurrentState	16	static
../Rte/Rte.c:898:6:Rte_Read_ExtLights_ExtLightsPort_ExtLights_HazardLight_CurrentState	16	static
../Rte/Rte.c:903:6:Rte_Read_ExtLights_ExtLightsPort_ExtLights_RearFogLight_CurrentState	16	static
../Rte/Rte.c:908:6:Rte_Read_Btc_BtcPort_Btc_LightSwitch	16	static
../Rte/Rte.c:913:6:Rte_Read_Btc_BtcPort_Btc_HighBeam	16	static
../Rte/Rte.c:918:6:Rte_Read_Btc_BtcPort_Btc_FlashHighBeam	16	static
../Rte/Rte.c:923:6:Rte_Read_Btc_BtcPort_Btc_FrontFogLight	16	static
../Rte/Rte.c:928:6:Rte_Read_Btc_BtcPort_Btc_TurnSignalLeft	16	static
../Rte/Rte.c:933:6:Rte_Read_Btc_BtcPort_Btc_TurnSignalRight	16	static
../Rte/Rte.c:938:6:Rte_Read_Btc_BtcPort_Btc_HazardLight	16	static
../Rte/Rte.c:943:6:Rte_Read_Btc_BtcPort_Btc_BrakeLight	16	static
../Rte/Rte.c:948:6:Rte_Read_Btc_BtcPort_Btc_RearFogLight	16	static
../Rte/Rte.c:953:6:Rte_Read_Btc_BtcPort_Btc_ReverseLight	16	static
../Rte/Rte.c:958:6:Rte_Read_ExtLights_ExtLightsPort_ExtLights_RTS_PrevState	16	static
../Rte/Rte.c:963:6:Rte_Read_ExtLights_ExtLightsPort_ExtLights_LTS_PrevState	16	static
../Rte/Rte.c:968:6:Rte_Read_ExtLights_ExtLightsPort_ExtLights_HL_PrevState	16	static
../Rte/Rte.c:973:6:Rte_Read_ExtLights_ExtLightsPort_ExtLights_RTSFlag	16	static
../Rte/Rte.c:978:6:Rte_Read_ExtLights_ExtLightsPort_ExtLights_LTSFlag	16	static
../Rte/Rte.c:983:6:Rte_Read_ExtLights_ExtLightsPort_ExtLights_HLFlag	16	static
../Rte/Rte.c:988:6:Rte_Read_IntLights_IntLightsPort_IntLights_CurrentState	16	static
../Rte/Rte.c:993:6:Rte_Read_Btc_BtcPort_Btc_IntLights	16	static
../Rte/Rte.c:998:6:Rte_Read_SecAlm_SecAlmPort_SecAlm_Trigger	16	static
../Rte/Rte.c:1003:6:Rte_Read_SecAlm_SecAlmPort_SecAlm_PinStateChange	16	static
../Rte/Rte.c:1008:6:Rte_Read_SecAlm_SecAlmPort_SecAlm_TriggerIRQCounterForTimer4	16	static
../Rte/Rte.c:1013:6:Rte_Read_SecAlm_SecAlmPort_SecAlm_SensorStatusCounter	16	static
../Rte/Rte.c:1018:6:Rte_Read_SecAlm_SecAlmPort_SecAlm_SensorStatus	16	static
../Rte/Rte.c:1023:6:Rte_Call_Uart_R_UartPort_HAL_UART_Receive_IT	24	static
../Rte/Rte.c:1028:6:Rte_Call_Tim_R_TimPort_HAL_TIM_Base_Init	16	static
../Rte/Rte.c:1033:6:Rte_Call_Tim_R_TimPort_HAL_TIM_Base_Start_IT	16	static
../Rte/Rte.c:1038:6:Rte_Call_Tim_R_TimPort_HAL_TIM_Base_Stop_IT	16	static
../Rte/Rte.c:1043:6:Rte_Call_Gpio_R_GpioPort_HAL_GPIO_WritePin	16	static
../Rte/Rte.c:1048:6:Rte_Call_ADC_R_ADCPort_HAL_ADC_Start_DMA	24	static
../Rte/Rte.c:1053:6:Rte_Call_SysTick_R_SysTickPort_HAL_GetTick	8	static
../Rte/Rte.c:1058:6:Rte_Call_OsTimer_R_OsTimerPort_OsTimerStart	16	static
../Rte/Rte.c:1063:6:Rte_Call_OsTimer_R_OsTimerPort_OsTimerStop	16	static
../Rte/Rte.c:1068:6:Rte_Runnable_DiagCtrl_MainFunction	8	static
../Rte/Rte.c:1073:6:Rte_Runnable_Pdc_MainFunction	8	static
../Rte/Rte.c:1078:6:Rte_Runnable_Dem_MainFunction	8	static
