../Rte/Rte.c:349:6:Rte_Write_TimH_TimHPort_Tim3Ccr1	16	static
../Rte/Rte.c:354:6:Rte_Write_TimH_TimHPort_Tim3Ccr2	16	static
../Rte/Rte.c:359:6:Rte_Write_TimH_TimHPort_Tim3Ccr3	16	static
../Rte/Rte.c:364:6:Rte_Write_TimH_TimHPort_Tim3Ccr4	16	static
../Rte/Rte.c:369:6:Rte_Write_TimH_TimHPort_Tim2Ccr1	16	static
../Rte/Rte.c:374:6:Rte_Write_TimH_TimHPort_Tim2Ccr2	16	static
../Rte/Rte.c:379:6:Rte_Write_TimH_TimHPort_Tim2Ccr3	16	static
../Rte/Rte.c:384:6:Rte_Read_SystemManager_SystemManagerPort_SystemManager_Fault	16	static
../Rte/Rte.c:389:6:Rte_Read_DiagCtrl_DiagCtrlPort_DiagCtrl_FaultValue	16	static
../Rte/Rte.c:394:6:Rte_Write_DiagCtrl_DiagCtrlPort_DiagCtrl_FaultValue	16	static
../Rte/Rte.c:399:6:Rte_Read_DiagCtrl_DiagCtrlPort_DiagCtrl_RequestValue	16	static
../Rte/Rte.c:404:6:Rte_Write_DiagCtrl_DiagCtrlPort_DiagCtrl_RequestValue	16	static
../Rte/Rte.c:409:6:Rte_Read_SecAlm_SecAlmPort_SecAlm_SensorState	16	static
../Rte/Rte.c:414:6:Rte_Write_SecAlm_SecAlmPort_SecAlm_SensorState	16	static
../Rte/Rte.c:419:6:Rte_Read_ExtLights_ExtLightsPort_ExtLights_LightSensorState	16	static
../Rte/Rte.c:424:6:Rte_Write_ExtLights_ExtLightsPort_ExtLights_LightSensorState	16	static
../Rte/Rte.c:429:6:Rte_Write_SenCtrl_SenCtrlPort_SenCtrl_MeasuredValues	16	static
../Rte/Rte.c:436:6:Rte_Read_Os_OsPort_Os_Pdc_Rear_Counter	16	static
../Rte/Rte.c:441:6:Rte_Write_Os_OsPort_Os_Pdc_Rear_Counter	16	static
../Rte/Rte.c:446:6:Rte_Read_Os_OsPort_Os_Pdc_Front_Counter	16	static
../Rte/Rte.c:451:6:Rte_Write_Os_OsPort_Os_Pdc_Front_Counter	16	static
../Rte/Rte.c:456:6:Rte_Read_Pdc_PdcPort_Pdc_Front_BuzzerOsCounter	16	static
../Rte/Rte.c:461:6:Rte_Write_Pdc_PdcPort_Pdc_Front_BuzzerOsCounter	16	static
../Rte/Rte.c:466:6:Rte_Read_Pdc_PdcPort_Pdc_Rear_BuzzerOsCounter	16	static
../Rte/Rte.c:471:6:Rte_Write_Pdc_PdcPort_Pdc_Rear_BuzzerOsCounter	16	static
../Rte/Rte.c:476:6:Rte_Read_CenLoc_CenLocPort_CenLoc_FollowMeHomeCounter	16	static
../Rte/Rte.c:481:6:Rte_Write_CenLoc_CenLocPort_CenLoc_FollowMeHomeCounter	16	static
../Rte/Rte.c:486:6:Rte_Read_CenLoc_CenLocPort_CenLoc_TurnOnLedCounter	16	static
../Rte/Rte.c:491:6:Rte_Write_CenLoc_CenLocPort_CenLoc_TurnOnLedCounter	16	static
../Rte/Rte.c:496:6:Rte_Read_CenLoc_CenLocPort_CenLoc_CyclicAlarmCounter	16	static
../Rte/Rte.c:501:6:Rte_Write_CenLoc_CenLocPort_CenLoc_CyclicAlarmCounter	16	static
../Rte/Rte.c:506:6:Rte_Read_CenLoc_CenLocPort_CenLoc_BlinkCounter	16	static
../Rte/Rte.c:511:6:Rte_Write_CenLoc_CenLocPort_CenLoc_BlinkCounter	16	static
../Rte/Rte.c:516:6:Rte_Read_Os_R_OsPort_Os_LockUnlockSequence_Counter	16	static
../Rte/Rte.c:521:6:Rte_Read_Os_R_OsPort_Os_TurnOnCyclic_Counter	16	static
../Rte/Rte.c:526:6:Rte_Read_Os_R_OsPort_Os_TurnOnLed_Counter	16	static
../Rte/Rte.c:531:6:Rte_Read_Os_R_OsPort_Os_FollowMeHome_Counter	16	static
../Rte/Rte.c:536:6:Rte_Read_Os_R_OsPort_Os_Lts_Counter	16	static
../Rte/Rte.c:541:6:Rte_Read_Os_R_OsPort_Os_Rts_Counter	16	static
../Rte/Rte.c:546:6:Rte_Read_Os_R_OsPort_Os_HL_Counter	16	static
../Rte/Rte.c:551:6:Rte_Read_Os_R_OsPort_Os_Alarm_Counter	16	static
../Rte/Rte.c:556:6:Rte_Write_Os_R_OsPort_Os_LockUnlockSequence_Counter	16	static
../Rte/Rte.c:561:6:Rte_Write_Os_R_OsPort_Os_TurnOnCyclic_Counter	16	static
../Rte/Rte.c:566:6:Rte_Write_Os_R_OsPort_Os_TurnOnLed_Counter	16	static
../Rte/Rte.c:571:6:Rte_Write_Os_R_OsPort_Os_FollowMeHome_Counter	16	static
../Rte/Rte.c:576:6:Rte_Write_Os_R_OsPort_Os_Lts_Counter	16	static
../Rte/Rte.c:581:6:Rte_Write_Os_R_OsPort_Os_Rts_Counter	16	static
../Rte/Rte.c:586:6:Rte_Write_Os_R_OsPort_Os_HL_Counter	16	static
../Rte/Rte.c:591:6:Rte_Write_Os_R_OsPort_Os_Alarm_Counter	16	static
../Rte/Rte.c:596:6:Rte_Runnable_EcuM_MainFunction	8	static
../Rte/Rte.c:601:6:Rte_Runnable_SystemManager_MainFunction	8	static
../Rte/Rte.c:606:6:Rte_Runnable_Crc_MainFunction	8	static
../Rte/Rte.c:611:6:Rte_Runnable_Wdg_MainFunction	8	static
../Rte/Rte.c:616:6:Rte_Runnable_Adc_MainFunction	8	static
../Rte/Rte.c:621:6:Rte_Runnable_Tim_MainFunction	8	static
../Rte/Rte.c:626:6:Rte_Runnable_Uart_MainFunction	8	static
../Rte/Rte.c:631:6:Rte_Call_Tim_R_TimPort_HAL_TIM_PWM_Start_IT	16	static
../Rte/Rte.c:636:6:Rte_Call_Tim_R_TimPort_HAL_TIM_PWM_Stop_IT	16	static
../Rte/Rte.c:641:6:Rte_Write_Btc_BtcPort_Btc_RxData	16	static
../Rte/Rte.c:646:6:Rte_Write_Btc_BtcPort_Btc_RxCount	16	static
../Rte/Rte.c:651:6:Rte_Write_Btc_BtcPort_Btc_DataBuffer	16	static
../Rte/Rte.c:656:6:Rte_Read_Adc_AdcPort_Adc_ChannelOne_Buffer	16	static
../Rte/Rte.c:661:6:Rte_Write_Btc_BtcPort_Btc_ReceivedDataOnBluetooth	16	static
../Rte/Rte.c:666:6:Rte_Write_CenLoc_CenLocPort_CenLoc_CurrentState	16	static
../Rte/Rte.c:671:6:Rte_Write_CenLoc_CenLocPort_CenLoc_PreviousState	16	static
../Rte/Rte.c:676:6:Rte_Write_CenLoc_CenLocPort_CenLoc_FollowMeHomeState	16	static
../Rte/Rte.c:681:6:Rte_Write_CenLoc_CenLocPort_CenLoc_BlinkState	16	static
../Rte/Rte.c:686:6:Rte_Write_CenLoc_CenLocPort_CenLoc_PreviousStateFlag	16	static
../Rte/Rte.c:691:6:Rte_Write_ExtLights_ExtLightsPort_ExtLights_ReverseLight_CurrentState	16	static
../Rte/Rte.c:696:6:Rte_Write_ExtLights_ExtLightsPort_ExtLights_BrakeLight_CurrentState	16	static
../Rte/Rte.c:701:6:Rte_Write_ExtLights_ExtLightsPort_ExtLights_LightsSwitch_CurrentState	16	static
../Rte/Rte.c:706:6:Rte_Write_ExtLights_ExtLightsPort_ExtLights_HighBeam_CurrentState	16	static
../Rte/Rte.c:711:6:Rte_Write_ExtLights_ExtLightsPort_ExtLights_FrontFogLight_CurrentState	16	static
../Rte/Rte.c:716:6:Rte_Write_ExtLights_ExtLightsPort_ExtLights_TurnSignalLeft_CurrentState	16	static
../Rte/Rte.c:721:6:Rte_Write_ExtLights_ExtLightsPort_ExtLights_TurnSignalRight_CurrentState	16	static
../Rte/Rte.c:726:6:Rte_Write_ExtLights_ExtLightsPort_ExtLights_HazardLight_CurrentState	16	static
../Rte/Rte.c:731:6:Rte_Write_ExtLights_ExtLightsPort_ExtLights_RearFogLight_CurrentState	16	static
../Rte/Rte.c:736:6:Rte_Write_ExtLights_ExtLightsPort_ExtLights_RTS_PrevState	16	static
../Rte/Rte.c:741:6:Rte_Write_ExtLights_ExtLightsPort_ExtLights_LTS_PrevState	16	static
../Rte/Rte.c:746:6:Rte_Write_ExtLights_ExtLightsPort_ExtLights_HL_PrevState	16	static
../Rte/Rte.c:751:6:Rte_Write_ExtLights_ExtLightsPort_ExtLights_RTSFlag	16	static
../Rte/Rte.c:756:6:Rte_Write_ExtLights_ExtLightsPort_ExtLights_LTSFlag	16	static
../Rte/Rte.c:761:6:Rte_Write_ExtLights_ExtLightsPort_ExtLights_HLFlag	16	static
../Rte/Rte.c:766:6:Rte_Write_IntLights_IntLightsPort_IntLights_CurrentState	16	static
../Rte/Rte.c:771:6:Rte_Write_SecAlm_SecAlmPort_SecAlm_Trigger	16	static
../Rte/Rte.c:776:6:Rte_Write_SecAlm_SecAlmPort_SecAlm_PinStateChange	16	static
../Rte/Rte.c:781:6:Rte_Write_SecAlm_SecAlmPort_SecAlm_TriggerIRQCounterForTimer4	16	static
../Rte/Rte.c:786:6:Rte_Write_SecAlm_SecAlmPort_SecAlm_SensorStatusCounter	16	static
../Rte/Rte.c:791:6:Rte_Write_SecAlm_SecAlmPort_SecAlm_SensorStatus	16	static
../Rte/Rte.c:796:6:Rte_Runnable_Btc_MainFunction	8	static
../Rte/Rte.c:801:6:Rte_Runnable_CenLoc_MainFunction	8	static
../Rte/Rte.c:806:6:Rte_Runnable_ExtLights_MainFunction	8	static
../Rte/Rte.c:811:6:Rte_Runnable_IntLights_MainFunction	8	static
../Rte/Rte.c:816:6:Rte_Runnable_SecAlm_MainFunction	8	static
../Rte/Rte.c:821:6:Rte_Read_Btc_BtcPort_Btc_ReceivedDataOnBluetooth	16	static
../Rte/Rte.c:826:6:Rte_Read_Btc_BtcPort_Btc_CenLoc	16	static
../Rte/Rte.c:831:6:Rte_Read_CenLoc_CenLocPort_CenLoc_CurrentState	16	static
../Rte/Rte.c:836:6:Rte_Read_CenLoc_CenLocPort_CenLoc_PreviousState	16	static
../Rte/Rte.c:841:6:Rte_Read_CenLoc_CenLocPort_CenLoc_FollowMeHomeState	16	static
../Rte/Rte.c:846:6:Rte_Read_CenLoc_CenLocPort_CenLoc_BlinkState	16	static
../Rte/Rte.c:851:6:Rte_Read_CenLoc_CenLocPort_CenLoc_PreviousStateFlag	16	static
../Rte/Rte.c:856:6:Rte_Read_ExtLights_ExtLightsPort_ExtLights_ReverseLight_CurrentState	16	static
../Rte/Rte.c:861:6:Rte_Read_ExtLights_ExtLightsPort_ExtLights_BrakeLight_CurrentState	16	static
../Rte/Rte.c:866:6:Rte_Read_ExtLights_ExtLightsPort_ExtLights_LightsSwitch_CurrentState	16	static
../Rte/Rte.c:871:6:Rte_Read_ExtLights_ExtLightsPort_ExtLights_HighBeam_CurrentState	16	static
../Rte/Rte.c:876:6:Rte_Read_ExtLights_ExtLightsPort_ExtLights_FrontFogLight_CurrentState	16	static
../Rte/Rte.c:881:6:Rte_Read_ExtLights_ExtLightsPort_ExtLights_TurnSignalLeft_CurrentState	16	static
../Rte/Rte.c:886:6:Rte_Read_ExtLights_ExtLightsPort_ExtLights_TurnSignalRight_CurrentState	16	static
../Rte/Rte.c:891:6:Rte_Read_ExtLights_ExtLightsPort_ExtLights_HazardLight_CurrentState	16	static
../Rte/Rte.c:896:6:Rte_Read_ExtLights_ExtLightsPort_ExtLights_RearFogLight_CurrentState	16	static
../Rte/Rte.c:901:6:Rte_Read_Btc_BtcPort_Btc_LightSwitch	16	static
../Rte/Rte.c:906:6:Rte_Read_Btc_BtcPort_Btc_HighBeam	16	static
../Rte/Rte.c:911:6:Rte_Read_Btc_BtcPort_Btc_FlashHighBeam	16	static
../Rte/Rte.c:916:6:Rte_Read_Btc_BtcPort_Btc_FrontFogLight	16	static
../Rte/Rte.c:921:6:Rte_Read_Btc_BtcPort_Btc_TurnSignalLeft	16	static
../Rte/Rte.c:926:6:Rte_Read_Btc_BtcPort_Btc_TurnSignalRight	16	static
../Rte/Rte.c:931:6:Rte_Read_Btc_BtcPort_Btc_HazardLight	16	static
../Rte/Rte.c:936:6:Rte_Read_Btc_BtcPort_Btc_BrakeLight	16	static
../Rte/Rte.c:941:6:Rte_Read_Btc_BtcPort_Btc_RearFogLight	16	static
../Rte/Rte.c:946:6:Rte_Read_Btc_BtcPort_Btc_ReverseLight	16	static
../Rte/Rte.c:951:6:Rte_Read_ExtLights_ExtLightsPort_ExtLights_RTS_PrevState	16	static
../Rte/Rte.c:956:6:Rte_Read_ExtLights_ExtLightsPort_ExtLights_LTS_PrevState	16	static
../Rte/Rte.c:961:6:Rte_Read_ExtLights_ExtLightsPort_ExtLights_HL_PrevState	16	static
../Rte/Rte.c:966:6:Rte_Read_ExtLights_ExtLightsPort_ExtLights_RTSFlag	16	static
../Rte/Rte.c:971:6:Rte_Read_ExtLights_ExtLightsPort_ExtLights_LTSFlag	16	static
../Rte/Rte.c:976:6:Rte_Read_ExtLights_ExtLightsPort_ExtLights_HLFlag	16	static
../Rte/Rte.c:981:6:Rte_Read_IntLights_IntLightsPort_IntLights_CurrentState	16	static
../Rte/Rte.c:986:6:Rte_Read_Btc_BtcPort_Btc_IntLights	16	static
../Rte/Rte.c:991:6:Rte_Read_SecAlm_SecAlmPort_SecAlm_Trigger	16	static
../Rte/Rte.c:996:6:Rte_Read_SecAlm_SecAlmPort_SecAlm_PinStateChange	16	static
../Rte/Rte.c:1001:6:Rte_Read_SecAlm_SecAlmPort_SecAlm_TriggerIRQCounterForTimer4	16	static
../Rte/Rte.c:1006:6:Rte_Read_SecAlm_SecAlmPort_SecAlm_SensorStatusCounter	16	static
../Rte/Rte.c:1011:6:Rte_Read_SecAlm_SecAlmPort_SecAlm_SensorStatus	16	static
../Rte/Rte.c:1016:6:Rte_Call_Uart_R_UartPort_HAL_UART_Receive_IT	24	static
../Rte/Rte.c:1021:6:Rte_Call_Tim_R_TimPort_HAL_TIM_Base_Init	16	static
../Rte/Rte.c:1026:6:Rte_Call_Tim_R_TimPort_HAL_TIM_Base_Start_IT	16	static
../Rte/Rte.c:1031:6:Rte_Call_Tim_R_TimPort_HAL_TIM_Base_Stop_IT	16	static
../Rte/Rte.c:1036:6:Rte_Call_Gpio_R_GpioPort_HAL_GPIO_WritePin	16	static
../Rte/Rte.c:1041:6:Rte_Call_ADC_R_ADCPort_HAL_ADC_Start_DMA	24	static
../Rte/Rte.c:1046:6:Rte_Call_SysTick_R_SysTickPort_HAL_GetTick	8	static
../Rte/Rte.c:1051:6:Rte_Call_OsTimer_R_OsTimerPort_OsTimerStart	16	static
../Rte/Rte.c:1056:6:Rte_Call_OsTimer_R_OsTimerPort_OsTimerStop	16	static
../Rte/Rte.c:1061:6:Rte_Runnable_DiagCtrl_MainFunction	8	static
../Rte/Rte.c:1066:6:Rte_Runnable_Pdc_MainFunction	8	static
../Rte/Rte.c:1071:6:Rte_Runnable_Dem_MainFunction	8	static
