../Rte/Rte.c:94:15:Rte_Write_Btc_BtcPort_Btc_ReceivedDataOnBluetooth	16	static
../Rte/Rte.c:117:15:Rte_Write_CenLoc_CenLocPort_CenLoc_CurrentState	16	static
../Rte/Rte.c:140:15:Rte_Write_CenLoc_CenLocPort_CenLoc_PreviousState	16	static
../Rte/Rte.c:163:15:Rte_Write_CenLoc_CenLocPort_CenLoc_FollowMeHomeState	16	static
../Rte/Rte.c:186:15:Rte_Write_CenLoc_CenLocPort_CenLoc_BlinkState	16	static
../Rte/Rte.c:209:15:Rte_Write_CenLoc_CenLocPort_CenLoc_Tim2IRQFlag	16	static
../Rte/Rte.c:232:15:Rte_Write_CenLoc_CenLocPort_CenLoc_Tim3IRQFlag	16	static
../Rte/Rte.c:255:15:Rte_Write_CenLoc_CenLocPort_CenLoc_Tim5IRQFlag	16	static
../Rte/Rte.c:278:15:Rte_Write_CenLoc_CenLocPort_CenLoc_Tim11IRQFlag	16	static
../Rte/Rte.c:301:15:Rte_Write_CenLoc_CenLocPort_CenLoc_PreviousStateFlag	16	static
../Rte/Rte.c:324:15:Rte_Write_ExtLights_ExtLightsPort_ExtLights_ReverseLight_CurrentState	16	static
../Rte/Rte.c:347:15:Rte_Write_ExtLights_ExtLightsPort_ExtLights_FlashHighBeam_CurrentState	16	static
../Rte/Rte.c:370:15:Rte_Write_ExtLights_ExtLightsPort_ExtLights_BrakeLight_CurrentState	16	static
../Rte/Rte.c:393:15:Rte_Write_ExtLights_ExtLightsPort_ExtLights_LightsSwitch_CurrentState	16	static
../Rte/Rte.c:416:15:Rte_Write_ExtLights_ExtLightsPort_ExtLights_HighBeam_CurrentState	16	static
../Rte/Rte.c:439:15:Rte_Write_ExtLights_ExtLightsPort_ExtLights_FrontFogLight_CurrentState	16	static
../Rte/Rte.c:462:15:Rte_Write_ExtLights_ExtLightsPort_ExtLights_TurnSignalLeft_CurrentState	16	static
../Rte/Rte.c:485:15:Rte_Write_ExtLights_ExtLightsPort_ExtLights_TurnSignalRight_CurrentState	16	static
../Rte/Rte.c:508:15:Rte_Write_ExtLights_ExtLightsPort_ExtLights_HazardLight_CurrentState	16	static
../Rte/Rte.c:531:15:Rte_Write_ExtLights_ExtLightsPort_ExtLights_RearFogLight_CurrentState	16	static
../Rte/Rte.c:554:15:Rte_Write_ExtLights_ExtLightsPort_ExtLights_RTS_PrevState	16	static
../Rte/Rte.c:577:15:Rte_Write_ExtLights_ExtLightsPort_ExtLights_LTS_PrevState	16	static
../Rte/Rte.c:600:15:Rte_Write_ExtLights_ExtLightsPort_ExtLights_HL_PrevState	16	static
../Rte/Rte.c:623:15:Rte_Write_ExtLights_ExtLightsPort_ExtLights_RTSFlag	16	static
../Rte/Rte.c:646:15:Rte_Write_ExtLights_ExtLightsPort_ExtLights_LTSFlag	16	static
../Rte/Rte.c:669:15:Rte_Write_ExtLights_ExtLightsPort_ExtLights_HLFlag	16	static
../Rte/Rte.c:692:15:Rte_Write_IntLights_IntLightsPort_IntLights_CurrentState	16	static
../Rte/Rte.c:715:15:Rte_Write_IntLights_IntLightsPort_IntLights_StateFlag	16	static
../Rte/Rte.c:738:15:Rte_Write_SecAlm_SecAlmPort_SecAlm_Trigger	16	static
../Rte/Rte.c:761:15:Rte_Write_SecAlm_SecAlmPort_SecAlm_PinStateChange	16	static
../Rte/Rte.c:784:15:Rte_Write_SecAlm_SecAlmPort_SecAlm_TriggerIRQCounterForTimer4	16	static
../Rte/Rte.c:807:15:Rte_Write_SecAlm_SecAlmPort_SecAlm_SensorStatusCounter	16	static
../Rte/Rte.c:830:15:Rte_Write_SecAlm_SecAlmPort_SecAlm_SensorStatus	16	static
../Rte/Rte.c:853:6:Rte_Runnable_Btc_MainFunction	8	static
../Rte/Rte.c:860:6:Rte_Runnable_CenLoc_MainFunction	8	static
../Rte/Rte.c:867:6:Rte_Runnable_ExtLights_MainFunction	8	static
../Rte/Rte.c:874:6:Rte_Runnable_IntLights_MainFunction	8	static
../Rte/Rte.c:881:6:Rte_Runnable_SecAlm_MainFunction	8	static
../Rte/Rte.c:888:15:Rte_Read_Btc_BtcPort_Btc_ReceivedDataOnBluetooth	16	static
../Rte/Rte.c:911:15:Rte_Read_Btc_BtcPort_Btc_CenLoc	16	static
../Rte/Rte.c:934:15:Rte_Read_CenLoc_CenLocPort_CenLoc_CurrentState	16	static
../Rte/Rte.c:957:15:Rte_Read_CenLoc_CenLocPort_CenLoc_PreviousState	16	static
../Rte/Rte.c:980:15:Rte_Read_CenLoc_CenLocPort_CenLoc_FollowMeHomeState	16	static
../Rte/Rte.c:1003:15:Rte_Read_CenLoc_CenLocPort_CenLoc_BlinkState	16	static
../Rte/Rte.c:1026:15:Rte_Read_CenLoc_CenLocPort_CenLoc_Tim2IRQFlag	16	static
../Rte/Rte.c:1049:15:Rte_Read_CenLoc_CenLocPort_CenLoc_Tim3IRQFlag	16	static
../Rte/Rte.c:1072:15:Rte_Read_CenLoc_CenLocPort_CenLoc_Tim5IRQFlag	16	static
../Rte/Rte.c:1095:15:Rte_Read_CenLoc_CenLocPort_CenLoc_Tim11IRQFlag	16	static
../Rte/Rte.c:1118:15:Rte_Read_CenLoc_CenLocPort_CenLoc_PreviousStateFlag	16	static
../Rte/Rte.c:1141:15:Rte_Read_ExtLights_ExtLightsPort_ExtLights_ReverseLight_CurrentState	16	static
../Rte/Rte.c:1164:15:Rte_Read_ExtLights_ExtLightsPort_ExtLights_FlashHighBeam_CurrentState	16	static
../Rte/Rte.c:1187:15:Rte_Read_ExtLights_ExtLightsPort_ExtLights_BrakeLight_CurrentState	16	static
../Rte/Rte.c:1210:15:Rte_Read_ExtLights_ExtLightsPort_ExtLights_LightsSwitch_CurrentState	16	static
../Rte/Rte.c:1233:15:Rte_Read_ExtLights_ExtLightsPort_ExtLights_HighBeam_CurrentState	16	static
../Rte/Rte.c:1256:15:Rte_Read_ExtLights_ExtLightsPort_ExtLights_FrontFogLight_CurrentState	16	static
../Rte/Rte.c:1279:15:Rte_Read_ExtLights_ExtLightsPort_ExtLights_TurnSignalLeft_CurrentState	16	static
../Rte/Rte.c:1302:15:Rte_Read_ExtLights_ExtLightsPort_ExtLights_TurnSignalRight_CurrentState	16	static
../Rte/Rte.c:1325:15:Rte_Read_ExtLights_ExtLightsPort_ExtLights_HazardLight_CurrentState	16	static
../Rte/Rte.c:1348:15:Rte_Read_ExtLights_ExtLightsPort_ExtLights_RearFogLight_CurrentState	16	static
../Rte/Rte.c:1371:15:Rte_Read_Btc_BtcPort_Btc_LightSwitch	16	static
../Rte/Rte.c:1394:15:Rte_Read_Btc_BtcPort_Btc_HighBeam	16	static
../Rte/Rte.c:1417:15:Rte_Read_Btc_BtcPort_Btc_FlashHighBeam	16	static
../Rte/Rte.c:1440:15:Rte_Read_Btc_BtcPort_Btc_FrontFogLight	16	static
../Rte/Rte.c:1463:15:Rte_Read_Btc_BtcPort_Btc_TurnSignalLeft	16	static
../Rte/Rte.c:1486:15:Rte_Read_Btc_BtcPort_Btc_TurnSignalRight	16	static
../Rte/Rte.c:1509:15:Rte_Read_Btc_BtcPort_Btc_HazardLight	16	static
../Rte/Rte.c:1532:15:Rte_Read_Btc_BtcPort_Btc_BrakeLight	16	static
../Rte/Rte.c:1555:15:Rte_Read_Btc_BtcPort_Btc_RearFogLight	16	static
../Rte/Rte.c:1578:15:Rte_Read_Btc_BtcPort_Btc_ReverseLight	16	static
../Rte/Rte.c:1601:15:Rte_Read_ExtLights_ExtLightsPort_ExtLights_RTS_PrevState	16	static
../Rte/Rte.c:1624:15:Rte_Read_ExtLights_ExtLightsPort_ExtLights_LTS_PrevState	16	static
../Rte/Rte.c:1647:15:Rte_Read_ExtLights_ExtLightsPort_ExtLights_HL_PrevState	16	static
../Rte/Rte.c:1670:15:Rte_Read_ExtLights_ExtLightsPort_ExtLights_RTSFlag	16	static
../Rte/Rte.c:1693:15:Rte_Read_ExtLights_ExtLightsPort_ExtLights_LTSFlag	16	static
../Rte/Rte.c:1716:15:Rte_Read_ExtLights_ExtLightsPort_ExtLights_HLFlag	16	static
../Rte/Rte.c:1739:15:Rte_Read_IntLights_IntLightsPort_IntLights_CurrentState	16	static
../Rte/Rte.c:1762:15:Rte_Read_IntLights_IntLightsPort_IntLights_StateFlag	16	static
../Rte/Rte.c:1785:15:Rte_Read_Btc_BtcPort_Btc_IntLights	16	static
../Rte/Rte.c:1808:15:Rte_Read_SecAlm_SecAlmPort_SecAlm_Trigger	16	static
../Rte/Rte.c:1831:15:Rte_Read_SecAlm_SecAlmPort_SecAlm_PinStateChange	16	static
../Rte/Rte.c:1854:15:Rte_Read_SecAlm_SecAlmPort_SecAlm_TriggerIRQCounterForTimer4	16	static
../Rte/Rte.c:1877:15:Rte_Read_SecAlm_SecAlmPort_SecAlm_SensorStatusCounter	16	static
../Rte/Rte.c:1900:15:Rte_Read_SecAlm_SecAlmPort_SecAlm_SensorStatus	16	static
../Rte/Rte.c:1923:15:Rte_Call_Uart_R_UartPort_HAL_UART_Receive_IT	24	static
../Rte/Rte.c:1932:15:Rte_Call_Tim_R_TimPort_HAL_TIM_Base_Init	16	static
../Rte/Rte.c:1941:15:Rte_Call_Tim_R_TimPort_HAL_TIM_Base_Start_IT	16	static
../Rte/Rte.c:1950:15:Rte_Call_Tim_R_TimPort_HAL_TIM_Base_Stop_IT	16	static
../Rte/Rte.c:1959:15:Rte_Call_Gpio_R_GpioPort_HAL_GPIO_WritePin	16	static
../Rte/Rte.c:1968:15:Rte_Call_ADC_R_ADCPort_HAL_ADC_Start_DMA	24	static
../Rte/Rte.c:1977:15:Rte_Call_SysTick_R_SysTickPort_HAL_GetTick	8	static
../Rte/Rte.c:1986:15:Rte_Call_OsTimer_R_OsTimerPort_OsTimerStart	16	static
../Rte/Rte.c:1995:15:Rte_Write_TimH_TimHPort_Timer2Counter_ExtLights_LTSFlag	16	static
../Rte/Rte.c:2018:15:Rte_Write_TimH_TimHPort_Timer2Counter_ExtLights_RTSFlag	16	static
../Rte/Rte.c:2040:15:Rte_Write_TimH_TimHPort_Timer2Counter_ExtLights_HLFlag	16	static
../Rte/Rte.c:2062:15:Rte_Write_TimH_TimHPort_Timer2Counter_CenLoc_Tim2IRQFlag	16	static
../Rte/Rte.c:2084:15:Rte_Write_TimH_TimHPort_Timer5Counter_CenLoc_Tim5IRQFlag	16	static
../Rte/Rte.c:2106:15:Rte_Write_TimH_TimHPort_Timer3Counter_CenLoc_Tim3IRQFlag	16	static
../Rte/Rte.c:2128:15:Rte_Write_TimH_TimHPort_Timer11Counter_CenLoc_Tim11IRQFlag	16	static
../Rte/Rte.c:2151:15:Rte_Call_OsTimer_R_OsTimerPort_OsTimerStop	16	static
