../ApplicationLayer/PDC/PDC.c:41:6:PdcRearGenerateDelay	4	static
../ApplicationLayer/PDC/PDC.c:67:6:PdcFrontGenerateDelay	4	static
../ApplicationLayer/PDC/PDC.c:113:6:PdcFrontStatus	32	static
../ApplicationLayer/PDC/PDC.c:194:6:PdcRearStatus	32	static
../ApplicationLayer/PDC/PDC.c:275:6:PdcToggleFrontTriggerPin	16	static
../ApplicationLayer/PDC/PDC.c:282:6:PdcToggleRearTriggerPin	16	static
../ApplicationLayer/PDC/PDC.c:289:15:PdcReadFrontEchoPin	16	static
../ApplicationLayer/PDC/PDC.c:300:15:PdcReadRearEchoPin	16	static
../ApplicationLayer/PDC/PDC.c:311:6:PdcFrontDistance	8	static
../ApplicationLayer/PDC/PDC.c:319:6:PdcRearDistance	8	static
../ApplicationLayer/PDC/PDC.c:326:6:PdcRearBuzzerControl	8	static
../ApplicationLayer/PDC/PDC.c:451:6:PdcFrontBuzzerControl	8	static
../ApplicationLayer/PDC/PDC.c:576:6:PdcMainFunction	8	static
../ApplicationLayer/PDC/PDC.c:584:15:PdcInit	8	static
