../CommunicationServices/Can/Mcp2515_CanOs/Mcp2515_CanOs.c:30:15:MCP2515_CanOverSpi_Initialize	8	static
../CommunicationServices/Can/Mcp2515_CanOs/Mcp2515_CanOs.c:52:15:MCP2515_CanOverSpi_SetConfigMode	8	static
../CommunicationServices/Can/Mcp2515_CanOs/Mcp2515_CanOs.c:74:15:MCP2515_CanOverSpi_SetNormalMode	8	static
../CommunicationServices/Can/Mcp2515_CanOs/Mcp2515_CanOs.c:96:6:MCP2515_CanOverSpi_Reset	8	static
../CommunicationServices/Can/Mcp2515_CanOs/Mcp2515_CanOs.c:105:15:MCP2515_CanOverSpi_ReadByte	24	static
../CommunicationServices/Can/Mcp2515_CanOs/Mcp2515_CanOs.c:122:6:MCP2515_CanOverSpi_ReadRxSequence	16	static
../CommunicationServices/Can/Mcp2515_CanOs/Mcp2515_CanOs.c:132:6:MCP2515_CanOverSpi_WriteByte	16	static
../CommunicationServices/Can/Mcp2515_CanOs/Mcp2515_CanOs.c:143:6:MCP2515_CanOverSpi_WriteByteSequence	16	static
../CommunicationServices/Can/Mcp2515_CanOs/Mcp2515_CanOs.c:154:6:MCP2515_CanOverSpi_LoadTxSequence	24	static
../CommunicationServices/Can/Mcp2515_CanOs/Mcp2515_CanOs.c:166:6:MCP2515_CanOverSpi_LoadTxBuffer	16	static
../CommunicationServices/Can/Mcp2515_CanOs/Mcp2515_CanOs.c:176:6:MCP2515_CanOverSpi_RequestToSend	16	static
../CommunicationServices/Can/Mcp2515_CanOs/Mcp2515_CanOs.c:185:15:MCP2515_CanOverSpi_ReadStatus	16	static
../CommunicationServices/Can/Mcp2515_CanOs/Mcp2515_CanOs.c:201:15:MCP2515_CanOverSpi_GetRxStatus	16	static
../CommunicationServices/Can/Mcp2515_CanOs/Mcp2515_CanOs.c:216:6:MCP2515_CanOverSpi_BitModify	16	static
../CommunicationServices/Can/Mcp2515_CanOs/Mcp2515_CanOs.c:228:13:SPI_Tx	16	static
../CommunicationServices/Can/Mcp2515_CanOs/Mcp2515_CanOs.c:235:13:SPI_TxBuffer	16	static
../CommunicationServices/Can/Mcp2515_CanOs/Mcp2515_CanOs.c:242:22:SPI_Rx	16	static
../CommunicationServices/Can/Mcp2515_CanOs/Mcp2515_CanOs.c:252:13:SPI_RxBuffer	16	static
