../ApplicationLayer/SecAlm/SecAlm.c:69:6:SecAlm_LightsBuzzerControl	16	static
../ApplicationLayer/SecAlm/SecAlm.c:173:15:SecAlm_VibSenStatus	16	static
../ApplicationLayer/SecAlm/SecAlm.c:216:6:SecAlm_TurnOnExtLights	8	static
../ApplicationLayer/SecAlm/SecAlm.c:246:6:SecAlm_MainFunction	8	static
../ApplicationLayer/SecAlm/SecAlm.c:257:15:SecAlm_Init	8	static
../ApplicationLayer/SecAlm/SecAlm.c:277:6:SecAlm_ToggleAlarmBuzzer	16	static
../ApplicationLayer/SecAlm/SecAlm.c:288:6:SecAlm_ToggleAlarmLed	16	static
