../ApplicationLayer/SecAlm/SecAlm.c:38:6:SecAlmLightsBuzzerControl	16	static
../ApplicationLayer/SecAlm/SecAlm.c:152:8:SecAlmVibeSenReadPin	16	static
../ApplicationLayer/SecAlm/SecAlm.c:165:15:SecAlmVibSenStatus	16	static
../ApplicationLayer/SecAlm/SecAlm.c:230:6:SecAlmTurnOnExtLights	8	static
../ApplicationLayer/SecAlm/SecAlm.c:243:6:SecAlmMainFunction	8	static
../ApplicationLayer/SecAlm/SecAlm.c:251:15:SecAlmInit	8	static
../ApplicationLayer/SecAlm/SecAlm.c:267:6:SecAlmToggleAlarmBuzzer	16	static
../ApplicationLayer/SecAlm/SecAlm.c:275:6:SecAlmToggleAlarmLed	16	static
