../ApplicationLayer/ExtLights/ExtLights.c:54:6:ExtLights_TurnSignalHazardLight	8	static
../ApplicationLayer/ExtLights/ExtLights.c:183:6:ExtLights_PrevStateTSHL	8	static
../ApplicationLayer/ExtLights/ExtLights.c:233:6:ExtLights_LightState	8	static
../ApplicationLayer/ExtLights/ExtLights.c:348:6:ExtLights_MainFunction	8	static
../ApplicationLayer/ExtLights/ExtLights.c:356:6:ExtLights_LightSwitchMode	8	static
../ApplicationLayer/ExtLights/ExtLights.c:421:15:ExtLights_Init	4	static
../ApplicationLayer/ExtLights/ExtLights.c:442:8:ExtLights_LightReadSensorValue	16	static
../ApplicationLayer/ExtLights/ExtLights.c:474:6:ExtLights_LowBeam	16	static
../ApplicationLayer/ExtLights/ExtLights.c:481:6:ExtLights_HighBeam	16	static
../ApplicationLayer/ExtLights/ExtLights.c:488:6:ExtLights_DayTimeRunningLight	16	static
../ApplicationLayer/ExtLights/ExtLights.c:495:6:ExtLights_FrontFogLight	16	static
../ApplicationLayer/ExtLights/ExtLights.c:502:6:ExtLights_TurnSignalLeft	16	static
../ApplicationLayer/ExtLights/ExtLights.c:509:6:ExtLights_TurnSignalRight	16	static
../ApplicationLayer/ExtLights/ExtLights.c:516:6:ExtLights_RearPositionLight	16	static
../ApplicationLayer/ExtLights/ExtLights.c:523:6:ExtLights_RearFogLight	16	static
../ApplicationLayer/ExtLights/ExtLights.c:530:6:ExtLights_BrakeLight	16	static
../ApplicationLayer/ExtLights/ExtLights.c:537:6:ExtLights_ReverseLight	16	static
../ApplicationLayer/ExtLights/ExtLights.c:544:6:ExtLights_LicensePlateLight	16	static
