../ApplicationLayer/ExtLights/ExtLights.c:63:6:ExtLightsTurnSignalHazardLight	8	static
../ApplicationLayer/ExtLights/ExtLights.c:192:6:ExtLightsPrevStateTSHL	4	static
../ApplicationLayer/ExtLights/ExtLights.c:239:6:ExtLightsLightState	8	static
../ApplicationLayer/ExtLights/ExtLights.c:318:6:ExtLightsMainFunction	8	static
../ApplicationLayer/ExtLights/ExtLights.c:327:6:ExtLightsLightSwitchMode	8	static
../ApplicationLayer/ExtLights/ExtLights.c:392:15:ExtLightsInit	4	static
../ApplicationLayer/ExtLights/ExtLights.c:423:6:ExtLightsRxBtcState	4	static
../ApplicationLayer/ExtLights/ExtLights.c:438:8:ExtLightsLightReadSensorValue	16	static
../ApplicationLayer/ExtLights/ExtLights.c:449:6:ExtLightsLowBeam	16	static
../ApplicationLayer/ExtLights/ExtLights.c:456:6:ExtLightsHighBeam	16	static
../ApplicationLayer/ExtLights/ExtLights.c:463:6:ExtLightsDayTimeRunningLight	16	static
../ApplicationLayer/ExtLights/ExtLights.c:470:6:ExtLightsFrontFogLight	16	static
../ApplicationLayer/ExtLights/ExtLights.c:477:6:ExtLightsTurnSignalLeft	16	static
../ApplicationLayer/ExtLights/ExtLights.c:484:6:ExtLightsTurnSignalRight	16	static
../ApplicationLayer/ExtLights/ExtLights.c:491:6:ExtLightsRearPositionLight	16	static
../ApplicationLayer/ExtLights/ExtLights.c:498:6:ExtLightsRearFogLight	16	static
../ApplicationLayer/ExtLights/ExtLights.c:505:6:ExtLightsBrakeLight	16	static
../ApplicationLayer/ExtLights/ExtLights.c:512:6:ExtLightsReverseLight	16	static
../ApplicationLayer/ExtLights/ExtLights.c:519:6:ExtLightsLicensePlateLight	16	static
