../ApplicationLayer/ExtLights/ExtLights.c:49:6:ExtLightsMainFunction	8	static
../ApplicationLayer/ExtLights/ExtLights.c:57:15:ExtLightsInit	4	static
../ApplicationLayer/ExtLights/ExtLights.c:84:6:ExtLightsLightState	16	static
../ApplicationLayer/ExtLights/ExtLights.c:310:6:ExtLightsRxBtcState	4	static
../ApplicationLayer/ExtLights/ExtLights.c:479:8:ExtLightsLightReadSensorValue	16	static
../ApplicationLayer/ExtLights/ExtLights.c:490:6:ExtLightsLowBeam	16	static
../ApplicationLayer/ExtLights/ExtLights.c:497:6:ExtLightsHighBeam	16	static
../ApplicationLayer/ExtLights/ExtLights.c:504:6:ExtLightsDayTimeRunningLight	16	static
../ApplicationLayer/ExtLights/ExtLights.c:511:6:ExtLightsFrontFogLight	16	static
../ApplicationLayer/ExtLights/ExtLights.c:518:6:ExtLightsTurnSignalLeft	16	static
../ApplicationLayer/ExtLights/ExtLights.c:525:6:ExtLightsTurnSignalRight	16	static
../ApplicationLayer/ExtLights/ExtLights.c:532:6:ExtLightsRearPositionLight	16	static
../ApplicationLayer/ExtLights/ExtLights.c:539:6:ExtLightsRearFogLight	16	static
../ApplicationLayer/ExtLights/ExtLights.c:546:6:ExtLightsBrakeLight	16	static
../ApplicationLayer/ExtLights/ExtLights.c:553:6:ExtLightsReverseLight	16	static
../ApplicationLayer/ExtLights/ExtLights.c:560:6:ExtLightsLicensePlateLight	16	static
