../ApplicationLayer/ExtLights/ExtLights.c:57:6:ExtLightsTurnSignalHazardLight	8	static
../ApplicationLayer/ExtLights/ExtLights.c:181:6:ExtLightsMainFunction	8	static
../ApplicationLayer/ExtLights/ExtLights.c:189:15:ExtLightsInit	4	static
../ApplicationLayer/ExtLights/ExtLights.c:220:6:ExtLightsLightSwitchMode	8	static
../ApplicationLayer/ExtLights/ExtLights.c:285:6:ExtLightsLightState	8	static
../ApplicationLayer/ExtLights/ExtLights.c:330:6:ExtLightsRxBtcState	4	static
../ApplicationLayer/ExtLights/ExtLights.c:501:8:ExtLightsLightReadSensorValue	16	static
../ApplicationLayer/ExtLights/ExtLights.c:512:6:ExtLightsLowBeam	16	static
../ApplicationLayer/ExtLights/ExtLights.c:519:6:ExtLightsHighBeam	16	static
../ApplicationLayer/ExtLights/ExtLights.c:526:6:ExtLightsDayTimeRunningLight	16	static
../ApplicationLayer/ExtLights/ExtLights.c:533:6:ExtLightsFrontFogLight	16	static
../ApplicationLayer/ExtLights/ExtLights.c:540:6:ExtLightsTurnSignalLeft	16	static
../ApplicationLayer/ExtLights/ExtLights.c:547:6:ExtLightsTurnSignalRight	16	static
../ApplicationLayer/ExtLights/ExtLights.c:554:6:ExtLightsRearPositionLight	16	static
../ApplicationLayer/ExtLights/ExtLights.c:561:6:ExtLightsRearFogLight	16	static
../ApplicationLayer/ExtLights/ExtLights.c:568:6:ExtLightsBrakeLight	16	static
../ApplicationLayer/ExtLights/ExtLights.c:575:6:ExtLightsReverseLight	16	static
../ApplicationLayer/ExtLights/ExtLights.c:582:6:ExtLightsLicensePlateLight	16	static
