../ApplicationLayer/ExtLights/ExtLights.c:34:6:ExtLights_MainFunction	8	static
../ApplicationLayer/ExtLights/ExtLights.c:305:15:ExtLights_Init	4	static
../ApplicationLayer/ExtLights/ExtLights.c:333:6:ExtLights_LowBeam	16	static
../ApplicationLayer/ExtLights/ExtLights.c:338:6:ExtLights_HighBeam	16	static
../ApplicationLayer/ExtLights/ExtLights.c:343:6:ExtLights_FogLightFront	16	static
../ApplicationLayer/ExtLights/ExtLights.c:348:6:ExtLights_FogLightRear	16	static
../ApplicationLayer/ExtLights/ExtLights.c:353:6:ExtLights_TurnSignalLeft	16	static
../ApplicationLayer/ExtLights/ExtLights.c:358:6:ExtLights_TurnSignalRight	16	static
../ApplicationLayer/ExtLights/ExtLights.c:363:6:ExtLights_PositionLightRear	16	static
../ApplicationLayer/ExtLights/ExtLights.c:368:6:ExtLights_BrakeLight	16	static
../ApplicationLayer/ExtLights/ExtLights.c:373:6:ExtLights_ReverseLight	16	static
