../ApplicationLayer/ExtLights/ExtLights.c:56:6:ExtLights_TurnSignalHazardLight	8	static
../ApplicationLayer/ExtLights/ExtLights.c:185:6:ExtLights_PrevStateTSHL	8	static
../ApplicationLayer/ExtLights/ExtLights.c:235:6:ExtLights_LightState	8	static
../ApplicationLayer/ExtLights/ExtLights.c:350:6:ExtLights_MainFunction	8	static
../ApplicationLayer/ExtLights/ExtLights.c:358:6:ExtLights_LightSwitchMode	8	static
../ApplicationLayer/ExtLights/ExtLights.c:423:15:ExtLights_Init	4	static
../ApplicationLayer/ExtLights/ExtLights.c:444:8:ExtLights_LightReadSensorValue	16	static
../ApplicationLayer/ExtLights/ExtLights.c:473:6:ExtLights_LowBeam	16	static
../ApplicationLayer/ExtLights/ExtLights.c:480:6:ExtLights_HighBeam	16	static
../ApplicationLayer/ExtLights/ExtLights.c:487:6:ExtLights_DayTimeRunningLight	16	static
../ApplicationLayer/ExtLights/ExtLights.c:494:6:ExtLights_FrontFogLight	16	static
../ApplicationLayer/ExtLights/ExtLights.c:501:6:ExtLights_TurnSignalLeft	16	static
../ApplicationLayer/ExtLights/ExtLights.c:508:6:ExtLights_TurnSignalRight	16	static
../ApplicationLayer/ExtLights/ExtLights.c:515:6:ExtLights_RearPositionLight	16	static
../ApplicationLayer/ExtLights/ExtLights.c:522:6:ExtLights_RearFogLight	16	static
../ApplicationLayer/ExtLights/ExtLights.c:529:6:ExtLights_BrakeLight	16	static
../ApplicationLayer/ExtLights/ExtLights.c:536:6:ExtLights_ReverseLight	16	static
../ApplicationLayer/ExtLights/ExtLights.c:543:6:ExtLights_LicensePlateLight	16	static
