../ApplicationLayer/ExtLights/ExtLights.c:64:6:ExtLightsTurnSignalHazardLight	8	static
../ApplicationLayer/ExtLights/ExtLights.c:193:6:ExtLightsPrevStateTSHL	4	static
../ApplicationLayer/ExtLights/ExtLights.c:240:6:ExtLightsLightState	8	static
../ApplicationLayer/ExtLights/ExtLights.c:319:6:ExtLightsMainFunction	8	static
../ApplicationLayer/ExtLights/ExtLights.c:328:6:ExtLightsLightSwitchMode	8	static
../ApplicationLayer/ExtLights/ExtLights.c:393:15:ExtLightsInit	4	static
../ApplicationLayer/ExtLights/ExtLights.c:424:6:ExtLightsRxBtcState	4	static
../ApplicationLayer/ExtLights/ExtLights.c:439:8:ExtLightsLightReadSensorValue	16	static
../ApplicationLayer/ExtLights/ExtLights.c:468:6:ExtLightsLowBeam	16	static
../ApplicationLayer/ExtLights/ExtLights.c:475:6:ExtLightsHighBeam	16	static
../ApplicationLayer/ExtLights/ExtLights.c:482:6:ExtLightsDayTimeRunningLight	16	static
../ApplicationLayer/ExtLights/ExtLights.c:489:6:ExtLightsFrontFogLight	16	static
../ApplicationLayer/ExtLights/ExtLights.c:496:6:ExtLightsTurnSignalLeft	16	static
../ApplicationLayer/ExtLights/ExtLights.c:503:6:ExtLightsTurnSignalRight	16	static
../ApplicationLayer/ExtLights/ExtLights.c:510:6:ExtLightsRearPositionLight	16	static
../ApplicationLayer/ExtLights/ExtLights.c:517:6:ExtLightsRearFogLight	16	static
../ApplicationLayer/ExtLights/ExtLights.c:524:6:ExtLightsBrakeLight	16	static
../ApplicationLayer/ExtLights/ExtLights.c:531:6:ExtLightsReverseLight	16	static
../ApplicationLayer/ExtLights/ExtLights.c:538:6:ExtLightsLicensePlateLight	16	static
