../ApplicationLayer/ExtLights/ExtLights.c:54:6:ExtLights_TurnSignalHazardLight	8	static
../ApplicationLayer/ExtLights/ExtLights.c:216:6:ExtLights_PrevStateTSHL	8	static
../ApplicationLayer/ExtLights/ExtLights.c:266:6:ExtLights_LightState	8	static
../ApplicationLayer/ExtLights/ExtLights.c:381:6:ExtLights_MainFunction	8	static
../ApplicationLayer/ExtLights/ExtLights.c:389:6:ExtLights_LightSwitchMode	8	static
../ApplicationLayer/ExtLights/ExtLights.c:454:15:ExtLights_Init	4	static
../ApplicationLayer/ExtLights/ExtLights.c:475:8:ExtLights_LightReadSensorValue	16	static
../ApplicationLayer/ExtLights/ExtLights.c:507:6:ExtLights_LowBeam	16	static
../ApplicationLayer/ExtLights/ExtLights.c:514:6:ExtLights_HighBeam	16	static
../ApplicationLayer/ExtLights/ExtLights.c:521:6:ExtLights_DayTimeRunningLight	16	static
../ApplicationLayer/ExtLights/ExtLights.c:528:6:ExtLights_FrontFogLight	16	static
../ApplicationLayer/ExtLights/ExtLights.c:535:6:ExtLights_TurnSignalLeft	16	static
../ApplicationLayer/ExtLights/ExtLights.c:542:6:ExtLights_TurnSignalRight	16	static
../ApplicationLayer/ExtLights/ExtLights.c:549:6:ExtLights_RearPositionLight	16	static
../ApplicationLayer/ExtLights/ExtLights.c:556:6:ExtLights_RearFogLight	16	static
../ApplicationLayer/ExtLights/ExtLights.c:563:6:ExtLights_BrakeLight	16	static
../ApplicationLayer/ExtLights/ExtLights.c:570:6:ExtLights_ReverseLight	16	static
../ApplicationLayer/ExtLights/ExtLights.c:577:6:ExtLights_LicensePlateLight	16	static
