../ApplicationLayer/ExtLights/ExtLights.c:34:6:ExtLights_MainFunction	8	static
../ApplicationLayer/ExtLights/ExtLights.c:321:9:ExtLights_Init	4	static
../ApplicationLayer/ExtLights/ExtLights.c:350:6:ExtLights_LowBeam	16	static
../ApplicationLayer/ExtLights/ExtLights.c:355:6:ExtLights_HighBeam	16	static
../ApplicationLayer/ExtLights/ExtLights.c:360:6:ExtLights_FogLightFront	16	static
../ApplicationLayer/ExtLights/ExtLights.c:365:6:ExtLights_FogLightRear	16	static
../ApplicationLayer/ExtLights/ExtLights.c:371:6:ExtLights_TurnSignalLeft	16	static
../ApplicationLayer/ExtLights/ExtLights.c:376:6:ExtLights_TurnSignalRight	16	static
../ApplicationLayer/ExtLights/ExtLights.c:381:6:ExtLights_PositionLightRear	16	static
../ApplicationLayer/ExtLights/ExtLights.c:386:6:ExtLights_BrakeLight	16	static
../ApplicationLayer/ExtLights/ExtLights.c:391:6:ExtLights_ReverseLight	16	static
