../ApplicationLayer/ExtLights/ExtLights.c:50:6:ExtLightsMainFunction	8	static
../ApplicationLayer/ExtLights/ExtLights.c:58:15:ExtLightsInit	4	static
../ApplicationLayer/ExtLights/ExtLights.c:86:6:ExtLightsLightState	16	static
../ApplicationLayer/ExtLights/ExtLights.c:330:6:ExtLightsRxBtcState	4	static
../ApplicationLayer/ExtLights/ExtLights.c:499:8:ExtLightsLightReadSensorValue	16	static
../ApplicationLayer/ExtLights/ExtLights.c:510:6:ExtLightsLowBeam	16	static
../ApplicationLayer/ExtLights/ExtLights.c:517:6:ExtLightsHighBeam	16	static
../ApplicationLayer/ExtLights/ExtLights.c:524:6:ExtLightsDayTimeRunningLight	16	static
../ApplicationLayer/ExtLights/ExtLights.c:531:6:ExtLightsFrontFogLight	16	static
../ApplicationLayer/ExtLights/ExtLights.c:538:6:ExtLightsTurnSignalLeft	16	static
../ApplicationLayer/ExtLights/ExtLights.c:545:6:ExtLightsTurnSignalRight	16	static
../ApplicationLayer/ExtLights/ExtLights.c:552:6:ExtLightsRearPositionLight	16	static
../ApplicationLayer/ExtLights/ExtLights.c:559:6:ExtLightsRearFogLight	16	static
../ApplicationLayer/ExtLights/ExtLights.c:566:6:ExtLightsBrakeLight	16	static
../ApplicationLayer/ExtLights/ExtLights.c:573:6:ExtLightsReverseLight	16	static
../ApplicationLayer/ExtLights/ExtLights.c:580:6:ExtLightsLicensePlateLight	16	static
