../SystemServices/SystemManager/SystemManager.c:57:6:SystemManager_ProcessFault	16	static
../SystemServices/SystemManager/SystemManager.c:139:6:SystemManager_Init	8	static
../SystemServices/SystemManager/SystemManager.c:152:6:SystemManager_DeInit	8	static
../SystemServices/SystemManager/SystemManager.c:163:15:SystemManager_SetFault	24	static
../SystemServices/SystemManager/SystemManager.c:186:6:SystemManager_MainFunction	8	static
../SystemServices/SystemManager/SystemManager.c:197:6:SystemManager_PerformReset	8	static
../SystemServices/SystemManager/SystemManager.c:209:6:MX_NVIC_Init	8	static
../SystemServices/SystemManager/SystemManager.c:252:6:SystemClock_Config	88	static
../SystemServices/SystemManager/SystemManager.c:296:6:Error_Handler	8	static,ignoring_inline_asm
